###############################################################################
#                                                                             #
# IAR C/C++ Compiler V8.10.1.40194/W32 for 8051         07/Jun/2022  16:46:07 #
# Copyright 2004-2011 IAR Systems AB.                                         #
#                                                                             #
#    Core               =  plain                                              #
#    Code model         =  banked                                             #
#    Data model         =  large                                              #
#    Calling convention =  xdata reentrant                                    #
#    Constant location  =  data_rom                                           #
#    Dptr setup         =  1,16                                               #
#    Source file        =  C:\Texas Instruments\ZStack-CC2530-2.5.1a\Projects #
#                          \zstack\Samples\GenericApp\Source\GenericApp.c     #
#    Command line       =  -f "C:\Texas Instruments\ZStack-CC2530-2.5.1a\Proj #
#                          ects\zstack\Samples\GenericApp\CC2530DB\..\..\..\T #
#                          ools\CC2530DB\f8wRouter.cfg" (-DCPU32MHZ           #
#                          -DROOT=__near_func -DMAC_CFG_APP_PENDING_QUEUE=TRU #
#                          E -DMAC_CFG_TX_DATA_MAX=5 -DMAC_CFG_TX_MAX=8       #
#                          -DMAC_CFG_RX_MAX=5 -DRTR_NWK) -f "C:\Texas         #
#                          Instruments\ZStack-CC2530-2.5.1a\Projects\zstack\S #
#                          amples\GenericApp\CC2530DB\..\..\..\Tools\CC2530DB #
#                          \f8wConfig.cfg" (-DZIGBEEPRO -DSECURE=0            #
#                          -DZG_SECURE_DYNAMIC=0 -DREFLECTOR                  #
#                          -DDEFAULT_CHANLIST=0x00000800                      #
#                          -DZDAPP_CONFIG_PAN_ID=0xFFFF                       #
#                          -DNWK_START_DELAY=100 -DEXTENDED_JOINING_RANDOM_MA #
#                          SK=0x007F -DBEACON_REQUEST_DELAY=100               #
#                          -DBEACON_REQ_DELAY_MASK=0x00FF                     #
#                          -DLINK_STATUS_JITTER_MASK=0x007F                   #
#                          -DROUTE_EXPIRY_TIME=30 -DAPSC_ACK_WAIT_DURATION_PO #
#                          LLED=3000 -DNWK_INDIRECT_MSG_TIMEOUT=7             #
#                          -DMAX_RREQ_ENTRIES=8 -DAPSC_MAX_FRAME_RETRIES=3    #
#                          -DNWK_MAX_DATA_RETRIES=2                           #
#                          -DMAX_POLL_FAILURE_RETRIES=2 -DMAX_BCAST=9         #
#                          -DAPS_MAX_GROUPS=16 -DMAX_RTG_ENTRIES=40           #
#                          -DNWK_MAX_BINDING_ENTRIES=4                        #
#                          -DMAX_BINDING_CLUSTER_IDS=4 "-DDEFAULT_KEY={0x01,  #
#                          0x03, 0x05, 0x07, 0x09, 0x0B, 0x0D, 0x0F, 0x00,    #
#                          0x02, 0x04, 0x06, 0x08, 0x0A, 0x0C, 0x0D}"         #
#                          -DMAC_MAX_FRAME_SIZE=116                           #
#                          -DZDNWKMGR_MIN_TRANSMISSIONS=20 "-DCONST=const     #
#                          __code" -DGENERIC=__generic                        #
#                          -DRFD_RCVC_ALWAYS_ON=FALSE -DPOLL_RATE=1000        #
#                          -DQUEUED_POLL_RATE=100 -DRESPONSE_POLL_RATE=100)   #
#                          -DREJOIN_POLL_RATE=440 "C:\Texas                   #
#                          Instruments\ZStack-CC2530-2.5.1a\Projects\zstack\S #
#                          amples\GenericApp\Source\GenericApp.c" -D          #
#                          ZTOOL_P1 -D xMT_TASK -D MT_SYS_FUNC -D             #
#                          MT_ZDO_FUNC -D xLCD_SUPPORTED=DEBUG -lC "C:\Texas  #
#                          Instruments\ZStack-CC2530-2.5.1a\Projects\zstack\S #
#                          amples\GenericApp\CC2530DB\RouterEB\List\" -lA     #
#                          "C:\Texas Instruments\ZStack-CC2530-2.5.1a\Project #
#                          s\zstack\Samples\GenericApp\CC2530DB\RouterEB\List #
#                          \" --diag_suppress Pe001,Pa010 -o "C:\Texas        #
#                          Instruments\ZStack-CC2530-2.5.1a\Projects\zstack\S #
#                          amples\GenericApp\CC2530DB\RouterEB\Obj\" -e       #
#                          --no_code_motion --debug --core=plain --dptr=16,1  #
#                          --data_model=large --code_model=banked             #
#                          --calling_convention=xdata_reentrant               #
#                          --place_constants=data_rom --nr_virtual_regs 16    #
#                          -I "C:\Texas Instruments\ZStack-CC2530-2.5.1a\Proj #
#                          ects\zstack\Samples\GenericApp\CC2530DB\" -I       #
#                          "C:\Texas Instruments\ZStack-CC2530-2.5.1a\Project #
#                          s\zstack\Samples\GenericApp\CC2530DB\..\Source\"   #
#                          -I "C:\Texas Instruments\ZStack-CC2530-2.5.1a\Proj #
#                          ects\zstack\Samples\GenericApp\CC2530DB\..\..\..\Z #
#                          Main\TI2530DB\" -I "C:\Texas                       #
#                          Instruments\ZStack-CC2530-2.5.1a\Projects\zstack\S #
#                          amples\GenericApp\CC2530DB\..\..\..\..\..\Componen #
#                          ts\hal\include\" -I "C:\Texas                      #
#                          Instruments\ZStack-CC2530-2.5.1a\Projects\zstack\S #
#                          amples\GenericApp\CC2530DB\..\..\..\..\..\Componen #
#                          ts\hal\target\CC2530EB\" -I "C:\Texas              #
#                          Instruments\ZStack-CC2530-2.5.1a\Projects\zstack\S #
#                          amples\GenericApp\CC2530DB\..\..\..\..\..\Componen #
#                          ts\mac\include\" -I "C:\Texas                      #
#                          Instruments\ZStack-CC2530-2.5.1a\Projects\zstack\S #
#                          amples\GenericApp\CC2530DB\..\..\..\..\..\Componen #
#                          ts\mac\high_level\" -I "C:\Texas                   #
#                          Instruments\ZStack-CC2530-2.5.1a\Projects\zstack\S #
#                          amples\GenericApp\CC2530DB\..\..\..\..\..\Componen #
#                          ts\mac\low_level\srf04\" -I "C:\Texas              #
#                          Instruments\ZStack-CC2530-2.5.1a\Projects\zstack\S #
#                          amples\GenericApp\CC2530DB\..\..\..\..\..\Componen #
#                          ts\mac\low_level\srf04\single_chip\" -I "C:\Texas  #
#                          Instruments\ZStack-CC2530-2.5.1a\Projects\zstack\S #
#                          amples\GenericApp\CC2530DB\..\..\..\..\..\Componen #
#                          ts\mt\" -I "C:\Texas Instruments\ZStack-CC2530-2.5 #
#                          .1a\Projects\zstack\Samples\GenericApp\CC2530DB\.. #
#                          \..\..\..\..\Components\osal\include\" -I          #
#                          "C:\Texas Instruments\ZStack-CC2530-2.5.1a\Project #
#                          s\zstack\Samples\GenericApp\CC2530DB\..\..\..\..\. #
#                          .\Components\services\saddr\" -I "C:\Texas         #
#                          Instruments\ZStack-CC2530-2.5.1a\Projects\zstack\S #
#                          amples\GenericApp\CC2530DB\..\..\..\..\..\Componen #
#                          ts\services\sdata\" -I "C:\Texas                   #
#                          Instruments\ZStack-CC2530-2.5.1a\Projects\zstack\S #
#                          amples\GenericApp\CC2530DB\..\..\..\..\..\Componen #
#                          ts\stack\af\" -I "C:\Texas                         #
#                          Instruments\ZStack-CC2530-2.5.1a\Projects\zstack\S #
#                          amples\GenericApp\CC2530DB\..\..\..\..\..\Componen #
#                          ts\stack\nwk\" -I "C:\Texas                        #
#                          Instruments\ZStack-CC2530-2.5.1a\Projects\zstack\S #
#                          amples\GenericApp\CC2530DB\..\..\..\..\..\Componen #
#                          ts\stack\sapi\" -I "C:\Texas                       #
#                          Instruments\ZStack-CC2530-2.5.1a\Projects\zstack\S #
#                          amples\GenericApp\CC2530DB\..\..\..\..\..\Componen #
#                          ts\stack\sec\" -I "C:\Texas                        #
#                          Instruments\ZStack-CC2530-2.5.1a\Projects\zstack\S #
#                          amples\GenericApp\CC2530DB\..\..\..\..\..\Componen #
#                          ts\stack\sys\" -I "C:\Texas                        #
#                          Instruments\ZStack-CC2530-2.5.1a\Projects\zstack\S #
#                          amples\GenericApp\CC2530DB\..\..\..\..\..\Componen #
#                          ts\stack\zdo\" -I "C:\Texas                        #
#                          Instruments\ZStack-CC2530-2.5.1a\Projects\zstack\S #
#                          amples\GenericApp\CC2530DB\..\..\..\..\..\Componen #
#                          ts\zmac\" -I "C:\Texas Instruments\ZStack-CC2530-2 #
#                          .5.1a\Projects\zstack\Samples\GenericApp\CC2530DB\ #
#                          ..\..\..\..\..\Components\zmac\f8w\" -Ohz          #
#    List file          =  C:\Texas Instruments\ZStack-CC2530-2.5.1a\Projects #
#                          \zstack\Samples\GenericApp\CC2530DB\RouterEB\List\ #
#                          GenericApp.lst                                     #
#    Object file        =  C:\Texas Instruments\ZStack-CC2530-2.5.1a\Projects #
#                          \zstack\Samples\GenericApp\CC2530DB\RouterEB\Obj\G #
#                          enericApp.r51                                      #
#                                                                             #
#                                                                             #
###############################################################################

C:\Texas Instruments\ZStack-CC2530-2.5.1a\Projects\zstack\Samples\GenericApp\Source\GenericApp.c
      1          /******************************************************************************
      2            Filename:       GenericApp.c
      3            Revised:        $Date: 2012-03-07 01:04:58 -0800 (Wed, 07 Mar 2012) $
      4            Revision:       $Revision: 29656 $
      5          
      6            Description:    Generic Application (no Profile).
      7          
      8          
      9            Copyright 2004-2012 Texas Instruments Incorporated. All rights reserved.
     10          
     11            IMPORTANT: Your use of this Software is limited to those specific rights
     12            granted under the terms of a software license agreement between the user
     13            who downloaded the software, his/her employer (which must be your employer)
     14            and Texas Instruments Incorporated (the "License"). You may not use this
     15            Software unless you agree to abide by the terms of the License. The License
     16            limits your use, and you acknowledge, that the Software may not be modified,
     17            copied or distributed unless embedded on a Texas Instruments microcontroller
     18            or used solely and exclusively in conjunction with a Texas Instruments radio
     19            frequency transceiver, which is integrated into your product. Other than for
     20            the foregoing purpose, you may not use, reproduce, copy, prepare derivative
     21            works of, modify, distribute, perform, display or sell this Software and/or
     22            its documentation for any purpose.
     23          
     24            YOU FURTHER ACKNOWLEDGE AND AGREE THAT THE SOFTWARE AND DOCUMENTATION ARE
     25            PROVIDED 揂S IS?WITHOUT WARRANTY OF ANY KIND, EITHER EXPRESS OR IMPLIED,
     26            INCLUDING WITHOUT LIMITATION, ANY WARRANTY OF MERCHANTABILITY, TITLE,
     27            NON-INFRINGEMENT AND FITNESS FOR A PARTICULAR PURPOSE. IN NO EVENT SHALL
     28            TEXAS INSTRUMENTS OR ITS LICENSORS BE LIABLE OR OBLIGATED UNDER CONTRACT,
     29            NEGLIGENCE, STRICT LIABILITY, CONTRIBUTION, BREACH OF WARRANTY, OR OTHER
     30            LEGAL EQUITABLE THEORY ANY DIRECT OR INDIRECT DAMAGES OR EXPENSES
     31            INCLUDING BUT NOT LIMITED TO ANY INCIDENTAL, SPECIAL, INDIRECT, PUNITIVE
     32            OR CONSEQUENTIAL DAMAGES, LOST PROFITS OR LOST DATA, COST OF PROCUREMENT
     33            OF SUBSTITUTE GOODS, TECHNOLOGY, SERVICES, OR ANY CLAIMS BY THIRD PARTIES
     34            (INCLUDING BUT NOT LIMITED TO ANY DEFENSE THEREOF), OR OTHER SIMILAR COSTS.
     35          
     36            Should you have any questions regarding your right to use this Software,
     37            contact Texas Instruments Incorporated at www.TI.com.
     38          ******************************************************************************/
     39          
     40          /*********************************************************************
     41            This application isn't intended to do anything useful, it is
     42            intended to be a simple example of an application's structure.
     43          
     44            This application sends "Hello World" to another "Generic"
     45            application every 5 seconds.  The application will also
     46            receives "Hello World" packets.
     47          
     48            The "Hello World" messages are sent/received as MSG type message.
     49          
     50            This applications doesn't have a profile, so it handles everything
     51            directly - itself.
     52          
     53            Key control:
     54              SW1:
     55              SW2:  initiates end device binding
     56              SW3:
     57              SW4:  initiates a match description request
     58          *********************************************************************/
     59          
     60          /*********************************************************************
     61           * INCLUDES
     62           */
     63          #include "OSAL.h"
     64          #include "AF.h"
     65          #include "ZDApp.h"
     66          #include "ZDObject.h"
     67          #include "ZDProfile.h"
     68          
     69          #include "GenericApp.h"
     70          #include "DebugTrace.h"
     71          
     72          #if !defined( WIN32 )
     73            #include "OnBoard.h"
     74          #endif
     75          
     76          /* HAL */
     77          #include "hal_lcd.h"
     78          #include "hal_led.h"
     79          #include "hal_key.h"
     80          #include "hal_uart.h"
     81          #include "MT_uart.h"
     82          #include "MT.h"
     83          //#include "init.h"
     84          /* RTOS */
     85          #if defined( IAR_ARMCM3_LM )
     86          #include "RTOS_App.h"
     87          #endif
     88          
     89          /*********************************************************************
     90           * MACROS
     91           */
     92          
     93          /*********************************************************************
     94           * CONSTANTS
     95           */
     96          
     97          /*********************************************************************
     98           * TYPEDEFS
     99           */
    100          
    101          /*********************************************************************
    102           * GLOBAL VARIABLES
    103           */
    104          // This list should be filled with Application specific Cluster IDs.

   \                                 In  segment XDATA_ROM_C, align 1
    105          const cId_t GenericApp_ClusterList[GENERICAPP_MAX_CLUSTERS] =
   \                     GenericApp_ClusterList:
   \   000000   0100         DW 1
    106          {
    107            GENERICAPP_CLUSTERID
    108          };
    109          

   \                                 In  segment XDATA_ROM_C, align 1
    110          const SimpleDescriptionFormat_t GenericApp_SimpleDesc =
   \                     GenericApp_SimpleDesc:
   \   000000   0A           DB 10
   \   000001   040F         DW 3844
   \   000003   0100         DW 1
   \   000005   00           DB 0
   \   000006   01           DB 1
   \   000007   ....         DW GenericApp_ClusterList
   \   000009   01           DB 1
   \   00000A   ....         DW GenericApp_ClusterList
    111          {
    112            GENERICAPP_ENDPOINT,              //  int Endpoint;
    113            GENERICAPP_PROFID,                //  uint16 AppProfId[2];
    114            GENERICAPP_DEVICEID,              //  uint16 AppDeviceId[2];
    115            GENERICAPP_DEVICE_VERSION,        //  int   AppDevVer:4;
    116            GENERICAPP_FLAGS,                 //  int   AppFlags:4;
    117            GENERICAPP_MAX_CLUSTERS,          //  byte  AppNumInClusters;
    118            (cId_t *)GenericApp_ClusterList,  //  byte *pAppInClusterList;
    119            GENERICAPP_MAX_CLUSTERS,          //  byte  AppNumInClusters;
    120            (cId_t *)GenericApp_ClusterList   //  byte *pAppInClusterList;
    121          };
    122          
    123          // This is the Endpoint/Interface description.  It is defined here, but
    124          // filled-in in GenericApp_Init().  Another way to go would be to fill
    125          // in the structure here and make it a "const" (in code space).  The
    126          // way it's defined in this sample app it is define in RAM.

   \                                 In  segment XDATA_Z, align 1, keep-with-next
    127          endPointDesc_t GenericApp_epDesc;
   \                     GenericApp_epDesc:
   \   000000                DS 6
   \   000006                REQUIRE __INIT_XDATA_Z
    128          
    129          /*********************************************************************
    130           * EXTERNAL VARIABLES
    131           */
    132          
    133          /*********************************************************************
    134           * EXTERNAL FUNCTIONS
    135           */
    136          
    137          /*********************************************************************
    138           * LOCAL VARIABLES
    139           */

   \                                 In  segment XDATA_Z, align 1, keep-with-next
    140          byte GenericApp_TaskID;   // Task ID for internal task/event processing
   \                     GenericApp_TaskID:
   \   000000                DS 1
   \   000001                REQUIRE __INIT_XDATA_Z
    141                                    // This variable will be received when
    142                                    // GenericApp_Init() is called.

   \                                 In  segment XDATA_Z, align 1, keep-with-next
    143          devStates_t GenericApp_NwkState;
   \                     GenericApp_NwkState:
   \   000000                DS 1
   \   000001                REQUIRE __INIT_XDATA_Z
    144          
    145          

   \                                 In  segment XDATA_Z, align 1, keep-with-next
    146          byte GenericApp_TransID;  // This is the unique message ID (counter)
   \                     GenericApp_TransID:
   \   000000                DS 1
   \   000001                REQUIRE __INIT_XDATA_Z
    147          

   \                                 In  segment XDATA_Z, align 1, keep-with-next
    148          afAddrType_t GenericApp_DstAddr;
   \                     GenericApp_DstAddr:
   \   000000                DS 12
   \   00000C                REQUIRE __INIT_XDATA_Z
    149          
    150          /*********************************************************************
    151           * LOCAL FUNCTIONS
    152           */
    153          static void GenericApp_UartRxMsgs(mtOSALSerialData_t *rxpkt);//串口接收服务函数
    154          static void GenericApp_ProcessZDOMsgs( zdoIncomingMsg_t *inMsg );
    155          static void GenericApp_HandleKeys( byte shift, byte keys );
    156          static void GenericApp_MessageMSGCB( afIncomingMSGPacket_t *pckt );
    157          static void GenericApp_SendTheMessage( void );
    158          //test
    159          
    160          #if defined( IAR_ARMCM3_LM )
    161          static void GenericApp_ProcessRtosMessage( void );
    162          #endif
    163          
    164          /*********************************************************************
    165           * NETWORK LAYER CALLBACKS
    166           */
    167          
    168          /*********************************************************************
    169           * PUBLIC FUNCTIONS
    170           */
    171          
    172          /*********************************************************************
    173           * @fn      GenericApp_Init
    174           *
    175           * @brief   Initialization function for the Generic App Task.
    176           *          This is called during initialization and should contain
    177           *          any application specific initialization (ie. hardware
    178           *          initialization/setup, table initialization, power up
    179           *          notificaiton ... ).
    180           *
    181           * @param   task_id - the ID assigned by OSAL.  This ID should be
    182           *                    used to send messages and set timers.
    183           *
    184           * @return  none
    185           */
    186          static void GenericApp_UartRxMsgs(mtOSALSerialData_t *rxpkt){
    187            uint8 len,*UartRxBuffer=NULL;
    188            UartRxBuffer = rxpkt->msg;
    189            len = *UartRxBuffer;
    190            HalUARTWrite(0,UartRxBuffer+1,len);
    191            HalUARTWrite(0,"\r\n",2);
    192          }

   \                                 In  segment BANKED_CODE, align 1, keep-with-next
    193          void GenericApp_Init( uint8 task_id )
   \                     GenericApp_Init:
    194          {
   \   000000   74F7         MOV     A,#-0x9
   \   000002   12....       LCALL   ?BANKED_ENTER_XDATA
   \   000005                ; Saved register size: 9
   \   000005                ; Auto size: 0
   \   000005   E9           MOV     A,R1
   \   000006   FE           MOV     R6,A
    195            GenericApp_TaskID = task_id;
   \   000007   90....       MOV     DPTR,#GenericApp_TaskID
   \   00000A   F0           MOVX    @DPTR,A
    196            GenericApp_NwkState = DEV_INIT;
   \   00000B   90....       MOV     DPTR,#GenericApp_NwkState
   \   00000E   7401         MOV     A,#0x1
   \   000010   F0           MOVX    @DPTR,A
    197            GenericApp_TransID = 0;
   \   000011   90....       MOV     DPTR,#GenericApp_TransID
   \   000014   E4           CLR     A
   \   000015   F0           MOVX    @DPTR,A
    198            MT_UartInit();
   \   000016                ; Setup parameters for call to function MT_UartInit
   \   000016   12....       LCALL   ??MT_UartInit?relay
    199            MT_UartRegisterTaskID(task_id);
   \   000019                ; Setup parameters for call to function MT_UartRegisterTaskID
   \   000019   EE           MOV     A,R6
   \   00001A   F9           MOV     R1,A
   \   00001B   12....       LCALL   ??MT_UartRegisterTaskID?relay
    200            HalUARTWrite(0,"hello!",6);
   \   00001E                ; Setup parameters for call to function HalUARTWrite
   \   00001E   7C06         MOV     R4,#0x6
   \   000020   7D00         MOV     R5,#0x0
   \   000022   7A..         MOV     R2,#`?<Constant "hello!">` & 0xff
   \   000024   7B..         MOV     R3,#(`?<Constant "hello!">` >> 8) & 0xff
   \   000026   7900         MOV     R1,#0x0
   \   000028   12....       LCALL   ??HalUARTWrite?relay
    201            // Device hardware initialization can be added here or in main() (Zmain.c).
    202            // If the hardware is application specific - add it here.
    203            // If the hardware is other parts of the device add it in main().
    204          
    205            GenericApp_DstAddr.addrMode = (afAddrMode_t)AddrNotPresent;
   \   00002B   90....       MOV     DPTR,#GenericApp_DstAddr + 8
   \   00002E   E4           CLR     A
   \   00002F   F0           MOVX    @DPTR,A
    206            GenericApp_DstAddr.endPoint = 0;
   \   000030   A3           INC     DPTR
   \   000031   F0           MOVX    @DPTR,A
    207            GenericApp_DstAddr.addr.shortAddr = 0;
   \   000032   90....       MOV     DPTR,#GenericApp_DstAddr
   \   000035   F0           MOVX    @DPTR,A
   \   000036   A3           INC     DPTR
   \   000037   F0           MOVX    @DPTR,A
    208          
    209            // Fill out the endpoint description.
    210            GenericApp_epDesc.endPoint = GENERICAPP_ENDPOINT;
   \   000038   90....       MOV     DPTR,#GenericApp_epDesc
   \   00003B   740A         MOV     A,#0xa
   \   00003D   F0           MOVX    @DPTR,A
    211            GenericApp_epDesc.task_id = &GenericApp_TaskID;
   \   00003E   A3           INC     DPTR
   \   00003F   74..         MOV     A,#GenericApp_TaskID & 0xff
   \   000041   F0           MOVX    @DPTR,A
   \   000042   A3           INC     DPTR
   \   000043   74..         MOV     A,#(GenericApp_TaskID >> 8) & 0xff
   \   000045   F0           MOVX    @DPTR,A
    212            GenericApp_epDesc.simpleDesc
    213                      = (SimpleDescriptionFormat_t *)&GenericApp_SimpleDesc;
   \   000046   A3           INC     DPTR
   \   000047   74..         MOV     A,#GenericApp_SimpleDesc & 0xff
   \   000049   F0           MOVX    @DPTR,A
   \   00004A   A3           INC     DPTR
   \   00004B   74..         MOV     A,#(GenericApp_SimpleDesc >> 8) & 0xff
   \   00004D   F0           MOVX    @DPTR,A
    214            GenericApp_epDesc.latencyReq = noLatencyReqs;
   \   00004E   A3           INC     DPTR
   \   00004F   E4           CLR     A
   \   000050   F0           MOVX    @DPTR,A
    215          
    216            // Register the endpoint description with the AF
    217            afRegister( &GenericApp_epDesc );
   \   000051                ; Setup parameters for call to function afRegister
   \   000051   7A..         MOV     R2,#GenericApp_epDesc & 0xff
   \   000053   7B..         MOV     R3,#(GenericApp_epDesc >> 8) & 0xff
   \   000055   12....       LCALL   ??afRegister?relay
    218          
    219            // Register for all key events - This app will handle all key events
    220            RegisterForKeys( GenericApp_TaskID );
   \   000058                ; Setup parameters for call to function RegisterForKeys
   \   000058   90....       MOV     DPTR,#GenericApp_TaskID
   \   00005B   E0           MOVX    A,@DPTR
   \   00005C   F9           MOV     R1,A
   \   00005D   12....       LCALL   ??RegisterForKeys?relay
    221          
    222            // Update the display
    223          #if defined ( LCD_SUPPORTED )
    224            HalLcdWriteString( "GenericApp", HAL_LCD_LINE_1 );
    225          #endif
    226          
    227            ZDO_RegisterForZDOMsg( GenericApp_TaskID, End_Device_Bind_rsp );
   \   000060                ; Setup parameters for call to function ZDO_RegisterForZDOMsg
   \   000060   7A20         MOV     R2,#0x20
   \   000062   7B80         MOV     R3,#-0x80
   \   000064   90....       MOV     DPTR,#GenericApp_TaskID
   \   000067   E0           MOVX    A,@DPTR
   \   000068   F9           MOV     R1,A
   \   000069   12....       LCALL   ??ZDO_RegisterForZDOMsg?relay
    228            ZDO_RegisterForZDOMsg( GenericApp_TaskID, Match_Desc_rsp );
   \   00006C                ; Setup parameters for call to function ZDO_RegisterForZDOMsg
   \   00006C   7A06         MOV     R2,#0x6
   \   00006E   7B80         MOV     R3,#-0x80
   \   000070   90....       MOV     DPTR,#GenericApp_TaskID
   \   000073   E0           MOVX    A,@DPTR
   \   000074   F9           MOV     R1,A
   \   000075   12....       LCALL   ??ZDO_RegisterForZDOMsg?relay
    229          
    230          #if defined( IAR_ARMCM3_LM )
    231            // Register this task with RTOS task initiator
    232            RTOS_RegisterApp( task_id, GENERICAPP_RTOS_MSG_EVT );
    233          #endif
    234          }
   \   000078   7F01         MOV     R7,#0x1
   \   00007A   02....       LJMP    ?BANKED_LEAVE_XDATA
    235          
    236          /*********************************************************************
    237           * @fn      GenericApp_ProcessEvent
    238           *
    239           * @brief   Generic Application Task event processor.  This function
    240           *          is called to process all events for the task.  Events
    241           *          include timers, messages and any other user defined events.
    242           *
    243           * @param   task_id  - The OSAL assigned task ID.
    244           * @param   events - events to process.  This is a bit map and can
    245           *                   contain more than one event.
    246           *
    247           * @return  none
    248           */

   \                                 In  segment BANKED_CODE, align 1, keep-with-next
    249          uint16 GenericApp_ProcessEvent( uint8 task_id, uint16 events )
   \                     GenericApp_ProcessEvent:
    250          {
   \   000000   74F2         MOV     A,#-0xe
   \   000002   12....       LCALL   ?BANKED_ENTER_XDATA
   \   000005                ; Saved register size: 14
   \   000005                ; Auto size: 12
   \   000005   74F4         MOV     A,#-0xc
   \   000007   12....       LCALL   ?ALLOC_XSTACK8
   \   00000A   EA           MOV     A,R2
   \   00000B   FE           MOV     R6,A
   \   00000C   EB           MOV     A,R3
   \   00000D   FF           MOV     R7,A
    251            afIncomingMSGPacket_t *MSGpkt;
    252            afDataConfirm_t *afDataConfirm;
    253          
    254            // Data Confirmation message fields
    255            byte sentEP;
    256            ZStatus_t sentStatus;
    257            byte sentTransID;       // This should match the value sent
    258            (void)task_id;  // Intentionally unreferenced parameter
    259          
    260            if ( events & SYS_EVENT_MSG )
   \   00000E   5480         ANL     A,#0x80
   \   000010   7003         JNZ     $+5
   \   000012   02....       LJMP    ??GenericApp_ProcessEvent_0 & 0xFFFF
    261            {
    262              MSGpkt = (afIncomingMSGPacket_t *)osal_msg_receive( GenericApp_TaskID );
   \   000015                ; Setup parameters for call to function osal_msg_receive
   \   000015   8040         SJMP    ??GenericApp_ProcessEvent_1
    263              while ( MSGpkt )
    264              {
    265                switch ( MSGpkt->hdr.event )
    266                {
    267                  case ZDO_CB_MSG:
    268                    GenericApp_ProcessZDOMsgs( (zdoIncomingMsg_t *)MSGpkt );
    269                    break;
    270                  // 按键改变的处理
    271                  case KEY_CHANGE:
    272          //          // 亮灯
    273          //          HalLedBlink(HAL_LED_2,1,HAL_LED_DEFAULT_DUTY_CYCLE, HAL_LED_DEFAULT_FLASH_TIME);
    274          //          // 发送串口数据
    275          //          HalUARTWrite(0,"hello!",6);
    276                    GenericApp_HandleKeys( ((keyChange_t *)MSGpkt)->state, ((keyChange_t *)MSGpkt)->keys );
    277                    break;
    278          
    279                  case AF_DATA_CONFIRM_CMD:
    280                    // This message is received as a confirmation of a data packet sent.
    281                    // The status is of ZStatus_t type [defined in ZComDef.h]
    282                    // The message fields are defined in AF.h
    283                    afDataConfirm = (afDataConfirm_t *)MSGpkt;
    284                    sentEP = afDataConfirm->endpoint;
    285                    sentStatus = afDataConfirm->hdr.status;
    286                    sentTransID = afDataConfirm->transID;
    287                    (void)sentEP;
    288                    (void)sentTransID;
    289          
    290                    // Action taken when confirmation is received.
    291                    if ( sentStatus != ZSuccess )
    292                    {
    293                      // The data wasn't delivered -- Do something
    294                    }
    295                    break;
    296          
    297                  case AF_INCOMING_MSG_CMD:
    298                    GenericApp_MessageMSGCB( MSGpkt );
    299                    break;
    300          
    301                  case ZDO_STATE_CHANGE:
    302                    break;
    303          //          GenericApp_NwkState = (devStates_t)(MSGpkt->hdr.status);
    304          ////          if ( (GenericApp_NwkState == DEV_ZB_COORD)
    305          ////              || (GenericApp_NwkState == DEV_ROUTER)
    306          ////              || (GenericApp_NwkState == DEV_END_DEVICE) )
    307          ////          {
    308          ////            // Start sending "the" message in a regular interval.
    309          ////            osal_start_timerEx( GenericApp_TaskID,
    310          ////                                GENERICAPP_SEND_MSG_EVT,
    311          ////                                GENERICAPP_SEND_MSG_TIMEOUT );
    312          ////          }
    313          //          if(GenericApp_NwkState == DEV_ZB_COORD){
    314          //            D3 = 1;
    315          //          }else if(GenericApp_NwkState == DEV_ROUTER){
    316          //            D4 = 1;
    317          //          }else if(GenericApp_NwkState == DEV_END_DEVICE){
    318          //            D5 = 1;
    319          //          }
    320          //          break;
    321                  case CMD_SERIAL_MSG://接收到串口信息处理函数
    322                    HalLedBlink(HAL_LED_1,1,HAL_LED_DEFAULT_DUTY_CYCLE, HAL_LED_DEFAULT_FLASH_TIME);
   \                     ??GenericApp_ProcessEvent_2:
   \   000017                ; Setup parameters for call to function HalLedBlink
   \   000017   7CE8         MOV     R4,#-0x18
   \   000019   7D03         MOV     R5,#0x3
   \   00001B   7B05         MOV     R3,#0x5
   \   00001D   7A01         MOV     R2,#0x1
   \   00001F   7901         MOV     R1,#0x1
   \   000021   12....       LCALL   ??HalLedBlink?relay
    323                    GenericApp_UartRxMsgs( (mtOSALSerialData_t *)MSGpkt );
   \   000024   85..82       MOV     DPL,?V0 + 0
   \   000027   85..83       MOV     DPH,?V0 + 1
   \   00002A   A3           INC     DPTR
   \   00002B   A3           INC     DPTR
   \   00002C   E0           MOVX    A,@DPTR
   \   00002D   F8           MOV     R0,A
   \   00002E   A3           INC     DPTR
   \   00002F   E0           MOVX    A,@DPTR
   \   000030   F9           MOV     R1,A
   \   000031   8882         MOV     DPL,R0
   \   000033   8983         MOV     DPH,R1
   \   000035                ; Setup parameters for call to function HalUARTWrite
   \   000035   E0           MOVX    A,@DPTR
   \   000036   FC           MOV     R4,A
   \   000037   7D00         MOV     R5,#0x0
   \   000039   A3           INC     DPTR
   \   00003A   AA82         MOV     R2,DPL
   \   00003C   AB83         MOV     R3,DPH
   \   00003E   7900         MOV     R1,#0x0
   \   000040   12....       LCALL   ??HalUARTWrite?relay
   \   000043                ; Setup parameters for call to function HalUARTWrite
   \   000043   7C02         MOV     R4,#0x2
   \   000045   7D00         MOV     R5,#0x0
   \   000047   7A..         MOV     R2,#`?<Constant "\\r\\n">` & 0xff
   \   000049   7B..         MOV     R3,#(`?<Constant "\\r\\n">` >> 8) & 0xff
   \   00004B   7900         MOV     R1,#0x0
   \   00004D   12....       LCALL   ??HalUARTWrite?relay
    324                  default:
    325                    break;
    326                }
    327          
    328                // Release the memory
    329                osal_msg_deallocate( (uint8 *)MSGpkt );
   \                     ??GenericApp_ProcessEvent_3:
   \   000050                ; Setup parameters for call to function osal_msg_deallocate
   \   000050   AA..         MOV     R2,?V0 + 0
   \   000052   AB..         MOV     R3,?V0 + 1
   \   000054   12....       LCALL   ??osal_msg_deallocate?relay
    330          
    331                // Next
    332                MSGpkt = (afIncomingMSGPacket_t *)osal_msg_receive( GenericApp_TaskID );
   \   000057                ; Setup parameters for call to function osal_msg_receive
   \                     ??GenericApp_ProcessEvent_1:
   \   000057   90....       MOV     DPTR,#GenericApp_TaskID
   \   00005A   E0           MOVX    A,@DPTR
   \   00005B   F9           MOV     R1,A
   \   00005C   12....       LCALL   ??osal_msg_receive?relay
   \   00005F   8A..         MOV     ?V0 + 0,R2
   \   000061   8B..         MOV     ?V0 + 1,R3
   \   000063   E5..         MOV     A,?V0 + 0
   \   000065   45..         ORL     A,?V0 + 1
   \   000067   7003         JNZ     $+5
   \   000069   02....       LJMP    ??GenericApp_ProcessEvent_4 & 0xFFFF
   \   00006C   85..82       MOV     DPL,?V0 + 0
   \   00006F   85..83       MOV     DPH,?V0 + 1
   \   000072   E0           MOVX    A,@DPTR
   \   000073   14           DEC     A
   \   000074   60A1         JZ      ??GenericApp_ProcessEvent_2
   \   000076   2441         ADD     A,#0x41
   \   000078   7003         JNZ     $+5
   \   00007A   02....       LJMP    ??GenericApp_ProcessEvent_5 & 0xFFFF
   \   00007D   24ED         ADD     A,#-0x13
   \   00007F   70CF         JNZ     ??GenericApp_ProcessEvent_3
   \   000081   E5..         MOV     A,?V0 + 0
   \   000083   240C         ADD     A,#0xc
   \   000085   F582         MOV     DPL,A
   \   000087   E5..         MOV     A,?V0 + 1
   \   000089   3400         ADDC    A,#0x0
   \   00008B   F583         MOV     DPH,A
   \   00008D   E0           MOVX    A,@DPTR
   \   00008E   F5..         MOV     ?V0 + 2,A
   \   000090   A3           INC     DPTR
   \   000091   E0           MOVX    A,@DPTR
   \   000092   F5..         MOV     ?V0 + 3,A
   \   000094   78..         MOV     R0,#?V0 + 2
   \   000096   12....       LCALL   ?US_SWITCH_SPARSE
   \                     `?<Jumptable for GenericApp_ProcessEvent>_0`:
   \   000099   0000         DW        0
   \   00009B   0200         DW        2
   \   00009D   0680         DW        32774
   \   00009F   ....         DW        ??GenericApp_ProcessEvent_6
   \   0000A1   2080         DW        32800
   \   0000A3   ....         DW        ??GenericApp_ProcessEvent_7
   \   0000A5   ....         DW        ??GenericApp_ProcessEvent_3
   \                     ??GenericApp_ProcessEvent_6:
   \   0000A7                ; Setup parameters for call to function ZDO_ParseEPListRsp
   \   0000A7   AA..         MOV     R2,?V0 + 0
   \   0000A9   AB..         MOV     R3,?V0 + 1
   \   0000AB   12....       LCALL   ??ZDO_ParseEPListRsp?relay
   \   0000AE   8A..         MOV     ?V0 + 2,R2
   \   0000B0   8B..         MOV     ?V0 + 3,R3
   \   0000B2   EA           MOV     A,R2
   \   0000B3   45..         ORL     A,?V0 + 3
   \   0000B5   6099         JZ      ??GenericApp_ProcessEvent_3
   \   0000B7   8A82         MOV     DPL,R2
   \   0000B9   8B83         MOV     DPH,R3
   \   0000BB   E0           MOVX    A,@DPTR
   \   0000BC   7032         JNZ     ??GenericApp_ProcessEvent_8
   \   0000BE   A3           INC     DPTR
   \   0000BF   A3           INC     DPTR
   \   0000C0   A3           INC     DPTR
   \   0000C1   E0           MOVX    A,@DPTR
   \   0000C2   602C         JZ      ??GenericApp_ProcessEvent_8
   \   0000C4   90....       MOV     DPTR,#GenericApp_DstAddr + 8
   \   0000C7   7402         MOV     A,#0x2
   \   0000C9   F0           MOVX    @DPTR,A
   \   0000CA   8A82         MOV     DPL,R2
   \   0000CC   8B83         MOV     DPH,R3
   \   0000CE   A3           INC     DPTR
   \   0000CF   E0           MOVX    A,@DPTR
   \   0000D0   F8           MOV     R0,A
   \   0000D1   A3           INC     DPTR
   \   0000D2   E0           MOVX    A,@DPTR
   \   0000D3   F9           MOV     R1,A
   \   0000D4   90....       MOV     DPTR,#GenericApp_DstAddr
   \   0000D7   E8           MOV     A,R0
   \   0000D8   F0           MOVX    @DPTR,A
   \   0000D9   A3           INC     DPTR
   \   0000DA   E9           MOV     A,R1
   \   0000DB   F0           MOVX    @DPTR,A
   \   0000DC   8A82         MOV     DPL,R2
   \   0000DE   8B83         MOV     DPH,R3
   \   0000E0   A3           INC     DPTR
   \   0000E1   A3           INC     DPTR
   \   0000E2   A3           INC     DPTR
   \   0000E3   A3           INC     DPTR
   \   0000E4   E0           MOVX    A,@DPTR
   \   0000E5   90....       MOV     DPTR,#GenericApp_DstAddr + 9
   \   0000E8   F0           MOVX    @DPTR,A
   \   0000E9                ; Setup parameters for call to function HalLedSet
   \   0000E9   7A01         MOV     R2,#0x1
   \   0000EB   7908         MOV     R1,#0x8
   \   0000ED   12....       LCALL   ??HalLedSet?relay
   \                     ??GenericApp_ProcessEvent_8:
   \   0000F0                ; Setup parameters for call to function osal_mem_free
   \   0000F0   AA..         MOV     R2,?V0 + 2
   \   0000F2   AB..         MOV     R3,?V0 + 3
   \   0000F4   12....       LCALL   ??osal_mem_free?relay
   \   0000F7   02....       LJMP    ??GenericApp_ProcessEvent_3 & 0xFFFF
   \                     ??GenericApp_ProcessEvent_7:
   \   0000FA   E5..         MOV     A,?V0 + 0
   \   0000FC   2413         ADD     A,#0x13
   \   0000FE   F582         MOV     DPL,A
   \   000100   E5..         MOV     A,?V0 + 1
   \   000102   3400         ADDC    A,#0x0
   \   000104   F583         MOV     DPH,A
   \   000106   E0           MOVX    A,@DPTR
   \   000107   F8           MOV     R0,A
   \   000108   A3           INC     DPTR
   \   000109   E0           MOVX    A,@DPTR
   \   00010A   F583         MOV     DPH,A
   \   00010C   8882         MOV     DPL,R0
   \   00010E   E0           MOVX    A,@DPTR
   \   00010F   700A         JNZ     ??GenericApp_ProcessEvent_9
   \   000111                ; Setup parameters for call to function HalLedSet
   \   000111   7A01         MOV     R2,#0x1
   \                     ??GenericApp_ProcessEvent_10:
   \   000113   7908         MOV     R1,#0x8
   \   000115   12....       LCALL   ??HalLedSet?relay
   \   000118   02....       LJMP    ??GenericApp_ProcessEvent_3 & 0xFFFF
   \                     ??GenericApp_ProcessEvent_9:
   \   00011B                ; Setup parameters for call to function HalLedSet
   \   00011B   7A04         MOV     R2,#0x4
   \   00011D   80F4         SJMP    ??GenericApp_ProcessEvent_10
   \                     ??GenericApp_ProcessEvent_5:
   \   00011F                ; Setup parameters for call to function GenericApp_HandleKeys
   \   00011F   A3           INC     DPTR
   \   000120   A3           INC     DPTR
   \   000121   A3           INC     DPTR
   \   000122   E0           MOVX    A,@DPTR
   \   000123   FA           MOV     R2,A
   \   000124   85..82       MOV     DPL,?V0 + 0
   \   000127   85..83       MOV     DPH,?V0 + 1
   \   00012A   A3           INC     DPTR
   \   00012B   A3           INC     DPTR
   \   00012C   E0           MOVX    A,@DPTR
   \   00012D   F9           MOV     R1,A
   \   00012E   12....       LCALL   ??GenericApp_HandleKeys?relay
   \   000131   02....       LJMP    ??GenericApp_ProcessEvent_3 & 0xFFFF
    333              }
    334          
    335              // return unprocessed events
    336              return (events ^ SYS_EVENT_MSG);
   \                     ??GenericApp_ProcessEvent_4:
   \   000134   EE           MOV     A,R6
   \   000135   FA           MOV     R2,A
   \   000136   EF           MOV     A,R7
   \   000137   6480         XRL     A,#0x80
   \                     ??GenericApp_ProcessEvent_11:
   \   000139   FB           MOV     R3,A
   \   00013A   02....       LJMP    ??GenericApp_ProcessEvent_12 & 0xFFFF
    337            }
    338          
    339            // Send a message out - This event is generated by a timer
    340            //  (setup in GenericApp_Init()).
    341            if ( events & GENERICAPP_SEND_MSG_EVT )
   \                     ??GenericApp_ProcessEvent_0:
   \   00013D   EE           MOV     A,R6
   \   00013E   A2E0         MOV     C,0xE0 /* A   */.0
   \   000140   4003         JC      $+5
   \   000142   02....       LJMP    ??GenericApp_ProcessEvent_13 & 0xFFFF
    342            {
    343              // Send "the" message
    344              GenericApp_SendTheMessage();
   \   000145   85..82       MOV     DPL,?XSP + 0
   \   000148   85..83       MOV     DPH,?XSP + 1
   \   00014B   AC82         MOV     R4,DPL
   \   00014D   AD83         MOV     R5,DPH
   \   00014F   7583..       MOV     DPH,#(`?<Constant "Hello World">` >> 8) & 0xff
   \   000152   7582..       MOV     DPL,#`?<Constant "Hello World">` & 0xff
   \   000155   740C         MOV     A,#0xc
   \   000157   12....       LCALL   ?MOVE_LONG8_XDATA_XDATA
   \   00015A                ; Setup parameters for call to function AF_DataRequest
   \   00015A   75..1E       MOV     ?V0 + 0,#0x1e
   \   00015D   78..         MOV     R0,#?V0 + 0
   \   00015F   12....       LCALL   ?PUSH_XSTACK_I_ONE
   \   000162   75....       MOV     ?V0 + 0,#GenericApp_TransID & 0xff
   \   000165   75....       MOV     ?V0 + 1,#(GenericApp_TransID >> 8) & 0xff
   \   000168   78..         MOV     R0,#?V0 + 0
   \   00016A   12....       LCALL   ?PUSH_XSTACK_I_TWO
   \   00016D   7403         MOV     A,#0x3
   \   00016F   12....       LCALL   ?XSTACK_DISP0_8
   \   000172   8582..       MOV     ?V0 + 0,DPL
   \   000175   8583..       MOV     ?V0 + 1,DPH
   \   000178   78..         MOV     R0,#?V0 + 0
   \   00017A   12....       LCALL   ?PUSH_XSTACK_I_TWO
   \   00017D                ; Setup parameters for call to function osal_strlen
   \   00017D   7405         MOV     A,#0x5
   \   00017F   12....       LCALL   ?XSTACK_DISP0_8
   \   000182   AA82         MOV     R2,DPL
   \   000184   AB83         MOV     R3,DPH
   \   000186   12....       LCALL   ??osal_strlen?relay
   \   000189   EA           MOV     A,R2
   \   00018A   2401         ADD     A,#0x1
   \   00018C   F5..         MOV     ?V0 + 0,A
   \   00018E   E4           CLR     A
   \   00018F   3400         ADDC    A,#0x0
   \   000191   F5..         MOV     ?V0 + 1,A
   \   000193   78..         MOV     R0,#?V0 + 0
   \   000195   12....       LCALL   ?PUSH_XSTACK_I_TWO
   \   000198   75..01       MOV     ?V0 + 0,#0x1
   \   00019B   75..00       MOV     ?V0 + 1,#0x0
   \   00019E   78..         MOV     R0,#?V0 + 0
   \   0001A0   12....       LCALL   ?PUSH_XSTACK_I_TWO
   \   0001A3   7920         MOV     R1,#0x20
   \   0001A5   7C..         MOV     R4,#GenericApp_epDesc & 0xff
   \   0001A7   7D..         MOV     R5,#(GenericApp_epDesc >> 8) & 0xff
   \   0001A9   7A..         MOV     R2,#GenericApp_DstAddr & 0xff
   \   0001AB   7B..         MOV     R3,#(GenericApp_DstAddr >> 8) & 0xff
   \   0001AD   12....       LCALL   ??AF_DataRequest?relay
   \   0001B0   7409         MOV     A,#0x9
   \   0001B2   12....       LCALL   ?DEALLOC_XSTACK8
    345          
    346              // Setup to send message again
    347              osal_start_timerEx( GenericApp_TaskID,
    348                                  GENERICAPP_SEND_MSG_EVT,
    349                                  GENERICAPP_SEND_MSG_TIMEOUT );
   \   0001B5                ; Setup parameters for call to function osal_start_timerEx
   \   0001B5   7C88         MOV     R4,#-0x78
   \   0001B7   7D13         MOV     R5,#0x13
   \   0001B9   7A01         MOV     R2,#0x1
   \   0001BB   7B00         MOV     R3,#0x0
   \   0001BD   90....       MOV     DPTR,#GenericApp_TaskID
   \   0001C0   E0           MOVX    A,@DPTR
   \   0001C1   F9           MOV     R1,A
   \   0001C2   12....       LCALL   ??osal_start_timerEx?relay
    350          
    351              // return unprocessed events
    352              return (events ^ GENERICAPP_SEND_MSG_EVT);
   \   0001C5   EE           MOV     A,R6
   \   0001C6   6401         XRL     A,#0x1
   \   0001C8   FA           MOV     R2,A
   \   0001C9   EF           MOV     A,R7
   \   0001CA   02....       LJMP    ??GenericApp_ProcessEvent_11 & 0xFFFF
    353            }
    354          
    355          
    356          #if defined( IAR_ARMCM3_LM )
    357            // Receive a message from the RTOS queue
    358            if ( events & GENERICAPP_RTOS_MSG_EVT )
    359            {
    360              // Process message from RTOS queue
    361              GenericApp_ProcessRtosMessage();
    362          
    363              // return unprocessed events
    364              return (events ^ GENERICAPP_RTOS_MSG_EVT);
    365            }
    366          #endif
    367          
    368            // Discard unknown events
    369            return 0;
   \                     ??GenericApp_ProcessEvent_13:
   \   0001CD   7A00         MOV     R2,#0x0
   \   0001CF   7B00         MOV     R3,#0x0
   \                     ??GenericApp_ProcessEvent_12:
   \   0001D1   740C         MOV     A,#0xc
   \   0001D3   12....       LCALL   ?DEALLOC_XSTACK8
   \   0001D6   7F06         MOV     R7,#0x6
   \   0001D8   02....       LJMP    ?BANKED_LEAVE_XDATA
    370          }
    371          
    372          /*********************************************************************
    373           * Event Generation Functions
    374           */
    375          
    376          /*********************************************************************
    377           * @fn      GenericApp_ProcessZDOMsgs()
    378           *
    379           * @brief   Process response messages
    380           *
    381           * @param   none
    382           *
    383           * @return  none
    384           */
    385          static void GenericApp_ProcessZDOMsgs( zdoIncomingMsg_t *inMsg )
    386          {
    387            switch ( inMsg->clusterID )
    388            {
    389              case End_Device_Bind_rsp:
    390                if ( ZDO_ParseBindRsp( inMsg ) == ZSuccess )
    391                {
    392                  // Light LED
    393                  HalLedSet( HAL_LED_4, HAL_LED_MODE_ON );
    394                }
    395          #if defined( BLINK_LEDS )
    396                else
    397                {
    398                  // Flash LED to show failure
    399                  HalLedSet ( HAL_LED_4, HAL_LED_MODE_FLASH );
    400                }
    401          #endif
    402                break;
    403          
    404              case Match_Desc_rsp:
    405                {
    406                  ZDO_ActiveEndpointRsp_t *pRsp = ZDO_ParseEPListRsp( inMsg );
    407                  if ( pRsp )
    408                  {
    409                    if ( pRsp->status == ZSuccess && pRsp->cnt )
    410                    {
    411                      GenericApp_DstAddr.addrMode = (afAddrMode_t)Addr16Bit;
    412                      GenericApp_DstAddr.addr.shortAddr = pRsp->nwkAddr;
    413                      // Take the first endpoint, Can be changed to search through endpoints
    414                      GenericApp_DstAddr.endPoint = pRsp->epList[0];
    415          
    416                      // Light LED
    417                      HalLedSet( HAL_LED_4, HAL_LED_MODE_ON );
    418                    }
    419                    osal_mem_free( pRsp );
    420                  }
    421                }
    422                break;
    423            }
    424          }
    425          
    426          /*********************************************************************
    427           * @fn      GenericApp_HandleKeys
    428           *
    429           * @brief   Handles all key events for this device.
    430           *
    431           * @param   shift - true if in shift/alt.
    432           * @param   keys - bit field for key events. Valid entries:
    433           *                 HAL_KEY_SW_4
    434           *                 HAL_KEY_SW_3
    435           *                 HAL_KEY_SW_2
    436           *                 HAL_KEY_SW_1
    437           *
    438           * @return  none
    439           */

   \                                 In  segment BANKED_CODE, align 1, keep-with-next
    440          static void GenericApp_HandleKeys( uint8 shift, uint8 keys )
   \                     GenericApp_HandleKeys:
    441          {
   \   000000   74F5         MOV     A,#-0xb
   \   000002   12....       LCALL   ?BANKED_ENTER_XDATA
   \   000005                ; Saved register size: 11
   \   000005                ; Auto size: 9
   \   000005   74F7         MOV     A,#-0x9
   \   000007   12....       LCALL   ?ALLOC_XSTACK8
   \   00000A   E9           MOV     A,R1
   \   00000B   FE           MOV     R6,A
   \   00000C   EA           MOV     A,R2
   \   00000D   FF           MOV     R7,A
    442            zAddrType_t dstAddr;
    443          
    444            // Shift is used to make each button/switch dual purpose.
    445            if ( shift )
   \   00000E   EE           MOV     A,R6
   \   00000F   6016         JZ      ??GenericApp_HandleKeys_0
    446            {
    447              if ( keys & HAL_KEY_SW_6 )
   \   000011   EF           MOV     A,R7
   \   000012   A2E5         MOV     C,0xE0 /* A   */.5
   \   000014   5003         JNC     ??CrossCallReturnLabel_0
    448              {
    449                // 亮灯
    450                HalLedBlink(HAL_LED_1,1,HAL_LED_DEFAULT_DUTY_CYCLE, HAL_LED_DEFAULT_FLASH_TIME);
   \   000016                ; Setup parameters for call to function HalLedBlink
   \   000016   12....       LCALL   ?Subroutine0 & 0xFFFF
    451                // 发送串口数据
    452                HalUARTWrite(0,"hello!",6);
    453              }
    454              if ( keys & HAL_KEY_SW_7 )
   \                     ??CrossCallReturnLabel_0:
   \   000019   EF           MOV     A,R7
   \   00001A   A2E6         MOV     C,0xE0 /* A   */.6
   \   00001C   4003         JC      $+5
   \   00001E   02....       LJMP    ??GenericApp_HandleKeys_1 & 0xFFFF
    455              {
    456                // 亮灯
    457                HalLedBlink(HAL_LED_1,1,HAL_LED_DEFAULT_DUTY_CYCLE, HAL_LED_DEFAULT_FLASH_TIME);
   \   000021                ; Setup parameters for call to function HalLedBlink
   \   000021   12....       LCALL   ?Subroutine0 & 0xFFFF
    458                // 发送串口数据
    459                HalUARTWrite(0,"hello!",6);
    460              }
    461              if ( keys & HAL_KEY_SW_3 )
    462              {
    463              }
    464              if ( keys & HAL_KEY_SW_4 )
    465              {
    466              }
    467            }
   \                     ??CrossCallReturnLabel_1:
   \   000024   02....       LJMP    ??GenericApp_HandleKeys_1 & 0xFFFF
    468            else
    469            {
    470              if ( keys & HAL_KEY_SW_1 )
    471              {
    472                // Since SW1 isn't used for anything else in this application...
    473          #if defined( SWITCH1_BIND )
    474                // we can use SW1 to simulate SW2 for devices that only have one switch,
    475                keys |= HAL_KEY_SW_2;
    476          #elif defined( SWITCH1_MATCH )
    477                // or use SW1 to simulate SW4 for devices that only have one switch
    478                keys |= HAL_KEY_SW_4;
    479          #endif
    480              }
    481          
    482              if ( keys & HAL_KEY_SW_2 )
   \                     ??GenericApp_HandleKeys_0:
   \   000027   EF           MOV     A,R7
   \   000028   A2E1         MOV     C,0xE0 /* A   */.1
   \   00002A   506D         JNC     ??GenericApp_HandleKeys_2
    483              {
    484                HalLedSet ( HAL_LED_4, HAL_LED_MODE_OFF );
   \   00002C                ; Setup parameters for call to function HalLedSet
   \   00002C   7A00         MOV     R2,#0x0
   \   00002E   7908         MOV     R1,#0x8
   \   000030   12....       LCALL   ??HalLedSet?relay
    485          
    486                // Initiate an End Device Bind Request for the mandatory endpoint
    487                dstAddr.addrMode = Addr16Bit;
   \   000033   7408         MOV     A,#0x8
   \   000035   12....       LCALL   ?XSTACK_DISP0_8
   \   000038   7402         MOV     A,#0x2
   \   00003A   F0           MOVX    @DPTR,A
    488                dstAddr.addr.shortAddr = 0x0000; // Coordinator
   \   00003B   85..82       MOV     DPL,?XSP + 0
   \   00003E   85..83       MOV     DPH,?XSP + 1
   \   000041   E4           CLR     A
   \   000042   F0           MOVX    @DPTR,A
   \   000043   A3           INC     DPTR
   \   000044   F0           MOVX    @DPTR,A
    489                ZDP_EndDeviceBindReq( &dstAddr, NLME_GetShortAddr(),
    490                                      GenericApp_epDesc.endPoint,
    491                                      GENERICAPP_PROFID,
    492                                      GENERICAPP_MAX_CLUSTERS, (cId_t *)GenericApp_ClusterList,
    493                                      GENERICAPP_MAX_CLUSTERS, (cId_t *)GenericApp_ClusterList,
    494                                      FALSE );
   \   000045                ; Setup parameters for call to function NLME_GetShortAddr
   \   000045   12....       LCALL   ??NLME_GetShortAddr?relay
   \   000048   8A..         MOV     ?V0 + 0,R2
   \   00004A   8B..         MOV     ?V0 + 1,R3
   \   00004C   AC..         MOV     R4,?V0 + 0
   \   00004E   AD..         MOV     R5,?V0 + 1
   \   000050   75....       MOV     ?V0 + 0,#GenericApp_ClusterList & 0xff
   \   000053   75....       MOV     ?V0 + 1,#(GenericApp_ClusterList >> 8) & 0xff
   \   000056                ; Setup parameters for call to function ZDP_EndDeviceBindReq
   \   000056   75..00       MOV     ?V0 + 2,#0x0
   \   000059   78..         MOV     R0,#?V0 + 2
   \   00005B   12....       LCALL   ?PUSH_XSTACK_I_ONE
   \   00005E   78..         MOV     R0,#?V0 + 0
   \   000060   12....       LCALL   ?PUSH_XSTACK_I_TWO
   \   000063   75..01       MOV     ?V0 + 2,#0x1
   \   000066   78..         MOV     R0,#?V0 + 2
   \   000068   12....       LCALL   ?PUSH_XSTACK_I_ONE
   \   00006B   78..         MOV     R0,#?V0 + 0
   \   00006D   12....       LCALL   ?PUSH_XSTACK_I_TWO
   \   000070   75..01       MOV     ?V0 + 0,#0x1
   \   000073   78..         MOV     R0,#?V0 + 0
   \   000075   12....       LCALL   ?PUSH_XSTACK_I_ONE
   \   000078   75..04       MOV     ?V0 + 0,#0x4
   \   00007B   75..0F       MOV     ?V0 + 1,#0xf
   \   00007E   78..         MOV     R0,#?V0 + 0
   \   000080   12....       LCALL   ?PUSH_XSTACK_I_TWO
   \   000083   90....       MOV     DPTR,#GenericApp_epDesc
   \   000086   E0           MOVX    A,@DPTR
   \   000087   F9           MOV     R1,A
   \   000088   7409         MOV     A,#0x9
   \   00008A   12....       LCALL   ?XSTACK_DISP0_8
   \   00008D   AA82         MOV     R2,DPL
   \   00008F   AB83         MOV     R3,DPH
   \   000091   12....       LCALL   ??ZDP_EndDeviceBindReq?relay
   \   000094   7409         MOV     A,#0x9
   \   000096   12....       LCALL   ?DEALLOC_XSTACK8
    495              }
    496          
    497              if ( keys & HAL_KEY_SW_3 )
    498              {
    499              }
    500          
    501              if ( keys & HAL_KEY_SW_4 )
   \                     ??GenericApp_HandleKeys_2:
   \   000099   EF           MOV     A,R7
   \   00009A   A2E3         MOV     C,0xE0 /* A   */.3
   \   00009C   505C         JNC     ??GenericApp_HandleKeys_1
    502              {
    503                HalLedSet ( HAL_LED_4, HAL_LED_MODE_OFF );
   \   00009E                ; Setup parameters for call to function HalLedSet
   \   00009E   7A00         MOV     R2,#0x0
   \   0000A0   7908         MOV     R1,#0x8
   \   0000A2   12....       LCALL   ??HalLedSet?relay
    504                // Initiate a Match Description Request (Service Discovery)
    505                dstAddr.addrMode = AddrBroadcast;
   \   0000A5   7408         MOV     A,#0x8
   \   0000A7   12....       LCALL   ?XSTACK_DISP0_8
   \   0000AA   740F         MOV     A,#0xf
   \   0000AC   F0           MOVX    @DPTR,A
    506                dstAddr.addr.shortAddr = NWK_BROADCAST_SHORTADDR;
   \   0000AD   85..82       MOV     DPL,?XSP + 0
   \   0000B0   85..83       MOV     DPH,?XSP + 1
   \   0000B3   74FF         MOV     A,#-0x1
   \   0000B5   F0           MOVX    @DPTR,A
   \   0000B6   A3           INC     DPTR
   \   0000B7   F0           MOVX    @DPTR,A
    507                ZDP_MatchDescReq( &dstAddr, NWK_BROADCAST_SHORTADDR,
    508                                  GENERICAPP_PROFID,
    509                                  GENERICAPP_MAX_CLUSTERS, (cId_t *)GenericApp_ClusterList,
    510                                  GENERICAPP_MAX_CLUSTERS, (cId_t *)GenericApp_ClusterList,
    511                                  FALSE );
   \   0000B8   75....       MOV     ?V0 + 0,#GenericApp_ClusterList & 0xff
   \   0000BB   75....       MOV     ?V0 + 1,#(GenericApp_ClusterList >> 8) & 0xff
   \   0000BE                ; Setup parameters for call to function ZDP_MatchDescReq
   \   0000BE   75..00       MOV     ?V0 + 2,#0x0
   \   0000C1   78..         MOV     R0,#?V0 + 2
   \   0000C3   12....       LCALL   ?PUSH_XSTACK_I_ONE
   \   0000C6   78..         MOV     R0,#?V0 + 0
   \   0000C8   12....       LCALL   ?PUSH_XSTACK_I_TWO
   \   0000CB   75..01       MOV     ?V0 + 2,#0x1
   \   0000CE   78..         MOV     R0,#?V0 + 2
   \   0000D0   12....       LCALL   ?PUSH_XSTACK_I_ONE
   \   0000D3   78..         MOV     R0,#?V0 + 0
   \   0000D5   12....       LCALL   ?PUSH_XSTACK_I_TWO
   \   0000D8   75..04       MOV     ?V0 + 0,#0x4
   \   0000DB   75..0F       MOV     ?V0 + 1,#0xf
   \   0000DE   78..         MOV     R0,#?V0 + 0
   \   0000E0   12....       LCALL   ?PUSH_XSTACK_I_TWO
   \   0000E3   7901         MOV     R1,#0x1
   \   0000E5   7CFF         MOV     R4,#-0x1
   \   0000E7   7DFF         MOV     R5,#-0x1
   \   0000E9   7408         MOV     A,#0x8
   \   0000EB   12....       LCALL   ?XSTACK_DISP0_8
   \   0000EE   AA82         MOV     R2,DPL
   \   0000F0   AB83         MOV     R3,DPH
   \   0000F2   12....       LCALL   ??ZDP_MatchDescReq?relay
   \   0000F5   7408         MOV     A,#0x8
   \   0000F7   12....       LCALL   ?DEALLOC_XSTACK8
    512              }
    513            }
    514          }
   \                     ??GenericApp_HandleKeys_1:
   \   0000FA   7409         MOV     A,#0x9
   \   0000FC   12....       LCALL   ?DEALLOC_XSTACK8
   \   0000FF   7F03         MOV     R7,#0x3
   \   000101   02....       LJMP    ?BANKED_LEAVE_XDATA

   \                                 In  segment BANKED_CODE, align 1, keep-with-next
   \                     ?Subroutine0:
   \   000000   7CE8         MOV     R4,#-0x18
   \   000002   7D03         MOV     R5,#0x3
   \   000004   7B05         MOV     R3,#0x5
   \   000006   7A01         MOV     R2,#0x1
   \   000008   7901         MOV     R1,#0x1
   \   00000A   12....       LCALL   ??HalLedBlink?relay
   \   00000D                ; Setup parameters for call to function HalUARTWrite
   \   00000D                ; Setup parameters for call to function HalUARTWrite
   \   00000D   7C06         MOV     R4,#0x6
   \   00000F   7D00         MOV     R5,#0x0
   \   000011   7A..         MOV     R2,#`?<Constant "hello!">` & 0xff
   \   000013   7B..         MOV     R3,#(`?<Constant "hello!">` >> 8) & 0xff
   \   000015   7900         MOV     R1,#0x0
   \   000017   12....       LCALL   ??HalUARTWrite?relay
   \   00001A   22           RET

   \                                 In  segment BANK_RELAYS, align 1
   \                     ??GenericApp_Init?relay:
   \   000000   12....       LCALL   ?BDISPATCH
   \   000003   ......       DC24    GenericApp_Init

   \                                 In  segment BANK_RELAYS, align 1
   \                     ??GenericApp_ProcessEvent?relay:
   \   000000   12....       LCALL   ?BDISPATCH
   \   000003   ......       DC24    GenericApp_ProcessEvent

   \                                 In  segment BANK_RELAYS, align 1
   \                     ??GenericApp_HandleKeys?relay:
   \   000000   12....       LCALL   ?BDISPATCH
   \   000003   ......       DC24    GenericApp_HandleKeys

   \                                 In  segment XDATA_ROM_C, align 1
   \                     `?<Constant "\\r\\n">`:
   \   000000   0D0A00       DB "\015\012"

   \                                 In  segment XDATA_ROM_C, align 1
   \                     `?<Constant "hello!">`:
   \   000000   68656C6C     DB "hello!"
   \            6F2100  

   \                                 In  segment XDATA_ROM_C, align 1
   \                     `?<Constant "Hello World">`:
   \   000000   48656C6C     DB "Hello World"
   \            6F20576F
   \            726C6400
    515          
    516          /*********************************************************************
    517           * LOCAL FUNCTIONS
    518           */
    519          
    520          /*********************************************************************
    521           * @fn      GenericApp_MessageMSGCB
    522           *
    523           * @brief   Data message processor callback.  This function processes
    524           *          any incoming data - probably from other devices.  So, based
    525           *          on cluster ID, perform the intended action.
    526           *
    527           * @param   none
    528           *
    529           * @return  none
    530           */
    531          static void GenericApp_MessageMSGCB( afIncomingMSGPacket_t *pkt )
    532          {
    533            switch ( pkt->clusterId )
    534            {
    535              case GENERICAPP_CLUSTERID:
    536                // "the" message
    537          #if defined( LCD_SUPPORTED )
    538                HalLcdWriteScreen( (char*)pkt->cmd.Data, "rcvd" );
    539          #elif defined( WIN32 )
    540                WPRINTSTR( pkt->cmd.Data );
    541          #endif
    542                break;
    543            }
    544          }
    545          
    546          /*********************************************************************
    547           * @fn      GenericApp_SendTheMessage
    548           *
    549           * @brief   Send "the" message.
    550           *
    551           * @param   none
    552           *
    553           * @return  none
    554           */
    555          static void GenericApp_SendTheMessage( void )
    556          {
    557            char theMessageData[] = "Hello World";
    558          
    559            if ( AF_DataRequest( &GenericApp_DstAddr, &GenericApp_epDesc,
    560                                 GENERICAPP_CLUSTERID,
    561                                 (byte)osal_strlen( theMessageData ) + 1,
    562                                 (byte *)&theMessageData,
    563                                 &GenericApp_TransID,
    564                                 AF_DISCV_ROUTE, AF_DEFAULT_RADIUS ) == afStatus_SUCCESS )
    565            {
    566              // Successfully requested to be sent.
    567            }
    568            else
    569            {
    570              // Error occurred in request to send.
    571            }
    572          }
    573          
    574          #if defined( IAR_ARMCM3_LM )
    575          /*********************************************************************
    576           * @fn      GenericApp_ProcessRtosMessage
    577           *
    578           * @brief   Receive message from RTOS queue, send response back.
    579           *
    580           * @param   none
    581           *
    582           * @return  none
    583           */
    584          static void GenericApp_ProcessRtosMessage( void )
    585          {
    586            osalQueue_t inMsg;
    587          
    588            if ( osal_queue_receive( OsalQueue, &inMsg, 0 ) == pdPASS )
    589            {
    590              uint8 cmndId = inMsg.cmnd;
    591              uint32 counter = osal_build_uint32( inMsg.cbuf, 4 );
    592          
    593              switch ( cmndId )
    594              {
    595                case CMD_INCR:
    596                  counter += 1;  /* Increment the incoming counter */
    597                                 /* Intentionally fall through next case */
    598          
    599                case CMD_ECHO:
    600                {
    601                  userQueue_t outMsg;
    602          
    603                  outMsg.resp = RSP_CODE | cmndId;  /* Response ID */
    604                  osal_buffer_uint32( outMsg.rbuf, counter );    /* Increment counter */
    605                  osal_queue_send( UserQueue1, &outMsg, 0 );  /* Send back to UserTask */
    606                  break;
    607                }
    608          
    609                default:
    610                  break;  /* Ignore unknown command */
    611              }
    612            }
    613          }
    614          #endif
    615          
    616          //串口接收服务函数
    617          //static void GenericApp_UartRxMsgs(mtOSALSerialData_t *rxpkt){
    618          //  HalUARTWrite(0,"useing",6);
    619          //  uint8 len,*UartRxBuffer = NULL;
    620          //  UartRxBuffer = rxpkt->msg;
    621          //  len = *UartRxBuffer;
    622          //  HalUARTWrite(0,UartRxBuffer+1,len);
    623          //  HalUARTWrite(0,"\r\n",2);
    624          //}
    625          /*********************************************************************
    626           */

   Maximum stack usage in bytes:

     Function                   ISTACK PSTACK XSTACK
     --------                   ------ ------ ------
     GenericApp_HandleKeys          0      0     55
       -> HalLedBlink               0      0     40
       -> HalUARTWrite              0      0     40
       -> HalLedBlink               0      0     40
       -> HalUARTWrite              0      0     40
       -> HalLedSet                 0      0     40
       -> NLME_GetShortAddr         0      0     40
       -> ZDP_EndDeviceBindReq      0      0     58
       -> HalLedSet                 0      0     40
       -> ZDP_MatchDescReq          0      0     56
     GenericApp_Init                0      0      9
       -> MT_UartInit               0      0     18
       -> MT_UartRegisterTaskID     0      0     18
       -> HalUARTWrite              0      0     18
       -> afRegister                0      0     18
       -> RegisterForKeys           0      0     18
       -> ZDO_RegisterForZDOMsg     0      0     18
       -> ZDO_RegisterForZDOMsg     0      0     18
     GenericApp_ProcessEvent        2      0     35
       -> osal_msg_receive          0      0     52
       -> HalLedBlink               0      0     52
       -> HalUARTWrite              0      0     52
       -> HalUARTWrite              0      0     52
       -> osal_msg_deallocate       0      0     52
       -> osal_msg_receive          0      0     52
       -> ZDO_ParseEPListRsp        0      0     52
       -> HalLedSet                 0      0     52
       -> osal_mem_free             0      0     52
       -> HalLedSet                 0      0     52
       -> HalLedSet                 0      0     52
       -> GenericApp_HandleKeys     0      0     52
       -> osal_strlen               0      0     62
       -> AF_DataRequest            0      0     70
       -> osal_start_timerEx        0      0     52


   Segment part sizes:

     Function/Label                  Bytes
     --------------                  -----
     GenericApp_ClusterList             2
     GenericApp_SimpleDesc             12
     GenericApp_epDesc                  6
     GenericApp_TaskID                  1
     GenericApp_NwkState                1
     GenericApp_TransID                 1
     GenericApp_DstAddr                12
     GenericApp_Init                  125
     GenericApp_ProcessEvent          475
     GenericApp_HandleKeys            260
     ?Subroutine0                      27
     ??GenericApp_Init?relay            6
     ??GenericApp_ProcessEvent?relay    6
     ??GenericApp_HandleKeys?relay      6
     ?<Constant "\r\n">                 3
     ?<Constant "hello!">               7
     ?<Constant "Hello World">         12

 
 887 bytes in segment BANKED_CODE
  18 bytes in segment BANK_RELAYS
  36 bytes in segment XDATA_ROM_C
  21 bytes in segment XDATA_Z
 
 905 bytes of CODE  memory
  36 bytes of CONST memory
  21 bytes of XDATA memory

Errors: none
Warnings: none
