###############################################################################
#                                                                             #
# IAR C/C++ Compiler V8.10.1.40194/W32 for 8051         13/Jun/2022  16:49:20 #
# Copyright 2004-2011 IAR Systems AB.                                         #
#                                                                             #
#    Core               =  plain                                              #
#    Code model         =  banked                                             #
#    Data model         =  large                                              #
#    Calling convention =  xdata reentrant                                    #
#    Constant location  =  data_rom                                           #
#    Dptr setup         =  1,16                                               #
#    Source file        =  C:\Texas Instruments\ZStack-CC2530-2.5.1a\Projects #
#                          \zstack\Samples\GenericApp\Source\GenericAppEnd.c  #
#    Command line       =  -f "C:\Texas Instruments\ZStack-CC2530-2.5.1a\Proj #
#                          ects\zstack\Samples\GenericApp\CC2530DB\..\..\..\T #
#                          ools\CC2530DB\f8wEndev.cfg" (-DCPU32MHZ            #
#                          -DROOT=__near_func -DMAC_CFG_TX_DATA_MAX=3         #
#                          -DMAC_CFG_TX_MAX=6 -DMAC_CFG_RX_MAX=3) -f          #
#                          "C:\Texas Instruments\ZStack-CC2530-2.5.1a\Project #
#                          s\zstack\Samples\GenericApp\CC2530DB\..\..\..\Tool #
#                          s\CC2530DB\f8wConfig.cfg" (-DZIGBEEPRO -DSECURE=0  #
#                          -DZG_SECURE_DYNAMIC=0 -DREFLECTOR                  #
#                          -DDEFAULT_CHANLIST=0x00000800                      #
#                          -DZDAPP_CONFIG_PAN_ID=0xFFFF                       #
#                          -DNWK_START_DELAY=100 -DEXTENDED_JOINING_RANDOM_MA #
#                          SK=0x007F -DBEACON_REQUEST_DELAY=100               #
#                          -DBEACON_REQ_DELAY_MASK=0x00FF                     #
#                          -DLINK_STATUS_JITTER_MASK=0x007F                   #
#                          -DROUTE_EXPIRY_TIME=30 -DAPSC_ACK_WAIT_DURATION_PO #
#                          LLED=3000 -DNWK_INDIRECT_MSG_TIMEOUT=7             #
#                          -DMAX_RREQ_ENTRIES=8 -DAPSC_MAX_FRAME_RETRIES=3    #
#                          -DNWK_MAX_DATA_RETRIES=2                           #
#                          -DMAX_POLL_FAILURE_RETRIES=2 -DMAX_BCAST=9         #
#                          -DAPS_MAX_GROUPS=16 -DMAX_RTG_ENTRIES=40           #
#                          -DNWK_MAX_BINDING_ENTRIES=4                        #
#                          -DMAX_BINDING_CLUSTER_IDS=4 "-DDEFAULT_KEY={0x01,  #
#                          0x03, 0x05, 0x07, 0x09, 0x0B, 0x0D, 0x0F, 0x00,    #
#                          0x02, 0x04, 0x06, 0x08, 0x0A, 0x0C, 0x0D}"         #
#                          -DMAC_MAX_FRAME_SIZE=116                           #
#                          -DZDNWKMGR_MIN_TRANSMISSIONS=20 "-DCONST=const     #
#                          __code" -DGENERIC=__generic                        #
#                          -DRFD_RCVC_ALWAYS_ON=FALSE -DPOLL_RATE=1000        #
#                          -DQUEUED_POLL_RATE=100 -DRESPONSE_POLL_RATE=100)   #
#                          -DREJOIN_POLL_RATE=440 "C:\Texas                   #
#                          Instruments\ZStack-CC2530-2.5.1a\Projects\zstack\S #
#                          amples\GenericApp\Source\GenericAppEnd.c" -D       #
#                          NWK_AUTO_POLL -D ZTOOL_P1 -D xMT_TASK -D           #
#                          MT_SYS_FUNC -D MT_ZDO_FUNC -D                      #
#                          xLCD_SUPPORTED=DEBUG -D xPOWER_SAVING -lC          #
#                          "C:\Texas Instruments\ZStack-CC2530-2.5.1a\Project #
#                          s\zstack\Samples\GenericApp\CC2530DB\EndDeviceEB\L #
#                          ist\" -lA "C:\Texas Instruments\ZStack-CC2530-2.5. #
#                          1a\Projects\zstack\Samples\GenericApp\CC2530DB\End #
#                          DeviceEB\List\" --diag_suppress Pe001,Pa010 -o     #
#                          "C:\Texas Instruments\ZStack-CC2530-2.5.1a\Project #
#                          s\zstack\Samples\GenericApp\CC2530DB\EndDeviceEB\O #
#                          bj\" -e --no_code_motion --debug --core=plain      #
#                          --dptr=16,1 --data_model=large                     #
#                          --code_model=banked --calling_convention=xdata_ree #
#                          ntrant --place_constants=data_rom                  #
#                          --nr_virtual_regs 16 -I "C:\Texas                  #
#                          Instruments\ZStack-CC2530-2.5.1a\Projects\zstack\S #
#                          amples\GenericApp\CC2530DB\" -I "C:\Texas          #
#                          Instruments\ZStack-CC2530-2.5.1a\Projects\zstack\S #
#                          amples\GenericApp\CC2530DB\..\Source\" -I          #
#                          "C:\Texas Instruments\ZStack-CC2530-2.5.1a\Project #
#                          s\zstack\Samples\GenericApp\CC2530DB\..\..\..\ZMai #
#                          n\TI2530DB\" -I "C:\Texas                          #
#                          Instruments\ZStack-CC2530-2.5.1a\Projects\zstack\S #
#                          amples\GenericApp\CC2530DB\..\..\..\..\..\Componen #
#                          ts\hal\include\" -I "C:\Texas                      #
#                          Instruments\ZStack-CC2530-2.5.1a\Projects\zstack\S #
#                          amples\GenericApp\CC2530DB\..\..\..\..\..\Componen #
#                          ts\hal\target\CC2530EB\" -I "C:\Texas              #
#                          Instruments\ZStack-CC2530-2.5.1a\Projects\zstack\S #
#                          amples\GenericApp\CC2530DB\..\..\..\..\..\Componen #
#                          ts\mac\include\" -I "C:\Texas                      #
#                          Instruments\ZStack-CC2530-2.5.1a\Projects\zstack\S #
#                          amples\GenericApp\CC2530DB\..\..\..\..\..\Componen #
#                          ts\mac\high_level\" -I "C:\Texas                   #
#                          Instruments\ZStack-CC2530-2.5.1a\Projects\zstack\S #
#                          amples\GenericApp\CC2530DB\..\..\..\..\..\Componen #
#                          ts\mac\low_level\srf04\" -I "C:\Texas              #
#                          Instruments\ZStack-CC2530-2.5.1a\Projects\zstack\S #
#                          amples\GenericApp\CC2530DB\..\..\..\..\..\Componen #
#                          ts\mac\low_level\srf04\single_chip\" -I "C:\Texas  #
#                          Instruments\ZStack-CC2530-2.5.1a\Projects\zstack\S #
#                          amples\GenericApp\CC2530DB\..\..\..\..\..\Componen #
#                          ts\mt\" -I "C:\Texas Instruments\ZStack-CC2530-2.5 #
#                          .1a\Projects\zstack\Samples\GenericApp\CC2530DB\.. #
#                          \..\..\..\..\Components\osal\include\" -I          #
#                          "C:\Texas Instruments\ZStack-CC2530-2.5.1a\Project #
#                          s\zstack\Samples\GenericApp\CC2530DB\..\..\..\..\. #
#                          .\Components\services\saddr\" -I "C:\Texas         #
#                          Instruments\ZStack-CC2530-2.5.1a\Projects\zstack\S #
#                          amples\GenericApp\CC2530DB\..\..\..\..\..\Componen #
#                          ts\services\sdata\" -I "C:\Texas                   #
#                          Instruments\ZStack-CC2530-2.5.1a\Projects\zstack\S #
#                          amples\GenericApp\CC2530DB\..\..\..\..\..\Componen #
#                          ts\stack\af\" -I "C:\Texas                         #
#                          Instruments\ZStack-CC2530-2.5.1a\Projects\zstack\S #
#                          amples\GenericApp\CC2530DB\..\..\..\..\..\Componen #
#                          ts\stack\nwk\" -I "C:\Texas                        #
#                          Instruments\ZStack-CC2530-2.5.1a\Projects\zstack\S #
#                          amples\GenericApp\CC2530DB\..\..\..\..\..\Componen #
#                          ts\stack\sapi\" -I "C:\Texas                       #
#                          Instruments\ZStack-CC2530-2.5.1a\Projects\zstack\S #
#                          amples\GenericApp\CC2530DB\..\..\..\..\..\Componen #
#                          ts\stack\sec\" -I "C:\Texas                        #
#                          Instruments\ZStack-CC2530-2.5.1a\Projects\zstack\S #
#                          amples\GenericApp\CC2530DB\..\..\..\..\..\Componen #
#                          ts\stack\sys\" -I "C:\Texas                        #
#                          Instruments\ZStack-CC2530-2.5.1a\Projects\zstack\S #
#                          amples\GenericApp\CC2530DB\..\..\..\..\..\Componen #
#                          ts\stack\zdo\" -I "C:\Texas                        #
#                          Instruments\ZStack-CC2530-2.5.1a\Projects\zstack\S #
#                          amples\GenericApp\CC2530DB\..\..\..\..\..\Componen #
#                          ts\zmac\" -I "C:\Texas Instruments\ZStack-CC2530-2 #
#                          .5.1a\Projects\zstack\Samples\GenericApp\CC2530DB\ #
#                          ..\..\..\..\..\Components\zmac\f8w\" -Ohz          #
#    List file          =  C:\Texas Instruments\ZStack-CC2530-2.5.1a\Projects #
#                          \zstack\Samples\GenericApp\CC2530DB\EndDeviceEB\Li #
#                          st\GenericAppEnd.lst                               #
#    Object file        =  C:\Texas Instruments\ZStack-CC2530-2.5.1a\Projects #
#                          \zstack\Samples\GenericApp\CC2530DB\EndDeviceEB\Ob #
#                          j\GenericAppEnd.r51                                #
#                                                                             #
#                                                                             #
###############################################################################

C:\Texas Instruments\ZStack-CC2530-2.5.1a\Projects\zstack\Samples\GenericApp\Source\GenericAppEnd.c
      1          /******************************************************************************
      2            Filename:       GenericApp.c
      3            Revised:        $Date: 2012-03-07 01:04:58 -0800 (Wed, 07 Mar 2012) $
      4            Revision:       $Revision: 29656 $
      5          
      6            Description:    Generic Application (no Profile).
      7          
      8          
      9            Copyright 2004-2012 Texas Instruments Incorporated. All rights reserved.
     10          
     11            IMPORTANT: Your use of this Software is limited to those specific rights
     12            granted under the terms of a software license agreement between the user
     13            who downloaded the software, his/her employer (which must be your employer)
     14            and Texas Instruments Incorporated (the "License"). You may not use this
     15            Software unless you agree to abide by the terms of the License. The License
     16            limits your use, and you acknowledge, that the Software may not be modified,
     17            copied or distributed unless embedded on a Texas Instruments microcontroller
     18            or used solely and exclusively in conjunction with a Texas Instruments radio
     19            frequency transceiver, which is integrated into your product. Other than for
     20            the foregoing purpose, you may not use, reproduce, copy, prepare derivative
     21            works of, modify, distribute, perform, display or sell this Software and/or
     22            its documentation for any purpose.
     23          
     24            YOU FURTHER ACKNOWLEDGE AND AGREE THAT THE SOFTWARE AND DOCUMENTATION ARE
     25            PROVIDED 揂S IS?WITHOUT WARRANTY OF ANY KIND, EITHER EXPRESS OR IMPLIED,
     26            INCLUDING WITHOUT LIMITATION, ANY WARRANTY OF MERCHANTABILITY, TITLE,
     27            NON-INFRINGEMENT AND FITNESS FOR A PARTICULAR PURPOSE. IN NO EVENT SHALL
     28            TEXAS INSTRUMENTS OR ITS LICENSORS BE LIABLE OR OBLIGATED UNDER CONTRACT,
     29            NEGLIGENCE, STRICT LIABILITY, CONTRIBUTION, BREACH OF WARRANTY, OR OTHER
     30            LEGAL EQUITABLE THEORY ANY DIRECT OR INDIRECT DAMAGES OR EXPENSES
     31            INCLUDING BUT NOT LIMITED TO ANY INCIDENTAL, SPECIAL, INDIRECT, PUNITIVE
     32            OR CONSEQUENTIAL DAMAGES, LOST PROFITS OR LOST DATA, COST OF PROCUREMENT
     33            OF SUBSTITUTE GOODS, TECHNOLOGY, SERVICES, OR ANY CLAIMS BY THIRD PARTIES
     34            (INCLUDING BUT NOT LIMITED TO ANY DEFENSE THEREOF), OR OTHER SIMILAR COSTS.
     35          
     36            Should you have any questions regarding your right to use this Software,
     37            contact Texas Instruments Incorporated at www.TI.com.
     38          ******************************************************************************/
     39          
     40          /*********************************************************************
     41            This application isn't intended to do anything useful, it is
     42            intended to be a simple example of an application's structure.
     43          
     44            This application sends "Hello World" to another "Generic"
     45            application every 5 seconds.  The application will also
     46            receives "Hello World" packets.
     47          
     48            The "Hello World" messages are sent/received as MSG type message.
     49          
     50            This applications doesn't have a profile, so it handles everything
     51            directly - itself.
     52          
     53            Key control:
     54              SW1:
     55              SW2:  initiates end device binding
     56              SW3:
     57              SW4:  initiates a match description request
     58          *********************************************************************/
     59          
     60          /*********************************************************************
     61           * INCLUDES
     62           */
     63          #include "OSAL.h"
     64          #include "AF.h"
     65          #include "ZDApp.h"
     66          #include "ZDObject.h"
     67          #include "ZDProfile.h"
     68          
     69          #include "GenericApp.h"
     70          #include "DebugTrace.h"
     71          
     72          #if !defined( WIN32 )
     73            #include "OnBoard.h"
     74          #endif
     75          
     76          /* HAL */
     77          #include "hal_lcd.h"
     78          #include "hal_led.h"
     79          #include "hal_key.h"
     80          #include "hal_uart.h"
     81          #include "MT_uart.h"
     82          #include "MT.h"
     83          //#include "init.h"
     84          /* RTOS */
     85          #if defined( IAR_ARMCM3_LM )
     86          #include "RTOS_App.h"
     87          #endif
     88          
     89          /*********************************************************************
     90           * MACROS
     91           */
     92          
     93          /*********************************************************************
     94           * CONSTANTS
     95           */
     96          
     97          /*********************************************************************
     98           * TYPEDEFS
     99           */
    100          
    101          /*********************************************************************
    102           * GLOBAL VARIABLES
    103           */
    104          // This list should be filled with Application specific Cluster IDs.

   \                                 In  segment XDATA_ROM_C, align 1
    105          const cId_t GenericApp_ClusterList[GENERICAPP_MAX_CLUSTERS] =
   \                     GenericApp_ClusterList:
   \   000000   0100         DW 1
   \   000002   0000         DW 0
   \   000004   0000         DW 0
   \   000006   0000         DW 0
    106          {
    107            GENERICAPP_CLUSTERID
    108          };
    109          

   \                                 In  segment XDATA_ROM_C, align 1
    110          const SimpleDescriptionFormat_t GenericApp_SimpleDesc =
   \                     GenericApp_SimpleDesc:
   \   000000   2C           DB 44
   \   000001   040F         DW 3844
   \   000003   0100         DW 1
   \   000005   00           DB 0
   \   000006   04           DB 4
   \   000007   ....         DW GenericApp_ClusterList
   \   000009   04           DB 4
   \   00000A   ....         DW GenericApp_ClusterList
    111          {
    112            GENERICAPP_ENDPOINT,              //  int Endpoint;
    113            GENERICAPP_PROFID,                //  uint16 AppProfId[2];
    114            GENERICAPP_DEVICEID,              //  uint16 AppDeviceId[2];
    115            GENERICAPP_DEVICE_VERSION,        //  int   AppDevVer:4;
    116            GENERICAPP_FLAGS,                 //  int   AppFlags:4;
    117            GENERICAPP_MAX_CLUSTERS,          //  byte  AppNumInClusters;
    118            (cId_t *)GenericApp_ClusterList,  //  byte *pAppInClusterList;
    119            GENERICAPP_MAX_CLUSTERS,          //  byte  AppNumInClusters;
    120            (cId_t *)GenericApp_ClusterList   //  byte *pAppInClusterList;
    121          };
    122          
    123          // This is the Endpoint/Interface description.  It is defined here, but
    124          // filled-in in GenericApp_Init().  Another way to go would be to fill
    125          // in the structure here and make it a "const" (in code space).  The
    126          // way it's defined in this sample app it is define in RAM.

   \                                 In  segment XDATA_Z, align 1, keep-with-next
    127          endPointDesc_t GenericApp_epDesc;
   \                     GenericApp_epDesc:
   \   000000                DS 6
   \   000006                REQUIRE __INIT_XDATA_Z
    128          
    129          /*********************************************************************
    130           * EXTERNAL VARIABLES
    131           */
    132          
    133          /*********************************************************************
    134           * EXTERNAL FUNCTIONS
    135           */
    136          
    137          /*********************************************************************
    138           * LOCAL VARIABLES
    139           */

   \                                 In  segment XDATA_Z, align 1, keep-with-next
    140          byte GenericApp_TaskID;   // Task ID for internal task/event processing
   \                     GenericApp_TaskID:
   \   000000                DS 1
   \   000001                REQUIRE __INIT_XDATA_Z
    141                                    // This variable will be received when
    142                                    // GenericApp_Init() is called.

   \                                 In  segment XDATA_Z, align 1, keep-with-next
    143          devStates_t GenericApp_NwkState;
   \                     GenericApp_NwkState:
   \   000000                DS 1
   \   000001                REQUIRE __INIT_XDATA_Z
    144          
    145          

   \                                 In  segment XDATA_Z, align 1, keep-with-next
    146          byte GenericApp_TransID;  // This is the unique message ID (counter)
   \                     GenericApp_TransID:
   \   000000                DS 1
   \   000001                REQUIRE __INIT_XDATA_Z
    147          

   \                                 In  segment XDATA_Z, align 1, keep-with-next
    148          afAddrType_t GenericApp_DstAddr;
   \                     GenericApp_DstAddr:
   \   000000                DS 12
   \   00000C                REQUIRE __INIT_XDATA_Z
    149          
    150          /*********************************************************************
    151           * LOCAL FUNCTIONS
    152           */
    153          static void GenericApp_UartRxMsgs(mtOSALSerialData_t *rxpkt);//串口接收服务函数
    154          static void GenericApp_ProcessZDOMsgs( zdoIncomingMsg_t *inMsg );
    155          static void GenericApp_HandleKeys( byte shift, byte keys );
    156          //static void GenericApp_MessageMSGCB( afIncomingMSGPacket_t *pckt );
    157          static void GenericApp_SendTheMessage( void );
    158          static void GenericApp_MessageMSGCB(afIncomingMSGPacket_t *MSGpkt);
    159          static void GenericApp_AF_P2P(uint16 destNwkAddr,uint16 cid,uint8 len,uint8 *data);
    160          static void GenericApp_AF_Broadcast(uint16 cid,uint8 len, uint8 *data);
    161          static void zclSampleSw_AF_Groupcast(uint16 groupId,uint16 cid,uint8 len, uint8 *data);
    162          //test
    163          
    164          #if defined( IAR_ARMCM3_LM )
    165          static void GenericApp_ProcessRtosMessage( void );
    166          #endif
    167          
    168          /*********************************************************************
    169           * NETWORK LAYER CALLBACKS
    170           */
    171          
    172          /*********************************************************************
    173           * PUBLIC FUNCTIONS
    174           */
    175          
    176          /*********************************************************************
    177           * @fn      GenericApp_Init
    178           *
    179           * @brief   Initialization function for the Generic App Task.
    180           *          This is called during initialization and should contain
    181           *          any application specific initialization (ie. hardware
    182           *          initialization/setup, table initialization, power up
    183           *          notificaiton ... ).
    184           *
    185           * @param   task_id - the ID assigned by OSAL.  This ID should be
    186           *                    used to send messages and set timers.
    187           *
    188           * @return  none
    189           */
    190          static void GenericApp_UartRxMsgs(mtOSALSerialData_t *rxpkt){
    191            uint8 len,*UartRxBuffer=NULL;
    192            UartRxBuffer = rxpkt->msg;
    193            len = *UartRxBuffer;
    194            HalUARTWrite(0,UartRxBuffer+1,len);
    195            HalUARTWrite(0,"\r\n",2);
    196          }

   \                                 In  segment BANKED_CODE, align 1, keep-with-next
    197          void GenericApp_Init( uint8 task_id )
   \                     GenericApp_Init:
    198          {
   \   000000   74F7         MOV     A,#-0x9
   \   000002   12....       LCALL   ?BANKED_ENTER_XDATA
   \   000005                ; Saved register size: 9
   \   000005                ; Auto size: 0
   \   000005   E9           MOV     A,R1
   \   000006   FE           MOV     R6,A
    199            GenericApp_TaskID = task_id;
   \   000007   90....       MOV     DPTR,#GenericApp_TaskID
   \   00000A   F0           MOVX    @DPTR,A
    200            GenericApp_NwkState = DEV_INIT;
   \   00000B   90....       MOV     DPTR,#GenericApp_NwkState
   \   00000E   7401         MOV     A,#0x1
   \   000010   F0           MOVX    @DPTR,A
    201            GenericApp_TransID = 0;
   \   000011   90....       MOV     DPTR,#GenericApp_TransID
   \   000014   E4           CLR     A
   \   000015   F0           MOVX    @DPTR,A
    202            MT_UartInit();
   \   000016                ; Setup parameters for call to function MT_UartInit
   \   000016   12....       LCALL   ??MT_UartInit?relay
    203            MT_UartRegisterTaskID(task_id);
   \   000019                ; Setup parameters for call to function MT_UartRegisterTaskID
   \   000019   EE           MOV     A,R6
   \   00001A   F9           MOV     R1,A
   \   00001B   12....       LCALL   ??MT_UartRegisterTaskID?relay
    204            HalUARTWrite(0,"hello!",6);
   \   00001E                ; Setup parameters for call to function HalUARTWrite
   \   00001E   7C06         MOV     R4,#0x6
   \   000020   7D00         MOV     R5,#0x0
   \   000022   7A..         MOV     R2,#`?<Constant "hello!">` & 0xff
   \   000024   7B..         MOV     R3,#(`?<Constant "hello!">` >> 8) & 0xff
   \   000026   7900         MOV     R1,#0x0
   \   000028   12....       LCALL   ??HalUARTWrite?relay
    205            // Device hardware initialization can be added here or in main() (Zmain.c).
    206            // If the hardware is application specific - add it here.
    207            // If the hardware is other parts of the device add it in main().
    208          
    209            GenericApp_DstAddr.addrMode = (afAddrMode_t)AddrNotPresent;
   \   00002B   90....       MOV     DPTR,#GenericApp_DstAddr + 8
   \   00002E   E4           CLR     A
   \   00002F   F0           MOVX    @DPTR,A
    210            GenericApp_DstAddr.endPoint = 0;
   \   000030   A3           INC     DPTR
   \   000031   F0           MOVX    @DPTR,A
    211            GenericApp_DstAddr.addr.shortAddr = 0;
   \   000032   90....       MOV     DPTR,#GenericApp_DstAddr
   \   000035   F0           MOVX    @DPTR,A
   \   000036   A3           INC     DPTR
   \   000037   F0           MOVX    @DPTR,A
    212          
    213            // Fill out the endpoint description.
    214            GenericApp_epDesc.endPoint = GENERICAPP_ENDPOINT;
   \   000038   90....       MOV     DPTR,#GenericApp_epDesc
   \   00003B   742C         MOV     A,#0x2c
   \   00003D   F0           MOVX    @DPTR,A
    215            GenericApp_epDesc.task_id = &GenericApp_TaskID;
   \   00003E   A3           INC     DPTR
   \   00003F   74..         MOV     A,#GenericApp_TaskID & 0xff
   \   000041   F0           MOVX    @DPTR,A
   \   000042   A3           INC     DPTR
   \   000043   74..         MOV     A,#(GenericApp_TaskID >> 8) & 0xff
   \   000045   F0           MOVX    @DPTR,A
    216            GenericApp_epDesc.simpleDesc
    217                      = (SimpleDescriptionFormat_t *)&GenericApp_SimpleDesc;
   \   000046   A3           INC     DPTR
   \   000047   74..         MOV     A,#GenericApp_SimpleDesc & 0xff
   \   000049   F0           MOVX    @DPTR,A
   \   00004A   A3           INC     DPTR
   \   00004B   74..         MOV     A,#(GenericApp_SimpleDesc >> 8) & 0xff
   \   00004D   F0           MOVX    @DPTR,A
    218            GenericApp_epDesc.latencyReq = noLatencyReqs;
   \   00004E   A3           INC     DPTR
   \   00004F   E4           CLR     A
   \   000050   F0           MOVX    @DPTR,A
    219          
    220            // Register the endpoint description with the AF
    221            afRegister( &GenericApp_epDesc );
   \   000051                ; Setup parameters for call to function afRegister
   \   000051   7A..         MOV     R2,#GenericApp_epDesc & 0xff
   \   000053   7B..         MOV     R3,#(GenericApp_epDesc >> 8) & 0xff
   \   000055   12....       LCALL   ??afRegister?relay
    222          
    223            // Register for all key events - This app will handle all key events
    224            RegisterForKeys( GenericApp_TaskID );
   \   000058                ; Setup parameters for call to function RegisterForKeys
   \   000058   90....       MOV     DPTR,#GenericApp_TaskID
   \   00005B   E0           MOVX    A,@DPTR
   \   00005C   F9           MOV     R1,A
   \   00005D   12....       LCALL   ??RegisterForKeys?relay
    225          
    226            // Update the display
    227          #if defined ( LCD_SUPPORTED )
    228            HalLcdWriteString( "GenericApp", HAL_LCD_LINE_1 );
    229          #endif
    230          
    231            ZDO_RegisterForZDOMsg( GenericApp_TaskID, End_Device_Bind_rsp );
   \   000060                ; Setup parameters for call to function ZDO_RegisterForZDOMsg
   \   000060   7A20         MOV     R2,#0x20
   \   000062   7B80         MOV     R3,#-0x80
   \   000064   90....       MOV     DPTR,#GenericApp_TaskID
   \   000067   E0           MOVX    A,@DPTR
   \   000068   F9           MOV     R1,A
   \   000069   12....       LCALL   ??ZDO_RegisterForZDOMsg?relay
    232            ZDO_RegisterForZDOMsg( GenericApp_TaskID, Match_Desc_rsp );
   \   00006C                ; Setup parameters for call to function ZDO_RegisterForZDOMsg
   \   00006C   7A06         MOV     R2,#0x6
   \   00006E   7B80         MOV     R3,#-0x80
   \   000070   90....       MOV     DPTR,#GenericApp_TaskID
   \   000073   E0           MOVX    A,@DPTR
   \   000074   F9           MOV     R1,A
   \   000075   12....       LCALL   ??ZDO_RegisterForZDOMsg?relay
    233          
    234          #if defined( IAR_ARMCM3_LM )
    235            // Register this task with RTOS task initiator
    236            RTOS_RegisterApp( task_id, GENERICAPP_RTOS_MSG_EVT );
    237          #endif
    238          }
   \   000078   7F01         MOV     R7,#0x1
   \   00007A   02....       LJMP    ?BANKED_LEAVE_XDATA
    239          
    240          /*********************************************************************
    241           * @fn      GenericApp_ProcessEvent
    242           *
    243           * @brief   Generic Application Task event processor.  This function
    244           *          is called to process all events for the task.  Events
    245           *          include timers, messages and any other user defined events.
    246           *
    247           * @param   task_id  - The OSAL assigned task ID.
    248           * @param   events - events to process.  This is a bit map and can
    249           *                   contain more than one event.
    250           *
    251           * @return  none
    252           */

   \                                 In  segment BANKED_CODE, align 1, keep-with-next
    253          uint16 GenericApp_ProcessEvent( uint8 task_id, uint16 events )
   \                     GenericApp_ProcessEvent:
    254          {
   \   000000   74F2         MOV     A,#-0xe
   \   000002   12....       LCALL   ?BANKED_ENTER_XDATA
   \   000005                ; Saved register size: 14
   \   000005                ; Auto size: 12
   \   000005   74F4         MOV     A,#-0xc
   \   000007   12....       LCALL   ?ALLOC_XSTACK8
   \   00000A   8A..         MOV     ?V0 + 0,R2
   \   00000C   8B..         MOV     ?V0 + 1,R3
    255            afIncomingMSGPacket_t *MSGpkt;
    256            afDataConfirm_t *afDataConfirm;
    257          
    258            // Data Confirmation message fields
    259            byte sentEP;
    260            ZStatus_t sentStatus;
    261            byte sentTransID;       // This should match the value sent
    262            (void)task_id;  // Intentionally unreferenced parameter
    263          
    264            if ( events & SYS_EVENT_MSG )
   \   00000E   EB           MOV     A,R3
   \   00000F   5480         ANL     A,#0x80
   \   000011   7003         JNZ     $+5
   \   000013   02....       LJMP    ??GenericApp_ProcessEvent_0 & 0xFFFF
    265            {
    266              MSGpkt = (afIncomingMSGPacket_t *)osal_msg_receive( GenericApp_TaskID );
   \   000016                ; Setup parameters for call to function osal_msg_receive
   \   000016   8018         SJMP    ??GenericApp_ProcessEvent_1
    267              while ( MSGpkt )
    268              {
    269                switch ( MSGpkt->hdr.event )
    270                {
    271                  case ZDO_CB_MSG:
    272                    GenericApp_ProcessZDOMsgs( (zdoIncomingMsg_t *)MSGpkt );
    273                    break;
    274                  // 按键改变的处理
    275                  case KEY_CHANGE:
    276          //          // 亮灯
    277          //          HalLedBlink(HAL_LED_2,1,HAL_LED_DEFAULT_DUTY_CYCLE, HAL_LED_DEFAULT_FLASH_TIME);
    278          //          // 发送串口数据
    279          //          HalUARTWrite(0,"hello!",6);
    280                    GenericApp_HandleKeys( ((keyChange_t *)MSGpkt)->state, ((keyChange_t *)MSGpkt)->keys );
    281                    break;
    282          
    283                  case AF_DATA_CONFIRM_CMD:
    284                    // This message is received as a confirmation of a data packet sent.
    285                    // The status is of ZStatus_t type [defined in ZComDef.h]
    286                    // The message fields are defined in AF.h
    287                    afDataConfirm = (afDataConfirm_t *)MSGpkt;
    288                    sentEP = afDataConfirm->endpoint;
    289                    sentStatus = afDataConfirm->hdr.status;
    290                    sentTransID = afDataConfirm->transID;
    291                    (void)sentEP;
    292                    (void)sentTransID;
    293          
    294                    // Action taken when confirmation is received.
    295                    if ( sentStatus != ZSuccess )
    296                    {
    297                      // The data wasn't delivered -- Do something
    298                    }
    299                    break;
    300          
    301          //        case AF_INCOMING_MSG_CMD:
    302          //          GenericApp_MessageMSGCB( MSGpkt );
    303          //          break;
    304          
    305                  case ZDO_STATE_CHANGE:
    306                    break;
    307                    GenericApp_NwkState = (devStates_t)(MSGpkt->hdr.status);
                           ^
Warning[Pe111]: statement is unreachable
    308                    if ( (GenericApp_NwkState == DEV_ZB_COORD)
    309                        || (GenericApp_NwkState == DEV_ROUTER)
    310                        || (GenericApp_NwkState == DEV_END_DEVICE) )
    311                    {
    312                      // Start sending "the" message in a regular interval.
    313                      osal_start_timerEx( GenericApp_TaskID,
    314                                          GENERICAPP_SEND_MSG_EVT,
    315                                          GENERICAPP_SEND_MSG_TIMEOUT );
    316                    }
    317          //          if(GenericApp_NwkState == DEV_ZB_COORD){
    318          //            D3 = 1;
    319          //          }else if(GenericApp_NwkState == DEV_ROUTER){
    320          //            D4 = 1;
    321          //          }else if(GenericApp_NwkState == DEV_END_DEVICE){
    322          //            D5 = 1;
    323          //          }
    324                    break;
    325                  case CMD_SERIAL_MSG://接收到串口信息处理函数
    326                    HalLedBlink(HAL_LED_1,1,HAL_LED_DEFAULT_DUTY_CYCLE, HAL_LED_DEFAULT_FLASH_TIME);
    327                    GenericApp_UartRxMsgs( (mtOSALSerialData_t *)MSGpkt );
    328                    break;
    329                  case AF_INCOMING_MSG_CMD:
    330                    GenericApp_MessageMSGCB((afIncomingMSGPacket_t *)MSGpkt);
   \                     ??GenericApp_ProcessEvent_2:
   \   000018   90....       MOV     DPTR,#??p2pCnt
   \   00001B   12....       LCALL   ?Subroutine1 & 0xFFFF
   \                     ??CrossCallReturnLabel_3:
   \   00001E                ; Setup parameters for call to function HalUARTWrite
   \   00001E   90....       MOV     DPTR,#??p2pCnt
   \   000021   12....       LCALL   ?Subroutine0 & 0xFFFF
   \                     ??CrossCallReturnLabel_0:
   \   000024   7901         MOV     R1,#0x1
   \                     ??GenericApp_ProcessEvent_3:
   \   000026   12....       LCALL   ??HalLedSet?relay
    331                    break;
    332                  default:
    333                    break;
    334                }
    335          
    336                // Release the memory
    337                osal_msg_deallocate( (uint8 *)MSGpkt );
   \                     ??GenericApp_ProcessEvent_4:
   \   000029                ; Setup parameters for call to function osal_msg_deallocate
   \   000029   EE           MOV     A,R6
   \   00002A   FA           MOV     R2,A
   \   00002B   EF           MOV     A,R7
   \   00002C   FB           MOV     R3,A
   \   00002D   12....       LCALL   ??osal_msg_deallocate?relay
    338          
    339                // Next
    340                MSGpkt = (afIncomingMSGPacket_t *)osal_msg_receive( GenericApp_TaskID );
   \   000030                ; Setup parameters for call to function osal_msg_receive
   \                     ??GenericApp_ProcessEvent_1:
   \   000030   90....       MOV     DPTR,#GenericApp_TaskID
   \   000033   E0           MOVX    A,@DPTR
   \   000034   F9           MOV     R1,A
   \   000035   12....       LCALL   ??osal_msg_receive?relay
   \   000038   8A..         MOV     ?V0 + 2,R2
   \   00003A   8B..         MOV     ?V0 + 3,R3
   \   00003C   AE..         MOV     R6,?V0 + 2
   \   00003E   AF..         MOV     R7,?V0 + 3
   \   000040   EE           MOV     A,R6
   \   000041   4F           ORL     A,R7
   \   000042   7003         JNZ     $+5
   \   000044   02....       LJMP    ??GenericApp_ProcessEvent_5 & 0xFFFF
   \   000047   8E82         MOV     DPL,R6
   \   000049   8F83         MOV     DPH,R7
   \   00004B   E0           MOVX    A,@DPTR
   \   00004C   14           DEC     A
   \   00004D   7003         JNZ     $+5
   \   00004F   02....       LJMP    ??GenericApp_ProcessEvent_6 & 0xFFFF
   \   000052   24E7         ADD     A,#-0x19
   \   000054   7003         JNZ     $+5
   \   000056   02....       LJMP    ??GenericApp_ProcessEvent_7 & 0xFFFF
   \   000059   245A         ADD     A,#0x5a
   \   00005B   7003         JNZ     $+5
   \   00005D   02....       LJMP    ??GenericApp_ProcessEvent_8 & 0xFFFF
   \   000060   24ED         ADD     A,#-0x13
   \   000062   70C5         JNZ     ??GenericApp_ProcessEvent_4
   \   000064   EE           MOV     A,R6
   \   000065   240C         ADD     A,#0xc
   \   000067   F582         MOV     DPL,A
   \   000069   EF           MOV     A,R7
   \   00006A   3400         ADDC    A,#0x0
   \   00006C   F583         MOV     DPH,A
   \   00006E   12....       LCALL   ?Subroutine2 & 0xFFFF
   \                     ??CrossCallReturnLabel_6:
   \   000071   12....       LCALL   ?US_SWITCH_SPARSE
   \                     `?<Jumptable for GenericApp_ProcessEvent>_0`:
   \   000074   0000         DW        0
   \   000076   0200         DW        2
   \   000078   0680         DW        32774
   \   00007A   ....         DW        ??GenericApp_ProcessEvent_9
   \   00007C   2080         DW        32800
   \   00007E   ....         DW        ??GenericApp_ProcessEvent_10
   \   000080   ....         DW        ??GenericApp_ProcessEvent_4
   \                     ??GenericApp_ProcessEvent_9:
   \   000082                ; Setup parameters for call to function ZDO_ParseEPListRsp
   \   000082   EE           MOV     A,R6
   \   000083   FA           MOV     R2,A
   \   000084   EF           MOV     A,R7
   \   000085   FB           MOV     R3,A
   \   000086   12....       LCALL   ??ZDO_ParseEPListRsp?relay
   \   000089   8A..         MOV     ?V0 + 2,R2
   \   00008B   8B..         MOV     ?V0 + 3,R3
   \   00008D   EA           MOV     A,R2
   \   00008E   45..         ORL     A,?V0 + 3
   \   000090   6097         JZ      ??GenericApp_ProcessEvent_4
   \   000092   8A82         MOV     DPL,R2
   \   000094   8B83         MOV     DPH,R3
   \   000096   E0           MOVX    A,@DPTR
   \   000097   7032         JNZ     ??GenericApp_ProcessEvent_11
   \   000099   A3           INC     DPTR
   \   00009A   A3           INC     DPTR
   \   00009B   A3           INC     DPTR
   \   00009C   E0           MOVX    A,@DPTR
   \   00009D   602C         JZ      ??GenericApp_ProcessEvent_11
   \   00009F   90....       MOV     DPTR,#GenericApp_DstAddr + 8
   \   0000A2   7402         MOV     A,#0x2
   \   0000A4   F0           MOVX    @DPTR,A
   \   0000A5   8A82         MOV     DPL,R2
   \   0000A7   8B83         MOV     DPH,R3
   \   0000A9   A3           INC     DPTR
   \   0000AA   E0           MOVX    A,@DPTR
   \   0000AB   F8           MOV     R0,A
   \   0000AC   A3           INC     DPTR
   \   0000AD   E0           MOVX    A,@DPTR
   \   0000AE   F9           MOV     R1,A
   \   0000AF   90....       MOV     DPTR,#GenericApp_DstAddr
   \   0000B2   E8           MOV     A,R0
   \   0000B3   F0           MOVX    @DPTR,A
   \   0000B4   A3           INC     DPTR
   \   0000B5   E9           MOV     A,R1
   \   0000B6   F0           MOVX    @DPTR,A
   \   0000B7   8A82         MOV     DPL,R2
   \   0000B9   8B83         MOV     DPH,R3
   \   0000BB   A3           INC     DPTR
   \   0000BC   A3           INC     DPTR
   \   0000BD   A3           INC     DPTR
   \   0000BE   A3           INC     DPTR
   \   0000BF   E0           MOVX    A,@DPTR
   \   0000C0   90....       MOV     DPTR,#GenericApp_DstAddr + 9
   \   0000C3   F0           MOVX    @DPTR,A
   \   0000C4                ; Setup parameters for call to function HalLedSet
   \   0000C4   7A01         MOV     R2,#0x1
   \   0000C6   7908         MOV     R1,#0x8
   \   0000C8   12....       LCALL   ??HalLedSet?relay
   \                     ??GenericApp_ProcessEvent_11:
   \   0000CB                ; Setup parameters for call to function osal_mem_free
   \   0000CB   AA..         MOV     R2,?V0 + 2
   \   0000CD   AB..         MOV     R3,?V0 + 3
   \   0000CF   12....       LCALL   ??osal_mem_free?relay
   \   0000D2   02....       LJMP    ??GenericApp_ProcessEvent_4 & 0xFFFF
   \                     ??GenericApp_ProcessEvent_10:
   \   0000D5   EE           MOV     A,R6
   \   0000D6   2413         ADD     A,#0x13
   \   0000D8   F582         MOV     DPL,A
   \   0000DA   EF           MOV     A,R7
   \   0000DB   3400         ADDC    A,#0x0
   \   0000DD   F583         MOV     DPH,A
   \   0000DF   E0           MOVX    A,@DPTR
   \   0000E0   F8           MOV     R0,A
   \   0000E1   A3           INC     DPTR
   \   0000E2   E0           MOVX    A,@DPTR
   \   0000E3   F583         MOV     DPH,A
   \   0000E5   8882         MOV     DPL,R0
   \   0000E7   E0           MOVX    A,@DPTR
   \   0000E8   7007         JNZ     ??GenericApp_ProcessEvent_12
   \   0000EA                ; Setup parameters for call to function HalLedSet
   \   0000EA   7A01         MOV     R2,#0x1
   \                     ??GenericApp_ProcessEvent_13:
   \   0000EC   7908         MOV     R1,#0x8
   \   0000EE   02....       LJMP    ??GenericApp_ProcessEvent_3 & 0xFFFF
   \                     ??GenericApp_ProcessEvent_12:
   \   0000F1                ; Setup parameters for call to function HalLedSet
   \   0000F1   7A04         MOV     R2,#0x4
   \   0000F3   80F7         SJMP    ??GenericApp_ProcessEvent_13
   \                     ??GenericApp_ProcessEvent_8:
   \   0000F5                ; Setup parameters for call to function GenericApp_HandleKeys
   \   0000F5   A3           INC     DPTR
   \   0000F6   A3           INC     DPTR
   \   0000F7   A3           INC     DPTR
   \   0000F8   E0           MOVX    A,@DPTR
   \   0000F9   FA           MOV     R2,A
   \   0000FA   8E82         MOV     DPL,R6
   \   0000FC   8F83         MOV     DPH,R7
   \   0000FE   A3           INC     DPTR
   \   0000FF   A3           INC     DPTR
   \   000100   E0           MOVX    A,@DPTR
   \   000101   F9           MOV     R1,A
   \   000102   12....       LCALL   ??GenericApp_HandleKeys?relay
   \   000105   02....       LJMP    ??GenericApp_ProcessEvent_4 & 0xFFFF
   \                     ??GenericApp_ProcessEvent_6:
   \   000108                ; Setup parameters for call to function HalLedBlink
   \   000108   7CE8         MOV     R4,#-0x18
   \   00010A   7D03         MOV     R5,#0x3
   \   00010C   7B05         MOV     R3,#0x5
   \   00010E   7A01         MOV     R2,#0x1
   \   000110   7901         MOV     R1,#0x1
   \   000112   12....       LCALL   ??HalLedBlink?relay
   \   000115   8E82         MOV     DPL,R6
   \   000117   8F83         MOV     DPH,R7
   \   000119   A3           INC     DPTR
   \   00011A   A3           INC     DPTR
   \   00011B   E0           MOVX    A,@DPTR
   \   00011C   F8           MOV     R0,A
   \   00011D   A3           INC     DPTR
   \   00011E   E0           MOVX    A,@DPTR
   \   00011F   F9           MOV     R1,A
   \   000120   8882         MOV     DPL,R0
   \   000122   8983         MOV     DPH,R1
   \   000124                ; Setup parameters for call to function HalUARTWrite
   \   000124   E0           MOVX    A,@DPTR
   \   000125   FC           MOV     R4,A
   \   000126   7D00         MOV     R5,#0x0
   \   000128   A3           INC     DPTR
   \   000129   AA82         MOV     R2,DPL
   \   00012B   AB83         MOV     R3,DPH
   \   00012D   7900         MOV     R1,#0x0
   \   00012F   12....       LCALL   ??HalUARTWrite?relay
   \   000132                ; Setup parameters for call to function HalUARTWrite
   \   000132   7C02         MOV     R4,#0x2
   \   000134   7D00         MOV     R5,#0x0
   \   000136   7A..         MOV     R2,#`?<Constant "\\r\\n">` & 0xff
   \   000138   7B..         MOV     R3,#(`?<Constant "\\r\\n">` >> 8) & 0xff
   \   00013A   7900         MOV     R1,#0x0
   \   00013C   12....       LCALL   ??HalUARTWrite?relay
   \   00013F   02....       LJMP    ??GenericApp_ProcessEvent_4 & 0xFFFF
   \                     ??GenericApp_ProcessEvent_7:
   \   000142   A3           INC     DPTR
   \   000143   A3           INC     DPTR
   \   000144   A3           INC     DPTR
   \   000145   A3           INC     DPTR
   \   000146   12....       LCALL   ?Subroutine2 & 0xFFFF
    341              }
   \                     ??CrossCallReturnLabel_7:
   \   000149   12....       LCALL   ?US_SWITCH_DENSE
   \                     `?<Jumptable for GenericApp_ProcessEvent>_1`:
   \   00014C   0200         DW        2
   \   00014E   02           DB        2
   \   00014F   ....         DW        ??GenericApp_ProcessEvent_4
   \   000151   ....         DW        ??GenericApp_ProcessEvent_2
   \   000153   ....         DW        ??GenericApp_ProcessEvent_14
   \   000155   ....         DW        ??GenericApp_ProcessEvent_15
   \                     ??GenericApp_ProcessEvent_15:
   \   000157   90....       MOV     DPTR,#??gcCnt
   \   00015A   12....       LCALL   ?Subroutine1 & 0xFFFF
   \                     ??CrossCallReturnLabel_4:
   \   00015D                ; Setup parameters for call to function HalUARTWrite
   \   00015D   90....       MOV     DPTR,#??gcCnt
   \   000160   12....       LCALL   ?Subroutine0 & 0xFFFF
   \                     ??CrossCallReturnLabel_1:
   \   000163   7904         MOV     R1,#0x4
   \   000165   02....       LJMP    ??GenericApp_ProcessEvent_3 & 0xFFFF
   \                     ??GenericApp_ProcessEvent_14:
   \   000168   90....       MOV     DPTR,#??bcCnt
   \   00016B   12....       LCALL   ?Subroutine1 & 0xFFFF
   \                     ??CrossCallReturnLabel_5:
   \   00016E                ; Setup parameters for call to function HalUARTWrite
   \   00016E   90....       MOV     DPTR,#??bcCnt
   \   000171   12....       LCALL   ?Subroutine0 & 0xFFFF
   \                     ??CrossCallReturnLabel_2:
   \   000174   7902         MOV     R1,#0x2
   \   000176   02....       LJMP    ??GenericApp_ProcessEvent_3 & 0xFFFF
    342          
    343              // return unprocessed events
    344              return (events ^ SYS_EVENT_MSG);
   \                     ??GenericApp_ProcessEvent_5:
   \   000179   AA..         MOV     R2,?V0 + 0
   \   00017B   E5..         MOV     A,?V0 + 1
   \   00017D   6480         XRL     A,#0x80
   \   00017F   FB           MOV     R3,A
   \   000180   02....       LJMP    ??GenericApp_ProcessEvent_16 & 0xFFFF
    345            }
    346          
    347            // Send a message out - This event is generated by a timer
    348            //  (setup in GenericApp_Init()).
    349            if ( events & GENERICAPP_SEND_MSG_EVT )
   \                     ??GenericApp_ProcessEvent_0:
   \   000183   EA           MOV     A,R2
   \   000184   A2E0         MOV     C,0xE0 /* A   */.0
   \   000186   4003         JC      $+5
   \   000188   02....       LJMP    ??GenericApp_ProcessEvent_17 & 0xFFFF
    350            {
    351              // Send "the" message
    352              GenericApp_SendTheMessage();
   \   00018B   85..82       MOV     DPL,?XSP + 0
   \   00018E   85..83       MOV     DPH,?XSP + 1
   \   000191   AC82         MOV     R4,DPL
   \   000193   AD83         MOV     R5,DPH
   \   000195   7583..       MOV     DPH,#(`?<Constant "Hello World">` >> 8) & 0xff
   \   000198   7582..       MOV     DPL,#`?<Constant "Hello World">` & 0xff
   \   00019B   740C         MOV     A,#0xc
   \   00019D   12....       LCALL   ?MOVE_LONG8_XDATA_XDATA
   \   0001A0                ; Setup parameters for call to function AF_DataRequest
   \   0001A0   75..1E       MOV     ?V0 + 2,#0x1e
   \   0001A3   78..         MOV     R0,#?V0 + 2
   \   0001A5   12....       LCALL   ?PUSH_XSTACK_I_ONE
   \   0001A8   75....       MOV     ?V0 + 2,#GenericApp_TransID & 0xff
   \   0001AB   75....       MOV     ?V0 + 3,#(GenericApp_TransID >> 8) & 0xff
   \   0001AE   78..         MOV     R0,#?V0 + 2
   \   0001B0   12....       LCALL   ?PUSH_XSTACK_I_TWO
   \   0001B3   7403         MOV     A,#0x3
   \   0001B5   12....       LCALL   ?XSTACK_DISP0_8
   \   0001B8   8582..       MOV     ?V0 + 2,DPL
   \   0001BB   8583..       MOV     ?V0 + 3,DPH
   \   0001BE   78..         MOV     R0,#?V0 + 2
   \   0001C0   12....       LCALL   ?PUSH_XSTACK_I_TWO
   \   0001C3                ; Setup parameters for call to function osal_strlen
   \   0001C3   7405         MOV     A,#0x5
   \   0001C5   12....       LCALL   ?XSTACK_DISP0_8
   \   0001C8   AA82         MOV     R2,DPL
   \   0001CA   AB83         MOV     R3,DPH
   \   0001CC   12....       LCALL   ??osal_strlen?relay
   \   0001CF   EA           MOV     A,R2
   \   0001D0   2401         ADD     A,#0x1
   \   0001D2   F5..         MOV     ?V0 + 2,A
   \   0001D4   E4           CLR     A
   \   0001D5   3400         ADDC    A,#0x0
   \   0001D7   F5..         MOV     ?V0 + 3,A
   \   0001D9   78..         MOV     R0,#?V0 + 2
   \   0001DB   12....       LCALL   ?PUSH_XSTACK_I_TWO
   \   0001DE   75..01       MOV     ?V0 + 2,#0x1
   \   0001E1   75..00       MOV     ?V0 + 3,#0x0
   \   0001E4   78..         MOV     R0,#?V0 + 2
   \   0001E6   12....       LCALL   ?PUSH_XSTACK_I_TWO
   \   0001E9   7920         MOV     R1,#0x20
   \   0001EB   7C..         MOV     R4,#GenericApp_epDesc & 0xff
   \   0001ED   7D..         MOV     R5,#(GenericApp_epDesc >> 8) & 0xff
   \   0001EF   7A..         MOV     R2,#GenericApp_DstAddr & 0xff
   \   0001F1   7B..         MOV     R3,#(GenericApp_DstAddr >> 8) & 0xff
   \   0001F3   12....       LCALL   ??AF_DataRequest?relay
   \   0001F6   7409         MOV     A,#0x9
   \   0001F8   12....       LCALL   ?DEALLOC_XSTACK8
    353          
    354              // Setup to send message again
    355              osal_start_timerEx( GenericApp_TaskID,
    356                                  GENERICAPP_SEND_MSG_EVT,
    357                                  GENERICAPP_SEND_MSG_TIMEOUT );
   \   0001FB                ; Setup parameters for call to function osal_start_timerEx
   \   0001FB   7C88         MOV     R4,#-0x78
   \   0001FD   7D13         MOV     R5,#0x13
   \   0001FF   7A01         MOV     R2,#0x1
   \   000201   7B00         MOV     R3,#0x0
   \   000203   90....       MOV     DPTR,#GenericApp_TaskID
   \   000206   E0           MOVX    A,@DPTR
   \   000207   F9           MOV     R1,A
   \   000208   12....       LCALL   ??osal_start_timerEx?relay
    358          
    359              // return unprocessed events
    360              return (events ^ GENERICAPP_SEND_MSG_EVT);
   \   00020B   E5..         MOV     A,?V0 + 0
   \   00020D   6401         XRL     A,#0x1
   \   00020F   FA           MOV     R2,A
   \   000210   AB..         MOV     R3,?V0 + 1
   \   000212   8004         SJMP    ??GenericApp_ProcessEvent_16
    361            }
    362          
    363          
    364          #if defined( IAR_ARMCM3_LM )
    365            // Receive a message from the RTOS queue
    366            if ( events & GENERICAPP_RTOS_MSG_EVT )
    367            {
    368              // Process message from RTOS queue
    369              GenericApp_ProcessRtosMessage();
    370          
    371              // return unprocessed events
    372              return (events ^ GENERICAPP_RTOS_MSG_EVT);
    373            }
    374          #endif
    375          
    376            // Discard unknown events
    377            return 0;
   \                     ??GenericApp_ProcessEvent_17:
   \   000214   7A00         MOV     R2,#0x0
   \   000216   7B00         MOV     R3,#0x0
   \                     ??GenericApp_ProcessEvent_16:
   \   000218   740C         MOV     A,#0xc
   \   00021A   12....       LCALL   ?DEALLOC_XSTACK8
   \   00021D   7F06         MOV     R7,#0x6
   \   00021F   02....       LJMP    ?BANKED_LEAVE_XDATA
    378          }

   \                                 In  segment BANKED_CODE, align 1, keep-with-next
   \                     ?Subroutine2:
   \   000000   E0           MOVX    A,@DPTR
   \   000001   F5..         MOV     ?V0 + 2,A
   \   000003   A3           INC     DPTR
   \   000004   E0           MOVX    A,@DPTR
   \   000005   F5..         MOV     ?V0 + 3,A
   \   000007   78..         MOV     R0,#?V0 + 2
   \   000009   22           RET

   \                                 In  segment BANKED_CODE, align 1, keep-with-next
   \                     ?Subroutine1:
   \   000000   E0           MOVX    A,@DPTR
   \   000001   2401         ADD     A,#0x1
   \   000003   F0           MOVX    @DPTR,A
   \   000004   A3           INC     DPTR
   \   000005   E0           MOVX    A,@DPTR
   \   000006   3400         ADDC    A,#0x0
   \   000008   F0           MOVX    @DPTR,A
   \   000009   22           RET

   \                                 In  segment BANKED_CODE, align 1, keep-with-next
   \                     ?Subroutine0:
   \   000000   E0           MOVX    A,@DPTR
   \   000001   FC           MOV     R4,A
   \   000002   A3           INC     DPTR
   \   000003   E0           MOVX    A,@DPTR
   \   000004   FD           MOV     R5,A
   \   000005   EE           MOV     A,R6
   \   000006   2422         ADD     A,#0x22
   \   000008   F582         MOV     DPL,A
   \   00000A   EF           MOV     A,R7
   \   00000B   3400         ADDC    A,#0x0
   \   00000D   F583         MOV     DPH,A
   \   00000F   E0           MOVX    A,@DPTR
   \   000010   FA           MOV     R2,A
   \   000011   A3           INC     DPTR
   \   000012   E0           MOVX    A,@DPTR
   \   000013   FB           MOV     R3,A
   \   000014   7900         MOV     R1,#0x0
   \   000016   12....       LCALL   ??HalUARTWrite?relay
   \   000019                ; Setup parameters for call to function HalLedSet
   \   000019                ; Setup parameters for call to function HalLedSet
   \   000019                ; Setup parameters for call to function HalLedSet
   \   000019   7A08         MOV     R2,#0x8
   \   00001B   22           RET
    379          
    380          /*********************************************************************
    381           * Event Generation Functions
    382           */
    383          
    384          /*********************************************************************
    385           * @fn      GenericApp_ProcessZDOMsgs()
    386           *
    387           * @brief   Process response messages
    388           *
    389           * @param   none
    390           *
    391           * @return  none
    392           */
    393          static void GenericApp_ProcessZDOMsgs( zdoIncomingMsg_t *inMsg )
    394          {
    395            switch ( inMsg->clusterID )
    396            {
    397              case End_Device_Bind_rsp:
    398                if ( ZDO_ParseBindRsp( inMsg ) == ZSuccess )
    399                {
    400                  // Light LED
    401                  HalLedSet( HAL_LED_4, HAL_LED_MODE_ON );
    402                }
    403          #if defined( BLINK_LEDS )
    404                else
    405                {
    406                  // Flash LED to show failure
    407                  HalLedSet ( HAL_LED_4, HAL_LED_MODE_FLASH );
    408                }
    409          #endif
    410                break;
    411          
    412              case Match_Desc_rsp:
    413                {
    414                  ZDO_ActiveEndpointRsp_t *pRsp = ZDO_ParseEPListRsp( inMsg );
    415                  if ( pRsp )
    416                  {
    417                    if ( pRsp->status == ZSuccess && pRsp->cnt )
    418                    {
    419                      GenericApp_DstAddr.addrMode = (afAddrMode_t)Addr16Bit;
    420                      GenericApp_DstAddr.addr.shortAddr = pRsp->nwkAddr;
    421                      // Take the first endpoint, Can be changed to search through endpoints
    422                      GenericApp_DstAddr.endPoint = pRsp->epList[0];
    423          
    424                      // Light LED
    425                      HalLedSet( HAL_LED_4, HAL_LED_MODE_ON );
    426                    }
    427                    osal_mem_free( pRsp );
    428                  }
    429                }
    430                break;
    431            }
    432          }
    433          
    434          /*********************************************************************
    435           * @fn      GenericApp_HandleKeys
    436           *
    437           * @brief   Handles all key events for this device.
    438           *
    439           * @param   shift - true if in shift/alt.
    440           * @param   keys - bit field for key events. Valid entries:
    441           *                 HAL_KEY_SW_4
    442           *                 HAL_KEY_SW_3
    443           *                 HAL_KEY_SW_2
    444           *                 HAL_KEY_SW_1
    445           *
    446           * @return  none
    447           */

   \                                 In  segment BANKED_CODE, align 1, keep-with-next
    448          static void GenericApp_HandleKeys( uint8 shift, uint8 keys )
   \                     GenericApp_HandleKeys:
    449          {
   \   000000   74F5         MOV     A,#-0xb
   \   000002   12....       LCALL   ?BANKED_ENTER_XDATA
   \   000005                ; Saved register size: 11
   \   000005                ; Auto size: 21
   \   000005   74EB         MOV     A,#-0x15
   \   000007   12....       LCALL   ?ALLOC_XSTACK8
   \   00000A   E9           MOV     A,R1
   \   00000B   FE           MOV     R6,A
   \   00000C   EA           MOV     A,R2
   \   00000D   FF           MOV     R7,A
    450            zAddrType_t dstAddr;
    451          
    452            // Shift is used to make each button/switch dual purpose.
    453            if ( shift )
   \   00000E   EE           MOV     A,R6
   \   00000F   7003         JNZ     $+5
   \   000011   02....       LJMP    ??GenericApp_HandleKeys_0 & 0xFFFF
    454            {
    455              if ( keys & HAL_KEY_SW_6 )//SW2按钮//广播按有效
   \   000014   EF           MOV     A,R7
   \   000015   A2E5         MOV     C,0xE0 /* A   */.5
   \   000017   5071         JNC     ??GenericApp_HandleKeys_1
    456              {
    457                // 亮灯 D6 ，提示广播发送
    458                HalLedBlink(HAL_LED_2,1,HAL_LED_DEFAULT_DUTY_CYCLE, HAL_LED_DEFAULT_FLASH_TIME);
   \   000019                ; Setup parameters for call to function HalLedBlink
   \   000019   7CE8         MOV     R4,#-0x18
   \   00001B   7D03         MOV     R5,#0x3
   \   00001D   7B05         MOV     R3,#0x5
   \   00001F   7A01         MOV     R2,#0x1
   \   000021   7902         MOV     R1,#0x2
   \   000023   12....       LCALL   ??HalLedBlink?relay
    459                // 发送串口数据
    460          //      HalUARTWrite(0,"hello!",6);
    461                GenericApp_AF_Broadcast(CLUSTER_BROADCAST,14,"下周考试\r\n");//广播发送
   \   000026   7408         MOV     A,#0x8
   \   000028   12....       LCALL   ?XSTACK_DISP0_8
   \   00002B   740F         MOV     A,#0xf
   \   00002D   F0           MOVX    @DPTR,A
   \   00002E   85..82       MOV     DPL,?XSP + 0
   \   000031   85..83       MOV     DPH,?XSP + 1
   \   000034   74FF         MOV     A,#-0x1
   \   000036   F0           MOVX    @DPTR,A
   \   000037   A3           INC     DPTR
   \   000038   F0           MOVX    @DPTR,A
   \   000039   7409         MOV     A,#0x9
   \   00003B   12....       LCALL   ?XSTACK_DISP0_8
   \   00003E   742C         MOV     A,#0x2c
   \   000040   F0           MOVX    @DPTR,A
   \   000041   90....       MOV     DPTR,#??transferId_1
   \   000044   12....       LCALL   ?Subroutine3 & 0xFFFF
   \                     ??CrossCallReturnLabel_8:
   \   000047   12....       LCALL   ?PUSH_XSTACK_I_ONE
   \   00004A   75....       MOV     ?V0 + 0,#??transferId_1 & 0xff
   \   00004D   75....       MOV     ?V0 + 1,#(??transferId_1 >> 8) & 0xff
   \   000050   78..         MOV     R0,#?V0 + 0
   \   000052   12....       LCALL   ?PUSH_XSTACK_I_TWO
   \   000055   75....       MOV     ?V0 + 0,#`?<Constant "\\317\\302\\326\\334\\277\\274\\312\\324\\r` & 0xff
   \   000058   75....       MOV     ?V0 + 1,#(`?<Constant "\\317\\302\\326\\334\\277\\274\\312\\324\\r` >> 8) & 0xff
   \   00005B   78..         MOV     R0,#?V0 + 0
   \   00005D   12....       LCALL   ?PUSH_XSTACK_I_TWO
   \   000060   75..0E       MOV     ?V0 + 0,#0xe
   \   000063   75..00       MOV     ?V0 + 1,#0x0
   \   000066   78..         MOV     R0,#?V0 + 0
   \   000068   12....       LCALL   ?PUSH_XSTACK_I_TWO
   \   00006B   75..03       MOV     ?V0 + 0,#0x3
   \   00006E   78..         MOV     R0,#?V0 + 0
   \   000070   12....       LCALL   ?PUSH_XSTACK_I_TWO
   \   000073   7900         MOV     R1,#0x0
   \   000075   7C..         MOV     R4,#GenericApp_epDesc & 0xff
   \   000077   7D..         MOV     R5,#(GenericApp_epDesc >> 8) & 0xff
   \   000079   7409         MOV     A,#0x9
   \   00007B   12....       LCALL   ?XSTACK_DISP0_8
   \   00007E   AA82         MOV     R2,DPL
   \   000080   AB83         MOV     R3,DPH
   \   000082   12....       LCALL   ??AF_DataRequest?relay
   \   000085   7409         MOV     A,#0x9
   \   000087   12....       LCALL   ?DEALLOC_XSTACK8
    462              }
    463              if ( keys & HAL_KEY_SW_7 )//SW1按钮//终端按有效
   \                     ??GenericApp_HandleKeys_1:
   \   00008A   EF           MOV     A,R7
   \   00008B   A2E6         MOV     C,0xE0 /* A   */.6
   \   00008D   4003         JC      $+5
   \   00008F   02....       LJMP    ??GenericApp_HandleKeys_2 & 0xFFFF
    464              {
    465                // 亮灯 D5 ，提示终端发送
    466                HalLedBlink(HAL_LED_1,1,HAL_LED_DEFAULT_DUTY_CYCLE, HAL_LED_DEFAULT_FLASH_TIME);
   \   000092                ; Setup parameters for call to function HalLedBlink
   \   000092   7CE8         MOV     R4,#-0x18
   \   000094   7D03         MOV     R5,#0x3
   \   000096   7B05         MOV     R3,#0x5
   \   000098   7A01         MOV     R2,#0x1
   \   00009A   7901         MOV     R1,#0x1
   \   00009C   12....       LCALL   ??HalLedBlink?relay
    467                // 发送串口数据
    468          //      HalUARTWrite(0,"hello!",6);
    469                GenericApp_AF_P2P(0x0000,CLUSTER_P2P,14,"Hi,yuadh\r\n");//P2P
   \   00009F   7408         MOV     A,#0x8
   \   0000A1   12....       LCALL   ?XSTACK_DISP0_8
   \   0000A4   7402         MOV     A,#0x2
   \   0000A6   F0           MOVX    @DPTR,A
   \   0000A7   85..82       MOV     DPL,?XSP + 0
   \   0000AA   85..83       MOV     DPH,?XSP + 1
   \   0000AD   E4           CLR     A
   \   0000AE   F0           MOVX    @DPTR,A
   \   0000AF   A3           INC     DPTR
   \   0000B0   F0           MOVX    @DPTR,A
   \   0000B1   7409         MOV     A,#0x9
   \   0000B3   12....       LCALL   ?XSTACK_DISP0_8
   \   0000B6   742C         MOV     A,#0x2c
   \   0000B8   F0           MOVX    @DPTR,A
   \   0000B9   90....       MOV     DPTR,#??transferId
   \   0000BC   12....       LCALL   ?Subroutine3 & 0xFFFF
   \                     ??CrossCallReturnLabel_9:
   \   0000BF   12....       LCALL   ?PUSH_XSTACK_I_ONE
   \   0000C2   75....       MOV     ?V0 + 0,#??transferId & 0xff
   \   0000C5   75....       MOV     ?V0 + 1,#(??transferId >> 8) & 0xff
   \   0000C8   78..         MOV     R0,#?V0 + 0
   \   0000CA   12....       LCALL   ?PUSH_XSTACK_I_TWO
   \   0000CD   75....       MOV     ?V0 + 0,#`?<Constant "Hi,yuadh\\r\\n">` & 0xff
   \   0000D0   75....       MOV     ?V0 + 1,#(`?<Constant "Hi,yuadh\\r\\n">` >> 8) & 0xff
   \   0000D3   78..         MOV     R0,#?V0 + 0
   \   0000D5   12....       LCALL   ?PUSH_XSTACK_I_TWO
   \   0000D8   75..0E       MOV     ?V0 + 0,#0xe
   \   0000DB   75..00       MOV     ?V0 + 1,#0x0
   \   0000DE   78..         MOV     R0,#?V0 + 0
   \   0000E0   12....       LCALL   ?PUSH_XSTACK_I_TWO
   \   0000E3   75..02       MOV     ?V0 + 0,#0x2
   \   0000E6   78..         MOV     R0,#?V0 + 0
   \   0000E8   12....       LCALL   ?PUSH_XSTACK_I_TWO
   \   0000EB   7920         MOV     R1,#0x20
   \   0000ED   7C..         MOV     R4,#GenericApp_epDesc & 0xff
   \   0000EF   7D..         MOV     R5,#(GenericApp_epDesc >> 8) & 0xff
   \   0000F1   7409         MOV     A,#0x9
   \   0000F3   12....       LCALL   ?XSTACK_DISP0_8
   \   0000F6   AA82         MOV     R2,DPL
   \   0000F8   AB83         MOV     R3,DPH
   \   0000FA   12....       LCALL   ??AF_DataRequest?relay
   \   0000FD   7409         MOV     A,#0x9
   \   0000FF   12....       LCALL   ?DEALLOC_XSTACK8
    470              }
    471              if ( keys & HAL_KEY_SW_3 )
    472              {
    473              }
    474              if ( keys & HAL_KEY_SW_4 )
    475              {
    476              }
    477            }
   \   000102   02....       LJMP    ??GenericApp_HandleKeys_2 & 0xFFFF
    478            else
    479            {
    480              if ( keys & HAL_KEY_SW_1 )
    481              {
    482                // Since SW1 isn't used for anything else in this application...
    483          #if defined( SWITCH1_BIND )
    484                // we can use SW1 to simulate SW2 for devices that only have one switch,
    485                keys |= HAL_KEY_SW_2;
    486          #elif defined( SWITCH1_MATCH )
    487                // or use SW1 to simulate SW4 for devices that only have one switch
    488                keys |= HAL_KEY_SW_4;
    489          #endif
    490              }
    491          
    492              if ( keys & HAL_KEY_SW_2 )
   \                     ??GenericApp_HandleKeys_0:
   \   000105   EF           MOV     A,R7
   \   000106   A2E1         MOV     C,0xE0 /* A   */.1
   \   000108   5069         JNC     ??GenericApp_HandleKeys_3
    493              {
    494                HalLedSet ( HAL_LED_4, HAL_LED_MODE_OFF );
   \   00010A                ; Setup parameters for call to function HalLedSet
   \   00010A   7A00         MOV     R2,#0x0
   \   00010C   7908         MOV     R1,#0x8
   \   00010E   12....       LCALL   ??HalLedSet?relay
    495          
    496                // Initiate an End Device Bind Request for the mandatory endpoint
    497                dstAddr.addrMode = Addr16Bit;
   \   000111   7414         MOV     A,#0x14
   \   000113   12....       LCALL   ?XSTACK_DISP0_8
   \   000116   7402         MOV     A,#0x2
   \   000118   F0           MOVX    @DPTR,A
    498                dstAddr.addr.shortAddr = 0x0000; // Coordinator
   \   000119   740C         MOV     A,#0xc
   \   00011B   12....       LCALL   ?XSTACK_DISP0_8
   \   00011E   E4           CLR     A
   \   00011F   F0           MOVX    @DPTR,A
   \   000120   A3           INC     DPTR
   \   000121   F0           MOVX    @DPTR,A
    499                ZDP_EndDeviceBindReq( &dstAddr, NLME_GetShortAddr(),
    500                                      GenericApp_epDesc.endPoint,
    501                                      GENERICAPP_PROFID,
    502                                      GENERICAPP_MAX_CLUSTERS, (cId_t *)GenericApp_ClusterList,
    503                                      GENERICAPP_MAX_CLUSTERS, (cId_t *)GenericApp_ClusterList,
    504                                      FALSE );
   \   000122                ; Setup parameters for call to function NLME_GetShortAddr
   \   000122   12....       LCALL   ??NLME_GetShortAddr?relay
   \   000125   8A..         MOV     ?V0 + 0,R2
   \   000127   8B..         MOV     ?V0 + 1,R3
   \   000129   AC..         MOV     R4,?V0 + 0
   \   00012B   AD..         MOV     R5,?V0 + 1
   \   00012D   75....       MOV     ?V0 + 0,#GenericApp_ClusterList & 0xff
   \   000130   75....       MOV     ?V0 + 1,#(GenericApp_ClusterList >> 8) & 0xff
   \   000133                ; Setup parameters for call to function ZDP_EndDeviceBindReq
   \   000133   75..00       MOV     ?V0 + 2,#0x0
   \   000136   78..         MOV     R0,#?V0 + 2
   \   000138   12....       LCALL   ?PUSH_XSTACK_I_ONE
   \   00013B   78..         MOV     R0,#?V0 + 0
   \   00013D   12....       LCALL   ?PUSH_XSTACK_I_TWO
   \   000140   75..04       MOV     ?V0 + 2,#0x4
   \   000143   78..         MOV     R0,#?V0 + 2
   \   000145   12....       LCALL   ?PUSH_XSTACK_I_ONE
   \   000148   78..         MOV     R0,#?V0 + 0
   \   00014A   12....       LCALL   ?PUSH_XSTACK_I_TWO
   \   00014D   75..04       MOV     ?V0 + 0,#0x4
   \   000150   78..         MOV     R0,#?V0 + 0
   \   000152   12....       LCALL   ?PUSH_XSTACK_I_ONE
   \   000155   75..0F       MOV     ?V0 + 1,#0xf
   \   000158   78..         MOV     R0,#?V0 + 0
   \   00015A   12....       LCALL   ?PUSH_XSTACK_I_TWO
   \   00015D   90....       MOV     DPTR,#GenericApp_epDesc
   \   000160   E0           MOVX    A,@DPTR
   \   000161   F9           MOV     R1,A
   \   000162   7415         MOV     A,#0x15
   \   000164   12....       LCALL   ?XSTACK_DISP0_8
   \   000167   AA82         MOV     R2,DPL
   \   000169   AB83         MOV     R3,DPH
   \   00016B   12....       LCALL   ??ZDP_EndDeviceBindReq?relay
   \   00016E   7409         MOV     A,#0x9
   \   000170   12....       LCALL   ?DEALLOC_XSTACK8
    505              }
    506          
    507              if ( keys & HAL_KEY_SW_3 )
    508              {
    509              }
    510          
    511              if ( keys & HAL_KEY_SW_4 )
   \                     ??GenericApp_HandleKeys_3:
   \   000173   EF           MOV     A,R7
   \   000174   A2E3         MOV     C,0xE0 /* A   */.3
   \   000176   505B         JNC     ??GenericApp_HandleKeys_2
    512              {
    513                HalLedSet ( HAL_LED_4, HAL_LED_MODE_OFF );
   \   000178                ; Setup parameters for call to function HalLedSet
   \   000178   7A00         MOV     R2,#0x0
   \   00017A   7908         MOV     R1,#0x8
   \   00017C   12....       LCALL   ??HalLedSet?relay
    514                // Initiate a Match Description Request (Service Discovery)
    515                dstAddr.addrMode = AddrBroadcast;
   \   00017F   7414         MOV     A,#0x14
   \   000181   12....       LCALL   ?XSTACK_DISP0_8
   \   000184   740F         MOV     A,#0xf
   \   000186   F0           MOVX    @DPTR,A
    516                dstAddr.addr.shortAddr = NWK_BROADCAST_SHORTADDR;
   \   000187   740C         MOV     A,#0xc
   \   000189   12....       LCALL   ?XSTACK_DISP0_8
   \   00018C   74FF         MOV     A,#-0x1
   \   00018E   F0           MOVX    @DPTR,A
   \   00018F   A3           INC     DPTR
   \   000190   F0           MOVX    @DPTR,A
    517                ZDP_MatchDescReq( &dstAddr, NWK_BROADCAST_SHORTADDR,
    518                                  GENERICAPP_PROFID,
    519                                  GENERICAPP_MAX_CLUSTERS, (cId_t *)GenericApp_ClusterList,
    520                                  GENERICAPP_MAX_CLUSTERS, (cId_t *)GenericApp_ClusterList,
    521                                  FALSE );
   \   000191   75....       MOV     ?V0 + 0,#GenericApp_ClusterList & 0xff
   \   000194   75....       MOV     ?V0 + 1,#(GenericApp_ClusterList >> 8) & 0xff
   \   000197                ; Setup parameters for call to function ZDP_MatchDescReq
   \   000197   75..00       MOV     ?V0 + 2,#0x0
   \   00019A   78..         MOV     R0,#?V0 + 2
   \   00019C   12....       LCALL   ?PUSH_XSTACK_I_ONE
   \   00019F   78..         MOV     R0,#?V0 + 0
   \   0001A1   12....       LCALL   ?PUSH_XSTACK_I_TWO
   \   0001A4   75..04       MOV     ?V0 + 2,#0x4
   \   0001A7   78..         MOV     R0,#?V0 + 2
   \   0001A9   12....       LCALL   ?PUSH_XSTACK_I_ONE
   \   0001AC   78..         MOV     R0,#?V0 + 0
   \   0001AE   12....       LCALL   ?PUSH_XSTACK_I_TWO
   \   0001B1   75..04       MOV     ?V0 + 0,#0x4
   \   0001B4   75..0F       MOV     ?V0 + 1,#0xf
   \   0001B7   78..         MOV     R0,#?V0 + 0
   \   0001B9   12....       LCALL   ?PUSH_XSTACK_I_TWO
   \   0001BC   7904         MOV     R1,#0x4
   \   0001BE   7CFF         MOV     R4,#-0x1
   \   0001C0   7DFF         MOV     R5,#-0x1
   \   0001C2   7414         MOV     A,#0x14
   \   0001C4   12....       LCALL   ?XSTACK_DISP0_8
   \   0001C7   AA82         MOV     R2,DPL
   \   0001C9   AB83         MOV     R3,DPH
   \   0001CB   12....       LCALL   ??ZDP_MatchDescReq?relay
   \   0001CE   7408         MOV     A,#0x8
   \   0001D0   12....       LCALL   ?DEALLOC_XSTACK8
    522              }
    523            }
    524          }
   \                     ??GenericApp_HandleKeys_2:
   \   0001D3   7415         MOV     A,#0x15
   \   0001D5   12....       LCALL   ?DEALLOC_XSTACK8
   \   0001D8   7F03         MOV     R7,#0x3
   \   0001DA   02....       LJMP    ?BANKED_LEAVE_XDATA
    525          
    526          /*********************************************************************
    527           * LOCAL FUNCTIONS
    528           */
    529          
    530          /*********************************************************************
    531           * @fn      GenericApp_MessageMSGCB
    532           *
    533           * @brief   Data message processor callback.  This function processes
    534           *          any incoming data - probably from other devices.  So, based
    535           *          on cluster ID, perform the intended action.
    536           *
    537           * @param   none
    538           *
    539           * @return  none
    540           */
    541          //static void GenericApp_MessageMSGCB( afIncomingMSGPacket_t *pkt )
    542          //{
    543          //  switch ( pkt->clusterId )
    544          //  {
    545          //    case GENERICAPP_CLUSTERID:
    546          //      // "the" message
    547          //#if defined( LCD_SUPPORTED )
    548          //      HalLcdWriteScreen( (char*)pkt->cmd.Data, "rcvd" );
    549          //#elif defined( WIN32 )
    550          //      WPRINTSTR( pkt->cmd.Data );
    551          //#endif
    552          //      break;
    553          //  }
    554          //}
    555          
    556          /*********************************************************************
    557           * @fn      GenericApp_SendTheMessage
    558           *
    559           * @brief   Send "the" message.
    560           *
    561           * @param   none
    562           *
    563           * @return  none
    564           */
    565          static void GenericApp_SendTheMessage( void )
    566          {
    567            char theMessageData[] = "Hello World";
    568          
    569            if ( AF_DataRequest( &GenericApp_DstAddr, &GenericApp_epDesc,
    570                                 GENERICAPP_CLUSTERID,
    571                                 (byte)osal_strlen( theMessageData ) + 1,
    572                                 (byte *)&theMessageData,
    573                                 &GenericApp_TransID,
    574                                 AF_DISCV_ROUTE, AF_DEFAULT_RADIUS ) == afStatus_SUCCESS )
    575            {
    576              // Successfully requested to be sent.
    577            }
    578            else
    579            {
    580              // Error occurred in request to send.
    581            }
    582          }
    583          
    584          #if defined( IAR_ARMCM3_LM )
    585          /*********************************************************************
    586           * @fn      GenericApp_ProcessRtosMessage
    587           *
    588           * @brief   Receive message from RTOS queue, send response back.
    589           *
    590           * @param   none
    591           *
    592           * @return  none
    593           */
    594          static void GenericApp_ProcessRtosMessage( void )
    595          {
    596            osalQueue_t inMsg;
    597          
    598            if ( osal_queue_receive( OsalQueue, &inMsg, 0 ) == pdPASS )
    599            {
    600              uint8 cmndId = inMsg.cmnd;
    601              uint32 counter = osal_build_uint32( inMsg.cbuf, 4 );
    602          
    603              switch ( cmndId )
    604              {
    605                case CMD_INCR:
    606                  counter += 1;  /* Increment the incoming counter */
    607                                 /* Intentionally fall through next case */
    608          
    609                case CMD_ECHO:
    610                {
    611                  userQueue_t outMsg;
    612          
    613                  outMsg.resp = RSP_CODE | cmndId;  /* Response ID */
    614                  osal_buffer_uint32( outMsg.rbuf, counter );    /* Increment counter */
    615                  osal_queue_send( UserQueue1, &outMsg, 0 );  /* Send back to UserTask */
    616                  break;
    617                }
    618          
    619                default:
    620                  break;  /* Ignore unknown command */
    621              }
    622            }
    623          }
    624          #endif
    625          
    626          /**
    627            desc:p2p通信方式
    628            uint16 destNwkAddr,//目标设备的网络地址
    629            uint16 cid,//Cluster ID，后续详细讲解
    630            uint8 len,//数据长度和数据内容
    631            uint8 *data
    632          */
    633          static void GenericApp_AF_P2P(uint16 destNwkAddr,uint16 cid,uint8 len,uint8 *data){
    634            afAddrType_t dstAddr; //寻址信息配置

   \                                 In  segment XDATA_Z, align 1, keep-with-next
    635            static uint8 transferId = 0;//传输 ID，是数据包的标识符，暂时无须理
   \                     ??transferId:
   \   000000                DS 1
   \   000001                REQUIRE __INIT_XDATA_Z
    636            /* Destination */
    637            dstAddr.addrMode = afAddr16Bit;//设置目标地址模式为 16 位网络地址，表示使用 P2P 的通信方式
    638            dstAddr.addr.shortAddr = destNwkAddr;  //目标设备网络地址
    639            dstAddr.endPoint = GENERICAPP_ENDPOINT;  //目标设备的应用端点号
    640            transferId++;
    641            AF_DataRequest( &dstAddr,
    642                            &GenericApp_epDesc,//之前创建的简单描述符
    643                            cid,
    644                            len,
    645                            data,
    646                            &transferId,
    647                            AF_DISCV_ROUTE,//进行路由扫描操作用于建立发送数据报文的通信路径，暂时无须理解
    648                            AF_DEFAULT_RADIUS);//指路由跳转级数，暂时无须理解
    649          }
    650          /**
    651            desc:广播通信
    652          
    653          */
    654          static void GenericApp_AF_Broadcast(uint16 cid,uint8 len, uint8 *data){
    655            afAddrType_t dstAddr;

   \                                 In  segment XDATA_Z, align 1, keep-with-next
    656            static uint8 transferId = 0;
   \                     ??transferId_1:
   \   000000                DS 1
   \   000001                REQUIRE __INIT_XDATA_Z
    657            /* Destination */
    658            dstAddr.addrMode = afAddrBroadcast;   // 使用广播模式
    659            dstAddr.addr.shortAddr = 0xFFFF; // 广播地址
    660            dstAddr.endPoint = GENERICAPP_ENDPOINT; // 目标设备的端点号
    661            /* Transfer id */
    662            transferId++;
    663            /* Send */
    664            AF_DataRequest(&dstAddr,
    665                           &GenericApp_epDesc,
    666                           cid,
    667                           len, data,
    668                           &transferId,
    669                           AF_TX_OPTIONS_NONE,
    670                           AF_DEFAULT_RADIUS );
    671          }
    672          
    673          /**
    674            desc：组播通信
    675            uint16 groupId,//组 ID
    676            uint16 cid,//ClusterID
    677            uint8 len, uint8 *data//数据的长度和内容
    678          */
    679          
    680          static void zclSampleSw_AF_Groupcast(uint16 groupId,uint16 cid,uint8 len, uint8 *data)
                             ^
Warning[Pe177]: function "zclSampleSw_AF_Groupcast" was declared but never
          referenced
    681          {
    682            afAddrType_t dstAddr;
    683            static uint8 transferId = 0;
    684            /* Destination */
    685            dstAddr.addrMode = afAddrGroup;// 使用组播通信模式
    686            dstAddr.addr.shortAddr = groupId;// 组 ID
    687            dstAddr.endPoint = GENERICAPP_ENDPOINT;  // 组中的设备的端点号
    688            /* Transfer id */
    689            transferId++;
    690            /* Send */
    691            AF_DataRequest(&dstAddr,
    692                           &GenericApp_epDesc,
    693                           cid,
    694                           len,
    695                           data,
    696                           &transferId,
    697                           AF_TX_OPTIONS_NONE,
    698                           AF_DEFAULT_RADIUS );
    699          }
    700          /**
    701            desc:接收到AF数据的处理函数
    702          */
    703          static void GenericApp_MessageMSGCB(afIncomingMSGPacket_t *MSGpkt)
    704          {

   \                                 In  segment XDATA_Z, align 1, keep-with-next
    705            static uint16 p2pCnt = 0;
   \                     ??p2pCnt:
   \   000000                DS 2
   \   000002                REQUIRE __INIT_XDATA_Z

   \                                 In  segment XDATA_Z, align 1, keep-with-next
    706            static uint16 bcCnt = 0;
   \                     ??bcCnt:
   \   000000                DS 2
   \   000002                REQUIRE __INIT_XDATA_Z

   \                                 In  segment XDATA_Z, align 1, keep-with-next
    707            static uint16 gcCnt = 0;
   \                     ??gcCnt:
   \   000000                DS 2
   \   000002                REQUIRE __INIT_XDATA_Z

   \                                 In  segment BANKED_CODE, align 1, keep-with-next
   \                     ?Subroutine3:
   \   000000   E0           MOVX    A,@DPTR
   \   000001   04           INC     A
   \   000002   F0           MOVX    @DPTR,A
   \   000003                ; Setup parameters for call to function AF_DataRequest
   \   000003                ; Setup parameters for call to function AF_DataRequest
   \   000003   75..1E       MOV     ?V0 + 0,#0x1e
   \   000006   78..         MOV     R0,#?V0 + 0
   \   000008   22           RET

   \                                 In  segment BANK_RELAYS, align 1
   \                     ??GenericApp_Init?relay:
   \   000000   12....       LCALL   ?BDISPATCH
   \   000003   ......       DC24    GenericApp_Init

   \                                 In  segment BANK_RELAYS, align 1
   \                     ??GenericApp_ProcessEvent?relay:
   \   000000   12....       LCALL   ?BDISPATCH
   \   000003   ......       DC24    GenericApp_ProcessEvent

   \                                 In  segment BANK_RELAYS, align 1
   \                     ??GenericApp_HandleKeys?relay:
   \   000000   12....       LCALL   ?BDISPATCH
   \   000003   ......       DC24    GenericApp_HandleKeys

   \                                 In  segment XDATA_ROM_C, align 1
   \                     `?<Constant "\\r\\n">`:
   \   000000   0D0A00       DB "\015\012"

   \                                 In  segment XDATA_ROM_C, align 1
   \                     `?<Constant "hello!">`:
   \   000000   68656C6C     DB "hello!"
   \            6F2100  

   \                                 In  segment XDATA_ROM_C, align 1
   \                     `?<Constant "\\317\\302\\326\\334\\277\\274\\312\\324\\r`:
   \   000000   CFC2D6DC     DB "\317\302\326\334\277\274\312\324\015\012"
   \            BFBCCAD4
   \            0D0A00  

   \                                 In  segment XDATA_ROM_C, align 1
   \                     `?<Constant "Hi,yuadh\\r\\n">`:
   \   000000   48692C79     DB "Hi,yuadh\015\012"
   \            75616468
   \            0D0A00  

   \                                 In  segment XDATA_ROM_C, align 1
   \                     `?<Constant "Hello World">`:
   \   000000   48656C6C     DB "Hello World"
   \            6F20576F
   \            726C6400
    708          
    709            switch( MSGpkt->clusterId )  // 判断接收到的数据包的 Cluster ID 类型
    710            {
    711              case CLUSTER_P2P:
    712                p2pCnt++;  // 接收到 P2P 数据包，进行计数
    713                           // 把接收到的数据显示在屏幕上，并翻转 LED
    714                HalUARTWrite(0,(unsigned char *)MSGpkt->cmd.Data,p2pCnt);
    715                HalLedSet(HAL_LED_1, HAL_LED_MODE_TOGGLE);
    716                break;
    717          
    718              case CLUSTER_BROADCAST:
    719                bcCnt++;  // 接收到广播数据包，进行计数
    720                HalUARTWrite(0, (unsigned char *)MSGpkt->cmd.Data,bcCnt);
    721                HalLedSet(HAL_LED_2, HAL_LED_MODE_TOGGLE);
    722                // 将得到的数据显示到串口助手上
    723                break;
    724          
    725              case CLUSTER_GROUPCAST:
    726                gcCnt++;  // 接收到组播数据包，进行计数
    727                HalUARTWrite(0,(unsigned char *)MSGpkt->cmd.Data,gcCnt);
    728                HalLedSet(HAL_LED_3, HAL_LED_MODE_TOGGLE);
    729                break;
    730              default:
    731                break;
    732            }
    733          }
    734          
    735          
    736          //串口接收服务函数
    737          //static void GenericApp_UartRxMsgs(mtOSALSerialData_t *rxpkt){
    738          //  HalUARTWrite(0,"useing",6);
    739          //  uint8 len,*UartRxBuffer = NULL;
    740          //  UartRxBuffer = rxpkt->msg;
    741          //  len = *UartRxBuffer;
    742          //  HalUARTWrite(0,UartRxBuffer+1,len);
    743          //  HalUARTWrite(0,"\r\n",2);
    744          //}
    745          /*********************************************************************
    746           */

   Maximum stack usage in bytes:

     Function                   ISTACK PSTACK XSTACK
     --------                   ------ ------ ------
     GenericApp_HandleKeys          0      0     67
       -> HalLedBlink               0      0     64
       -> AF_DataRequest            0      0     82
       -> HalLedBlink               0      0     64
       -> AF_DataRequest            0      0     82
       -> HalLedSet                 0      0     64
       -> NLME_GetShortAddr         0      0     64
       -> ZDP_EndDeviceBindReq      0      0     82
       -> HalLedSet                 0      0     64
       -> ZDP_MatchDescReq          0      0     80
     GenericApp_Init                0      0      9
       -> MT_UartInit               0      0     18
       -> MT_UartRegisterTaskID     0      0     18
       -> HalUARTWrite              0      0     18
       -> afRegister                0      0     18
       -> RegisterForKeys           0      0     18
       -> ZDO_RegisterForZDOMsg     0      0     18
       -> ZDO_RegisterForZDOMsg     0      0     18
     GenericApp_ProcessEvent        2      0     35
       -> osal_msg_receive          0      0     52
       -> HalUARTWrite              0      0     52
       -> HalLedSet                 0      0     52
       -> osal_msg_deallocate       0      0     52
       -> osal_msg_receive          0      0     52
       -> ZDO_ParseEPListRsp        0      0     52
       -> HalLedSet                 0      0     52
       -> osal_mem_free             0      0     52
       -> HalLedSet                 0      0     52
       -> HalLedSet                 0      0     52
       -> GenericApp_HandleKeys     0      0     52
       -> HalLedBlink               0      0     52
       -> HalUARTWrite              0      0     52
       -> HalUARTWrite              0      0     52
       -> HalUARTWrite              0      0     52
       -> HalLedSet                 0      0     52
       -> HalUARTWrite              0      0     52
       -> HalLedSet                 0      0     52
       -> osal_strlen               0      0     62
       -> AF_DataRequest            0      0     70
       -> osal_start_timerEx        0      0     52


   Segment part sizes:

     Function/Label                                 Bytes
     --------------                                 -----
     GenericApp_ClusterList                            8
     GenericApp_SimpleDesc                            12
     GenericApp_epDesc                                 6
     GenericApp_TaskID                                 1
     GenericApp_NwkState                               1
     GenericApp_TransID                                1
     GenericApp_DstAddr                               12
     GenericApp_Init                                 125
     GenericApp_ProcessEvent                         546
     ?Subroutine2                                     10
     ?Subroutine1                                     10
     ?Subroutine0                                     28
     GenericApp_HandleKeys                           477
     transferId                                        1
     transferId                                        1
     p2pCnt                                            2
     bcCnt                                             2
     gcCnt                                             2
     ?Subroutine3                                      9
     ??GenericApp_Init?relay                           6
     ??GenericApp_ProcessEvent?relay                   6
     ??GenericApp_HandleKeys?relay                     6
     ?<Constant "\r\n">                                3
     ?<Constant "hello!">                              7
     ?<Constant "\317\302\326\334\277\274\312\324\r   11
     ?<Constant "Hi,yuadh\r\n">                       11
     ?<Constant "Hello World">                        12

 
 1 205 bytes in segment BANKED_CODE
    18 bytes in segment BANK_RELAYS
    64 bytes in segment XDATA_ROM_C
    29 bytes in segment XDATA_Z
 
 1 223 bytes of CODE  memory
    64 bytes of CONST memory
    29 bytes of XDATA memory

Errors: none
Warnings: 2
