###############################################################################
#                                                                             #
# IAR C/C++ Compiler V8.10.1.40194/W32 for 8051         24/May/2022  17:43:58 #
# Copyright 2004-2011 IAR Systems AB.                                         #
#                                                                             #
#    Core               =  plain                                              #
#    Code model         =  banked                                             #
#    Data model         =  large                                              #
#    Calling convention =  xdata reentrant                                    #
#    Constant location  =  data_rom                                           #
#    Dptr setup         =  1,16                                               #
#    Source file        =  C:\Texas Instruments\ZStack-CC2530-2.5.1a\Projects #
#                          \zstack\Samples\GenericApp\Source\GenericApp.c     #
#    Command line       =  -f "C:\Texas Instruments\ZStack-CC2530-2.5.1a\Proj #
#                          ects\zstack\Samples\GenericApp\CC2530DB\..\..\..\T #
#                          ools\CC2530DB\f8wEndev.cfg" (-DCPU32MHZ            #
#                          -DROOT=__near_func -DMAC_CFG_TX_DATA_MAX=3         #
#                          -DMAC_CFG_TX_MAX=6 -DMAC_CFG_RX_MAX=3) -f          #
#                          "C:\Texas Instruments\ZStack-CC2530-2.5.1a\Project #
#                          s\zstack\Samples\GenericApp\CC2530DB\..\..\..\Tool #
#                          s\CC2530DB\f8wConfig.cfg" (-DZIGBEEPRO -DSECURE=0  #
#                          -DZG_SECURE_DYNAMIC=0 -DREFLECTOR                  #
#                          -DDEFAULT_CHANLIST=0x00000800                      #
#                          -DZDAPP_CONFIG_PAN_ID=0xFFFF                       #
#                          -DNWK_START_DELAY=100 -DEXTENDED_JOINING_RANDOM_MA #
#                          SK=0x007F -DBEACON_REQUEST_DELAY=100               #
#                          -DBEACON_REQ_DELAY_MASK=0x00FF                     #
#                          -DLINK_STATUS_JITTER_MASK=0x007F                   #
#                          -DROUTE_EXPIRY_TIME=30 -DAPSC_ACK_WAIT_DURATION_PO #
#                          LLED=3000 -DNWK_INDIRECT_MSG_TIMEOUT=7             #
#                          -DMAX_RREQ_ENTRIES=8 -DAPSC_MAX_FRAME_RETRIES=3    #
#                          -DNWK_MAX_DATA_RETRIES=2                           #
#                          -DMAX_POLL_FAILURE_RETRIES=2 -DMAX_BCAST=9         #
#                          -DAPS_MAX_GROUPS=16 -DMAX_RTG_ENTRIES=40           #
#                          -DNWK_MAX_BINDING_ENTRIES=4                        #
#                          -DMAX_BINDING_CLUSTER_IDS=4 "-DDEFAULT_KEY={0x01,  #
#                          0x03, 0x05, 0x07, 0x09, 0x0B, 0x0D, 0x0F, 0x00,    #
#                          0x02, 0x04, 0x06, 0x08, 0x0A, 0x0C, 0x0D}"         #
#                          -DMAC_MAX_FRAME_SIZE=116                           #
#                          -DZDNWKMGR_MIN_TRANSMISSIONS=20 "-DCONST=const     #
#                          __code" -DGENERIC=__generic                        #
#                          -DRFD_RCVC_ALWAYS_ON=FALSE -DPOLL_RATE=1000        #
#                          -DQUEUED_POLL_RATE=100 -DRESPONSE_POLL_RATE=100)   #
#                          -DREJOIN_POLL_RATE=440 "C:\Texas                   #
#                          Instruments\ZStack-CC2530-2.5.1a\Projects\zstack\S #
#                          amples\GenericApp\Source\GenericApp.c" -D          #
#                          NWK_AUTO_POLL -D ZTOOL_P1 -D MT_TASK -D            #
#                          MT_SYS_FUNC -D MT_ZDO_FUNC -D LCD_SUPPORTED=DEBUG  #
#                          -D xPOWER_SAVING -lC "C:\Texas                     #
#                          Instruments\ZStack-CC2530-2.5.1a\Projects\zstack\S #
#                          amples\GenericApp\CC2530DB\EndDeviceEB\List\" -lA  #
#                          "C:\Texas Instruments\ZStack-CC2530-2.5.1a\Project #
#                          s\zstack\Samples\GenericApp\CC2530DB\EndDeviceEB\L #
#                          ist\" --diag_suppress Pe001,Pa010 -o "C:\Texas     #
#                          Instruments\ZStack-CC2530-2.5.1a\Projects\zstack\S #
#                          amples\GenericApp\CC2530DB\EndDeviceEB\Obj\" -e    #
#                          --no_code_motion --debug --core=plain --dptr=16,1  #
#                          --data_model=large --code_model=banked             #
#                          --calling_convention=xdata_reentrant               #
#                          --place_constants=data_rom --nr_virtual_regs 16    #
#                          -I "C:\Texas Instruments\ZStack-CC2530-2.5.1a\Proj #
#                          ects\zstack\Samples\GenericApp\CC2530DB\" -I       #
#                          "C:\Texas Instruments\ZStack-CC2530-2.5.1a\Project #
#                          s\zstack\Samples\GenericApp\CC2530DB\..\Source\"   #
#                          -I "C:\Texas Instruments\ZStack-CC2530-2.5.1a\Proj #
#                          ects\zstack\Samples\GenericApp\CC2530DB\..\..\..\Z #
#                          Main\TI2530DB\" -I "C:\Texas                       #
#                          Instruments\ZStack-CC2530-2.5.1a\Projects\zstack\S #
#                          amples\GenericApp\CC2530DB\..\..\..\..\..\Componen #
#                          ts\hal\include\" -I "C:\Texas                      #
#                          Instruments\ZStack-CC2530-2.5.1a\Projects\zstack\S #
#                          amples\GenericApp\CC2530DB\..\..\..\..\..\Componen #
#                          ts\hal\target\CC2530EB\" -I "C:\Texas              #
#                          Instruments\ZStack-CC2530-2.5.1a\Projects\zstack\S #
#                          amples\GenericApp\CC2530DB\..\..\..\..\..\Componen #
#                          ts\mac\include\" -I "C:\Texas                      #
#                          Instruments\ZStack-CC2530-2.5.1a\Projects\zstack\S #
#                          amples\GenericApp\CC2530DB\..\..\..\..\..\Componen #
#                          ts\mac\high_level\" -I "C:\Texas                   #
#                          Instruments\ZStack-CC2530-2.5.1a\Projects\zstack\S #
#                          amples\GenericApp\CC2530DB\..\..\..\..\..\Componen #
#                          ts\mac\low_level\srf04\" -I "C:\Texas              #
#                          Instruments\ZStack-CC2530-2.5.1a\Projects\zstack\S #
#                          amples\GenericApp\CC2530DB\..\..\..\..\..\Componen #
#                          ts\mac\low_level\srf04\single_chip\" -I "C:\Texas  #
#                          Instruments\ZStack-CC2530-2.5.1a\Projects\zstack\S #
#                          amples\GenericApp\CC2530DB\..\..\..\..\..\Componen #
#                          ts\mt\" -I "C:\Texas Instruments\ZStack-CC2530-2.5 #
#                          .1a\Projects\zstack\Samples\GenericApp\CC2530DB\.. #
#                          \..\..\..\..\Components\osal\include\" -I          #
#                          "C:\Texas Instruments\ZStack-CC2530-2.5.1a\Project #
#                          s\zstack\Samples\GenericApp\CC2530DB\..\..\..\..\. #
#                          .\Components\services\saddr\" -I "C:\Texas         #
#                          Instruments\ZStack-CC2530-2.5.1a\Projects\zstack\S #
#                          amples\GenericApp\CC2530DB\..\..\..\..\..\Componen #
#                          ts\services\sdata\" -I "C:\Texas                   #
#                          Instruments\ZStack-CC2530-2.5.1a\Projects\zstack\S #
#                          amples\GenericApp\CC2530DB\..\..\..\..\..\Componen #
#                          ts\stack\af\" -I "C:\Texas                         #
#                          Instruments\ZStack-CC2530-2.5.1a\Projects\zstack\S #
#                          amples\GenericApp\CC2530DB\..\..\..\..\..\Componen #
#                          ts\stack\nwk\" -I "C:\Texas                        #
#                          Instruments\ZStack-CC2530-2.5.1a\Projects\zstack\S #
#                          amples\GenericApp\CC2530DB\..\..\..\..\..\Componen #
#                          ts\stack\sapi\" -I "C:\Texas                       #
#                          Instruments\ZStack-CC2530-2.5.1a\Projects\zstack\S #
#                          amples\GenericApp\CC2530DB\..\..\..\..\..\Componen #
#                          ts\stack\sec\" -I "C:\Texas                        #
#                          Instruments\ZStack-CC2530-2.5.1a\Projects\zstack\S #
#                          amples\GenericApp\CC2530DB\..\..\..\..\..\Componen #
#                          ts\stack\sys\" -I "C:\Texas                        #
#                          Instruments\ZStack-CC2530-2.5.1a\Projects\zstack\S #
#                          amples\GenericApp\CC2530DB\..\..\..\..\..\Componen #
#                          ts\stack\zdo\" -I "C:\Texas                        #
#                          Instruments\ZStack-CC2530-2.5.1a\Projects\zstack\S #
#                          amples\GenericApp\CC2530DB\..\..\..\..\..\Componen #
#                          ts\zmac\" -I "C:\Texas Instruments\ZStack-CC2530-2 #
#                          .5.1a\Projects\zstack\Samples\GenericApp\CC2530DB\ #
#                          ..\..\..\..\..\Components\zmac\f8w\" -Ohz          #
#    List file          =  C:\Texas Instruments\ZStack-CC2530-2.5.1a\Projects #
#                          \zstack\Samples\GenericApp\CC2530DB\EndDeviceEB\Li #
#                          st\GenericApp.lst                                  #
#    Object file        =  C:\Texas Instruments\ZStack-CC2530-2.5.1a\Projects #
#                          \zstack\Samples\GenericApp\CC2530DB\EndDeviceEB\Ob #
#                          j\GenericApp.r51                                   #
#                                                                             #
#                                                                             #
###############################################################################

C:\Texas Instruments\ZStack-CC2530-2.5.1a\Projects\zstack\Samples\GenericApp\Source\GenericApp.c
      1          /******************************************************************************
      2            Filename:       GenericApp.c
      3            Revised:        $Date: 2012-03-07 01:04:58 -0800 (Wed, 07 Mar 2012) $
      4            Revision:       $Revision: 29656 $
      5          
      6            Description:    Generic Application (no Profile).
      7          
      8          
      9            Copyright 2004-2012 Texas Instruments Incorporated. All rights reserved.
     10          
     11            IMPORTANT: Your use of this Software is limited to those specific rights
     12            granted under the terms of a software license agreement between the user
     13            who downloaded the software, his/her employer (which must be your employer)
     14            and Texas Instruments Incorporated (the "License"). You may not use this
     15            Software unless you agree to abide by the terms of the License. The License
     16            limits your use, and you acknowledge, that the Software may not be modified,
     17            copied or distributed unless embedded on a Texas Instruments microcontroller
     18            or used solely and exclusively in conjunction with a Texas Instruments radio
     19            frequency transceiver, which is integrated into your product. Other than for
     20            the foregoing purpose, you may not use, reproduce, copy, prepare derivative
     21            works of, modify, distribute, perform, display or sell this Software and/or
     22            its documentation for any purpose.
     23          
     24            YOU FURTHER ACKNOWLEDGE AND AGREE THAT THE SOFTWARE AND DOCUMENTATION ARE
     25            PROVIDED “AS IS?WITHOUT WARRANTY OF ANY KIND, EITHER EXPRESS OR IMPLIED,
     26            INCLUDING WITHOUT LIMITATION, ANY WARRANTY OF MERCHANTABILITY, TITLE,
     27            NON-INFRINGEMENT AND FITNESS FOR A PARTICULAR PURPOSE. IN NO EVENT SHALL
     28            TEXAS INSTRUMENTS OR ITS LICENSORS BE LIABLE OR OBLIGATED UNDER CONTRACT,
     29            NEGLIGENCE, STRICT LIABILITY, CONTRIBUTION, BREACH OF WARRANTY, OR OTHER
     30            LEGAL EQUITABLE THEORY ANY DIRECT OR INDIRECT DAMAGES OR EXPENSES
     31            INCLUDING BUT NOT LIMITED TO ANY INCIDENTAL, SPECIAL, INDIRECT, PUNITIVE
     32            OR CONSEQUENTIAL DAMAGES, LOST PROFITS OR LOST DATA, COST OF PROCUREMENT
     33            OF SUBSTITUTE GOODS, TECHNOLOGY, SERVICES, OR ANY CLAIMS BY THIRD PARTIES
     34            (INCLUDING BUT NOT LIMITED TO ANY DEFENSE THEREOF), OR OTHER SIMILAR COSTS.
     35          
     36            Should you have any questions regarding your right to use this Software,
     37            contact Texas Instruments Incorporated at www.TI.com.
     38          ******************************************************************************/
     39          
     40          /*********************************************************************
     41            This application isn't intended to do anything useful, it is
     42            intended to be a simple example of an application's structure.
     43          
     44            This application sends "Hello World" to another "Generic"
     45            application every 5 seconds.  The application will also
     46            receives "Hello World" packets.
     47          
     48            The "Hello World" messages are sent/received as MSG type message.
     49          
     50            This applications doesn't have a profile, so it handles everything
     51            directly - itself.
     52          
     53            Key control:
     54              SW1:
     55              SW2:  initiates end device binding
     56              SW3:
     57              SW4:  initiates a match description request
     58          *********************************************************************/
     59          
     60          /*********************************************************************
     61           * INCLUDES
     62           */
     63          #include "OSAL.h"
     64          #include "AF.h"
     65          #include "ZDApp.h"
     66          #include "ZDObject.h"
     67          #include "ZDProfile.h"
     68          
     69          #include "GenericApp.h"
     70          #include "DebugTrace.h"
     71          
     72          #if !defined( WIN32 )
     73            #include "OnBoard.h"

   \                                 In  segment SFR_AN, at 0x90
   \   union <unnamed> volatile __sfr _A_P1
   \                     _A_P1:
   \   000000                DS 1
     74          #endif
     75          
     76          /* HAL */
     77          #include "hal_lcd.h"
     78          #include "hal_led.h"
     79          #include "hal_key.h"
     80          #include "hal_uart.h"
     81          #include "init.h"
     82          /* RTOS */
     83          #if defined( IAR_ARMCM3_LM )
     84          #include "RTOS_App.h"
     85          #endif
     86          
     87          /*********************************************************************
     88           * MACROS
     89           */
     90          
     91          /*********************************************************************
     92           * CONSTANTS
     93           */
     94          
     95          /*********************************************************************
     96           * TYPEDEFS
     97           */
     98          
     99          /*********************************************************************
    100           * GLOBAL VARIABLES
    101           */
    102          // This list should be filled with Application specific Cluster IDs.

   \                                 In  segment XDATA_ROM_C, align 1
    103          const cId_t GenericApp_ClusterList[GENERICAPP_MAX_CLUSTERS] =
   \                     GenericApp_ClusterList:
   \   000000   0100         DW 1
    104          {
    105            GENERICAPP_CLUSTERID
    106          };
    107          

   \                                 In  segment XDATA_ROM_C, align 1
    108          const SimpleDescriptionFormat_t GenericApp_SimpleDesc =
   \                     GenericApp_SimpleDesc:
   \   000000   0A           DB 10
   \   000001   040F         DW 3844
   \   000003   0100         DW 1
   \   000005   00           DB 0
   \   000006   01           DB 1
   \   000007   ....         DW GenericApp_ClusterList
   \   000009   01           DB 1
   \   00000A   ....         DW GenericApp_ClusterList
    109          {
    110            GENERICAPP_ENDPOINT,              //  int Endpoint;
    111            GENERICAPP_PROFID,                //  uint16 AppProfId[2];
    112            GENERICAPP_DEVICEID,              //  uint16 AppDeviceId[2];
    113            GENERICAPP_DEVICE_VERSION,        //  int   AppDevVer:4;
    114            GENERICAPP_FLAGS,                 //  int   AppFlags:4;
    115            GENERICAPP_MAX_CLUSTERS,          //  byte  AppNumInClusters;
    116            (cId_t *)GenericApp_ClusterList,  //  byte *pAppInClusterList;
    117            GENERICAPP_MAX_CLUSTERS,          //  byte  AppNumInClusters;
    118            (cId_t *)GenericApp_ClusterList   //  byte *pAppInClusterList;
    119          };
    120          
    121          // This is the Endpoint/Interface description.  It is defined here, but
    122          // filled-in in GenericApp_Init().  Another way to go would be to fill
    123          // in the structure here and make it a "const" (in code space).  The
    124          // way it's defined in this sample app it is define in RAM.

   \                                 In  segment XDATA_Z, align 1, keep-with-next
    125          endPointDesc_t GenericApp_epDesc;
   \                     GenericApp_epDesc:
   \   000000                DS 6
   \   000006                REQUIRE __INIT_XDATA_Z
    126          
    127          /*********************************************************************
    128           * EXTERNAL VARIABLES
    129           */
    130          
    131          /*********************************************************************
    132           * EXTERNAL FUNCTIONS
    133           */
    134          
    135          /*********************************************************************
    136           * LOCAL VARIABLES
    137           */

   \                                 In  segment XDATA_Z, align 1, keep-with-next
    138          byte GenericApp_TaskID;   // Task ID for internal task/event processing
   \                     GenericApp_TaskID:
   \   000000                DS 1
   \   000001                REQUIRE __INIT_XDATA_Z
    139                                    // This variable will be received when
    140                                    // GenericApp_Init() is called.

   \                                 In  segment XDATA_Z, align 1, keep-with-next
    141          devStates_t GenericApp_NwkState;
   \                     GenericApp_NwkState:
   \   000000                DS 1
   \   000001                REQUIRE __INIT_XDATA_Z
    142          
    143          

   \                                 In  segment XDATA_Z, align 1, keep-with-next
    144          byte GenericApp_TransID;  // This is the unique message ID (counter)
   \                     GenericApp_TransID:
   \   000000                DS 1
   \   000001                REQUIRE __INIT_XDATA_Z
    145          

   \                                 In  segment XDATA_Z, align 1, keep-with-next
    146          afAddrType_t GenericApp_DstAddr;
   \                     GenericApp_DstAddr:
   \   000000                DS 12
   \   00000C                REQUIRE __INIT_XDATA_Z
    147          
    148          /*********************************************************************
    149           * LOCAL FUNCTIONS
    150           */
    151          static void GenericApp_ProcessZDOMsgs( zdoIncomingMsg_t *inMsg );
    152          static void GenericApp_HandleKeys( byte shift, byte keys );
    153          static void GenericApp_MessageMSGCB( afIncomingMSGPacket_t *pckt );
    154          static void GenericApp_SendTheMessage( void );
    155          
    156          #if defined( IAR_ARMCM3_LM )
    157          static void GenericApp_ProcessRtosMessage( void );
    158          #endif
    159          
    160          /*********************************************************************
    161           * NETWORK LAYER CALLBACKS
    162           */
    163          
    164          /*********************************************************************
    165           * PUBLIC FUNCTIONS
    166           */
    167          
    168          /*********************************************************************
    169           * @fn      GenericApp_Init
    170           *
    171           * @brief   Initialization function for the Generic App Task.
    172           *          This is called during initialization and should contain
    173           *          any application specific initialization (ie. hardware
    174           *          initialization/setup, table initialization, power up
    175           *          notificaiton ... ).
    176           *
    177           * @param   task_id - the ID assigned by OSAL.  This ID should be
    178           *                    used to send messages and set timers.
    179           *
    180           * @return  none
    181           */

   \                                 In  segment BANKED_CODE, align 1, keep-with-next
    182          void GenericApp_Init( uint8 task_id )
   \                     GenericApp_Init:
    183          {
   \   000000   74F7         MOV     A,#-0x9
   \   000002   12....       LCALL   ?BANKED_ENTER_XDATA
   \   000005                ; Saved register size: 9
   \   000005                ; Auto size: 0
   \   000005   E9           MOV     A,R1
    184            GenericApp_TaskID = task_id;
   \   000006   90....       MOV     DPTR,#GenericApp_TaskID
   \   000009   F0           MOVX    @DPTR,A
    185            GenericApp_NwkState = DEV_INIT;
   \   00000A   90....       MOV     DPTR,#GenericApp_NwkState
   \   00000D   7401         MOV     A,#0x1
   \   00000F   F0           MOVX    @DPTR,A
    186            GenericApp_TransID = 0;
   \   000010   90....       MOV     DPTR,#GenericApp_TransID
   \   000013   E4           CLR     A
   \   000014   F0           MOVX    @DPTR,A
    187          
    188            // Device hardware initialization can be added here or in main() (Zmain.c).
    189            // If the hardware is application specific - add it here.
    190            // If the hardware is other parts of the device add it in main().
    191          
    192            GenericApp_DstAddr.addrMode = (afAddrMode_t)AddrNotPresent;
   \   000015   90....       MOV     DPTR,#GenericApp_DstAddr + 8
   \   000018   F0           MOVX    @DPTR,A
    193            GenericApp_DstAddr.endPoint = 0;
   \   000019   A3           INC     DPTR
   \   00001A   F0           MOVX    @DPTR,A
    194            GenericApp_DstAddr.addr.shortAddr = 0;
   \   00001B   90....       MOV     DPTR,#GenericApp_DstAddr
   \   00001E   F0           MOVX    @DPTR,A
   \   00001F   A3           INC     DPTR
   \   000020   F0           MOVX    @DPTR,A
    195          
    196            // Fill out the endpoint description.
    197            GenericApp_epDesc.endPoint = GENERICAPP_ENDPOINT;
   \   000021   90....       MOV     DPTR,#GenericApp_epDesc
   \   000024   740A         MOV     A,#0xa
   \   000026   F0           MOVX    @DPTR,A
    198            GenericApp_epDesc.task_id = &GenericApp_TaskID;
   \   000027   A3           INC     DPTR
   \   000028   74..         MOV     A,#GenericApp_TaskID & 0xff
   \   00002A   F0           MOVX    @DPTR,A
   \   00002B   A3           INC     DPTR
   \   00002C   74..         MOV     A,#(GenericApp_TaskID >> 8) & 0xff
   \   00002E   F0           MOVX    @DPTR,A
    199            GenericApp_epDesc.simpleDesc
    200                      = (SimpleDescriptionFormat_t *)&GenericApp_SimpleDesc;
   \   00002F   A3           INC     DPTR
   \   000030   74..         MOV     A,#GenericApp_SimpleDesc & 0xff
   \   000032   F0           MOVX    @DPTR,A
   \   000033   A3           INC     DPTR
   \   000034   74..         MOV     A,#(GenericApp_SimpleDesc >> 8) & 0xff
   \   000036   F0           MOVX    @DPTR,A
    201            GenericApp_epDesc.latencyReq = noLatencyReqs;
   \   000037   A3           INC     DPTR
   \   000038   E4           CLR     A
   \   000039   F0           MOVX    @DPTR,A
    202          
    203            // Register the endpoint description with the AF
    204            afRegister( &GenericApp_epDesc );
   \   00003A                ; Setup parameters for call to function afRegister
   \   00003A   7A..         MOV     R2,#GenericApp_epDesc & 0xff
   \   00003C   7B..         MOV     R3,#(GenericApp_epDesc >> 8) & 0xff
   \   00003E   12....       LCALL   ??afRegister?relay
    205          
    206            // Register for all key events - This app will handle all key events
    207            RegisterForKeys( GenericApp_TaskID );
   \   000041                ; Setup parameters for call to function RegisterForKeys
   \   000041   90....       MOV     DPTR,#GenericApp_TaskID
   \   000044   E0           MOVX    A,@DPTR
   \   000045   F9           MOV     R1,A
   \   000046   12....       LCALL   ??RegisterForKeys?relay
    208          
    209            // Update the display
    210          #if defined ( LCD_SUPPORTED )
    211            HalLcdWriteString( "GenericApp", HAL_LCD_LINE_1 );
   \   000049                ; Setup parameters for call to function HalLcdWriteString
   \   000049   7901         MOV     R1,#0x1
   \   00004B   7A..         MOV     R2,#`?<Constant "GenericApp">` & 0xff
   \   00004D   7B..         MOV     R3,#(`?<Constant "GenericApp">` >> 8) & 0xff
   \   00004F   12....       LCALL   ??HalLcdWriteString?relay
    212          #endif
    213          
    214            ZDO_RegisterForZDOMsg( GenericApp_TaskID, End_Device_Bind_rsp );
   \   000052                ; Setup parameters for call to function ZDO_RegisterForZDOMsg
   \   000052   7A20         MOV     R2,#0x20
   \   000054   7B80         MOV     R3,#-0x80
   \   000056   90....       MOV     DPTR,#GenericApp_TaskID
   \   000059   E0           MOVX    A,@DPTR
   \   00005A   F9           MOV     R1,A
   \   00005B   12....       LCALL   ??ZDO_RegisterForZDOMsg?relay
    215            ZDO_RegisterForZDOMsg( GenericApp_TaskID, Match_Desc_rsp );
   \   00005E                ; Setup parameters for call to function ZDO_RegisterForZDOMsg
   \   00005E   7A06         MOV     R2,#0x6
   \   000060   7B80         MOV     R3,#-0x80
   \   000062   90....       MOV     DPTR,#GenericApp_TaskID
   \   000065   E0           MOVX    A,@DPTR
   \   000066   F9           MOV     R1,A
   \   000067   12....       LCALL   ??ZDO_RegisterForZDOMsg?relay
    216          
    217          #if defined( IAR_ARMCM3_LM )
    218            // Register this task with RTOS task initiator
    219            RTOS_RegisterApp( task_id, GENERICAPP_RTOS_MSG_EVT );
    220          #endif
    221          }
   \   00006A   7F01         MOV     R7,#0x1
   \   00006C   02....       LJMP    ?BANKED_LEAVE_XDATA
    222          
    223          /*********************************************************************
    224           * @fn      GenericApp_ProcessEvent
    225           *
    226           * @brief   Generic Application Task event processor.  This function
    227           *          is called to process all events for the task.  Events
    228           *          include timers, messages and any other user defined events.
    229           *
    230           * @param   task_id  - The OSAL assigned task ID.
    231           * @param   events - events to process.  This is a bit map and can
    232           *                   contain more than one event.
    233           *
    234           * @return  none
    235           */

   \                                 In  segment BANKED_CODE, align 1, keep-with-next
    236          uint16 GenericApp_ProcessEvent( uint8 task_id, uint16 events )
   \                     GenericApp_ProcessEvent:
    237          {
   \   000000   74F2         MOV     A,#-0xe
   \   000002   12....       LCALL   ?BANKED_ENTER_XDATA
   \   000005                ; Saved register size: 14
   \   000005                ; Auto size: 21
   \   000005   74EB         MOV     A,#-0x15
   \   000007   12....       LCALL   ?ALLOC_XSTACK8
   \   00000A   8A..         MOV     ?V0 + 0,R2
   \   00000C   8B..         MOV     ?V0 + 1,R3
    238            afIncomingMSGPacket_t *MSGpkt;
    239            afDataConfirm_t *afDataConfirm;
    240          
    241            // Data Confirmation message fields
    242            byte sentEP;
    243            ZStatus_t sentStatus;
    244            byte sentTransID;       // This should match the value sent
    245            (void)task_id;  // Intentionally unreferenced parameter
    246          
    247            if ( events & SYS_EVENT_MSG )
   \   00000E   EB           MOV     A,R3
   \   00000F   5480         ANL     A,#0x80
   \   000011   7003         JNZ     $+5
   \   000013   02....       LJMP    ??GenericApp_ProcessEvent_0 & 0xFFFF
    248            {
    249              MSGpkt = (afIncomingMSGPacket_t *)osal_msg_receive( GenericApp_TaskID );
   \   000016                ; Setup parameters for call to function osal_msg_receive
   \   000016   800E         SJMP    ??GenericApp_ProcessEvent_1
    250              while ( MSGpkt )
    251              {
    252                switch ( MSGpkt->hdr.event )
    253                {
    254                  case ZDO_CB_MSG:
    255                    GenericApp_ProcessZDOMsgs( (zdoIncomingMsg_t *)MSGpkt );
    256                    break;
    257          
    258                  case KEY_CHANGE:
    259                    GenericApp_HandleKeys( ((keyChange_t *)MSGpkt)->state, ((keyChange_t *)MSGpkt)->keys );
    260                    break;
    261          
    262                  case AF_DATA_CONFIRM_CMD:
    263                    // This message is received as a confirmation of a data packet sent.
    264                    // The status is of ZStatus_t type [defined in ZComDef.h]
    265                    // The message fields are defined in AF.h
    266                    afDataConfirm = (afDataConfirm_t *)MSGpkt;
    267                    sentEP = afDataConfirm->endpoint;
    268                    sentStatus = afDataConfirm->hdr.status;
    269                    sentTransID = afDataConfirm->transID;
    270                    (void)sentEP;
    271                    (void)sentTransID;
    272          
    273                    // Action taken when confirmation is received.
    274                    if ( sentStatus != ZSuccess )
    275                    {
    276                      // The data wasn't delivered -- Do something
    277                    }
    278                    break;
    279          
    280                  case AF_INCOMING_MSG_CMD:
    281                    GenericApp_MessageMSGCB( MSGpkt );
    282                    break;
    283          
    284                  case ZDO_STATE_CHANGE:
    285                    GenericApp_NwkState = (devStates_t)(MSGpkt->hdr.status);
    286          //          if ( (GenericApp_NwkState == DEV_ZB_COORD)
    287          //              || (GenericApp_NwkState == DEV_ROUTER)
    288          //              || (GenericApp_NwkState == DEV_END_DEVICE) )
    289          //          {
    290          //            // Start sending "the" message in a regular interval.
    291          //            osal_start_timerEx( GenericApp_TaskID,
    292          //                                GENERICAPP_SEND_MSG_EVT,
    293          //                                GENERICAPP_SEND_MSG_TIMEOUT );
    294          //          }
    295                    if(GenericApp_NwkState == DEV_ZB_COORD){
    296                      D3 = 1;
    297                    }else if(GenericApp_NwkState == DEV_ROUTER){
    298                      D4 = 1;
    299                    }else if(GenericApp_NwkState == DEV_END_DEVICE){
   \                     ??GenericApp_ProcessEvent_2:
   \   000018   E0           MOVX    A,@DPTR
   \   000019   6406         XRL     A,#0x6
   \   00001B   7002         JNZ     ??GenericApp_ProcessEvent_3
    300                      D5 = 1;
   \   00001D   D293         SETB    0x90.3
    301                    }
    302                    break;
    303          
    304                  default:
    305                    break;
    306                }
    307          
    308                // Release the memory
    309                osal_msg_deallocate( (uint8 *)MSGpkt );
   \                     ??GenericApp_ProcessEvent_3:
   \   00001F                ; Setup parameters for call to function osal_msg_deallocate
   \   00001F   EE           MOV     A,R6
   \   000020   FA           MOV     R2,A
   \   000021   EF           MOV     A,R7
   \   000022   FB           MOV     R3,A
   \   000023   12....       LCALL   ??osal_msg_deallocate?relay
    310          
    311                // Next
    312                MSGpkt = (afIncomingMSGPacket_t *)osal_msg_receive( GenericApp_TaskID );
   \   000026                ; Setup parameters for call to function osal_msg_receive
   \                     ??GenericApp_ProcessEvent_1:
   \   000026   90....       MOV     DPTR,#GenericApp_TaskID
   \   000029   E0           MOVX    A,@DPTR
   \   00002A   F9           MOV     R1,A
   \   00002B   12....       LCALL   ??osal_msg_receive?relay
   \   00002E   8A..         MOV     ?V0 + 2,R2
   \   000030   8B..         MOV     ?V0 + 3,R3
   \   000032   AE..         MOV     R6,?V0 + 2
   \   000034   AF..         MOV     R7,?V0 + 3
   \   000036   EE           MOV     A,R6
   \   000037   4F           ORL     A,R7
   \   000038   7003         JNZ     $+5
   \   00003A   02....       LJMP    ??GenericApp_ProcessEvent_4 & 0xFFFF
   \   00003D   8E82         MOV     DPL,R6
   \   00003F   8F83         MOV     DPH,R7
   \   000041   E0           MOVX    A,@DPTR
   \   000042   24E6         ADD     A,#-0x1a
   \   000044   7003         JNZ     $+5
   \   000046   02....       LJMP    ??GenericApp_ProcessEvent_5 & 0xFFFF
   \   000049   245A         ADD     A,#0x5a
   \   00004B   7003         JNZ     $+5
   \   00004D   02....       LJMP    ??GenericApp_ProcessEvent_6 & 0xFFFF
   \   000050   24EF         ADD     A,#-0x11
   \   000052   7003         JNZ     $+5
   \   000054   02....       LJMP    ??GenericApp_ProcessEvent_7 & 0xFFFF
   \   000057   24FE         ADD     A,#-0x2
   \   000059   70C4         JNZ     ??GenericApp_ProcessEvent_3
   \   00005B   EE           MOV     A,R6
   \   00005C   240C         ADD     A,#0xc
   \   00005E   F582         MOV     DPL,A
   \   000060   EF           MOV     A,R7
   \   000061   3400         ADDC    A,#0x0
   \   000063   F583         MOV     DPH,A
   \   000065   E0           MOVX    A,@DPTR
   \   000066   F5..         MOV     ?V0 + 2,A
   \   000068   A3           INC     DPTR
   \   000069   E0           MOVX    A,@DPTR
   \   00006A   F5..         MOV     ?V0 + 3,A
   \   00006C   78..         MOV     R0,#?V0 + 2
   \   00006E   12....       LCALL   ?US_SWITCH_SPARSE
   \                     `?<Jumptable for GenericApp_ProcessEvent>_0`:
   \   000071   0000         DW        0
   \   000073   0200         DW        2
   \   000075   0680         DW        32774
   \   000077   ....         DW        ??GenericApp_ProcessEvent_8
   \   000079   2080         DW        32800
   \   00007B   ....         DW        ??GenericApp_ProcessEvent_9
   \   00007D   ....         DW        ??GenericApp_ProcessEvent_3
   \                     ??GenericApp_ProcessEvent_8:
   \   00007F                ; Setup parameters for call to function ZDO_ParseEPListRsp
   \   00007F   EE           MOV     A,R6
   \   000080   FA           MOV     R2,A
   \   000081   EF           MOV     A,R7
   \   000082   FB           MOV     R3,A
   \   000083   12....       LCALL   ??ZDO_ParseEPListRsp?relay
   \   000086   8A..         MOV     ?V0 + 2,R2
   \   000088   8B..         MOV     ?V0 + 3,R3
   \   00008A   EA           MOV     A,R2
   \   00008B   45..         ORL     A,?V0 + 3
   \   00008D   6090         JZ      ??GenericApp_ProcessEvent_3
   \   00008F   8A82         MOV     DPL,R2
   \   000091   8B83         MOV     DPH,R3
   \   000093   E0           MOVX    A,@DPTR
   \   000094   7032         JNZ     ??GenericApp_ProcessEvent_10
   \   000096   A3           INC     DPTR
   \   000097   A3           INC     DPTR
   \   000098   A3           INC     DPTR
   \   000099   E0           MOVX    A,@DPTR
   \   00009A   602C         JZ      ??GenericApp_ProcessEvent_10
   \   00009C   90....       MOV     DPTR,#GenericApp_DstAddr + 8
   \   00009F   7402         MOV     A,#0x2
   \   0000A1   F0           MOVX    @DPTR,A
   \   0000A2   8A82         MOV     DPL,R2
   \   0000A4   8B83         MOV     DPH,R3
   \   0000A6   A3           INC     DPTR
   \   0000A7   E0           MOVX    A,@DPTR
   \   0000A8   F8           MOV     R0,A
   \   0000A9   A3           INC     DPTR
   \   0000AA   E0           MOVX    A,@DPTR
   \   0000AB   F9           MOV     R1,A
   \   0000AC   90....       MOV     DPTR,#GenericApp_DstAddr
   \   0000AF   E8           MOV     A,R0
   \   0000B0   F0           MOVX    @DPTR,A
   \   0000B1   A3           INC     DPTR
   \   0000B2   E9           MOV     A,R1
   \   0000B3   F0           MOVX    @DPTR,A
   \   0000B4   8A82         MOV     DPL,R2
   \   0000B6   8B83         MOV     DPH,R3
   \   0000B8   A3           INC     DPTR
   \   0000B9   A3           INC     DPTR
   \   0000BA   A3           INC     DPTR
   \   0000BB   A3           INC     DPTR
   \   0000BC   E0           MOVX    A,@DPTR
   \   0000BD   90....       MOV     DPTR,#GenericApp_DstAddr + 9
   \   0000C0   F0           MOVX    @DPTR,A
   \   0000C1                ; Setup parameters for call to function HalLedSet
   \   0000C1   7A01         MOV     R2,#0x1
   \   0000C3   7908         MOV     R1,#0x8
   \   0000C5   12....       LCALL   ??HalLedSet?relay
   \                     ??GenericApp_ProcessEvent_10:
   \   0000C8                ; Setup parameters for call to function osal_mem_free
   \   0000C8   AA..         MOV     R2,?V0 + 2
   \   0000CA   AB..         MOV     R3,?V0 + 3
   \   0000CC   12....       LCALL   ??osal_mem_free?relay
   \   0000CF   02....       LJMP    ??GenericApp_ProcessEvent_3 & 0xFFFF
   \                     ??GenericApp_ProcessEvent_9:
   \   0000D2   EE           MOV     A,R6
   \   0000D3   2413         ADD     A,#0x13
   \   0000D5   F582         MOV     DPL,A
   \   0000D7   EF           MOV     A,R7
   \   0000D8   3400         ADDC    A,#0x0
   \   0000DA   F583         MOV     DPH,A
   \   0000DC   E0           MOVX    A,@DPTR
   \   0000DD   F8           MOV     R0,A
   \   0000DE   A3           INC     DPTR
   \   0000DF   E0           MOVX    A,@DPTR
   \   0000E0   F583         MOV     DPH,A
   \   0000E2   8882         MOV     DPL,R0
   \   0000E4   E0           MOVX    A,@DPTR
   \   0000E5   700A         JNZ     ??GenericApp_ProcessEvent_11
   \   0000E7                ; Setup parameters for call to function HalLedSet
   \   0000E7   7A01         MOV     R2,#0x1
   \                     ??GenericApp_ProcessEvent_12:
   \   0000E9   7908         MOV     R1,#0x8
   \   0000EB   12....       LCALL   ??HalLedSet?relay
   \   0000EE   02....       LJMP    ??GenericApp_ProcessEvent_3 & 0xFFFF
   \                     ??GenericApp_ProcessEvent_11:
   \   0000F1                ; Setup parameters for call to function HalLedSet
   \   0000F1   7A04         MOV     R2,#0x4
   \   0000F3   80F4         SJMP    ??GenericApp_ProcessEvent_12
   \                     ??GenericApp_ProcessEvent_6:
   \   0000F5   A3           INC     DPTR
   \   0000F6   A3           INC     DPTR
   \   0000F7   A3           INC     DPTR
   \   0000F8   E0           MOVX    A,@DPTR
   \   0000F9   F5..         MOV     ?V0 + 4,A
   \   0000FB   8E82         MOV     DPL,R6
   \   0000FD   8F83         MOV     DPH,R7
   \   0000FF   A3           INC     DPTR
   \   000100   A3           INC     DPTR
   \   000101   E0           MOVX    A,@DPTR
   \   000102   6003         JZ      $+5
   \   000104   02....       LJMP    ??GenericApp_ProcessEvent_3 & 0xFFFF
   \   000107   E5..         MOV     A,?V0 + 4
   \   000109   A2E1         MOV     C,0xE0 /* A   */.1
   \   00010B   506D         JNC     ??GenericApp_ProcessEvent_13
   \   00010D                ; Setup parameters for call to function HalLedSet
   \   00010D   7A00         MOV     R2,#0x0
   \   00010F   7908         MOV     R1,#0x8
   \   000111   12....       LCALL   ??HalLedSet?relay
   \   000114   7408         MOV     A,#0x8
   \   000116   12....       LCALL   ?XSTACK_DISP0_8
   \   000119   7402         MOV     A,#0x2
   \   00011B   F0           MOVX    @DPTR,A
   \   00011C   85..82       MOV     DPL,?XSP + 0
   \   00011F   85..83       MOV     DPH,?XSP + 1
   \   000122   E4           CLR     A
   \   000123   F0           MOVX    @DPTR,A
   \   000124   A3           INC     DPTR
   \   000125   F0           MOVX    @DPTR,A
   \   000126                ; Setup parameters for call to function NLME_GetShortAddr
   \   000126   12....       LCALL   ??NLME_GetShortAddr?relay
   \   000129   8A..         MOV     ?V0 + 2,R2
   \   00012B   8B..         MOV     ?V0 + 3,R3
   \   00012D   AC..         MOV     R4,?V0 + 2
   \   00012F   AD..         MOV     R5,?V0 + 3
   \   000131   75....       MOV     ?V0 + 2,#GenericApp_ClusterList & 0xff
   \   000134   75....       MOV     ?V0 + 3,#(GenericApp_ClusterList >> 8) & 0xff
   \   000137                ; Setup parameters for call to function ZDP_EndDeviceBindReq
   \   000137   75..00       MOV     ?V0 + 5,#0x0
   \   00013A   78..         MOV     R0,#?V0 + 5
   \   00013C   12....       LCALL   ?PUSH_XSTACK_I_ONE
   \   00013F   78..         MOV     R0,#?V0 + 2
   \   000141   12....       LCALL   ?PUSH_XSTACK_I_TWO
   \   000144   75..01       MOV     ?V0 + 5,#0x1
   \   000147   78..         MOV     R0,#?V0 + 5
   \   000149   12....       LCALL   ?PUSH_XSTACK_I_ONE
   \   00014C   78..         MOV     R0,#?V0 + 2
   \   00014E   12....       LCALL   ?PUSH_XSTACK_I_TWO
   \   000151   75..01       MOV     ?V0 + 2,#0x1
   \   000154   78..         MOV     R0,#?V0 + 2
   \   000156   12....       LCALL   ?PUSH_XSTACK_I_ONE
   \   000159   75..04       MOV     ?V0 + 2,#0x4
   \   00015C   75..0F       MOV     ?V0 + 3,#0xf
   \   00015F   78..         MOV     R0,#?V0 + 2
   \   000161   12....       LCALL   ?PUSH_XSTACK_I_TWO
   \   000164   90....       MOV     DPTR,#GenericApp_epDesc
   \   000167   E0           MOVX    A,@DPTR
   \   000168   F9           MOV     R1,A
   \   000169   7409         MOV     A,#0x9
   \   00016B   12....       LCALL   ?XSTACK_DISP0_8
   \   00016E   AA82         MOV     R2,DPL
   \   000170   AB83         MOV     R3,DPH
   \   000172   12....       LCALL   ??ZDP_EndDeviceBindReq?relay
   \   000175   7409         MOV     A,#0x9
   \   000177   12....       LCALL   ?DEALLOC_XSTACK8
   \                     ??GenericApp_ProcessEvent_13:
   \   00017A   E5..         MOV     A,?V0 + 4
   \   00017C   A2E3         MOV     C,0xE0 /* A   */.3
   \   00017E   4003         JC      $+5
   \   000180   02....       LJMP    ??GenericApp_ProcessEvent_3 & 0xFFFF
   \   000183                ; Setup parameters for call to function HalLedSet
   \   000183   7A00         MOV     R2,#0x0
   \   000185   7908         MOV     R1,#0x8
   \   000187   12....       LCALL   ??HalLedSet?relay
   \   00018A   7408         MOV     A,#0x8
   \   00018C   12....       LCALL   ?XSTACK_DISP0_8
   \   00018F   740F         MOV     A,#0xf
   \   000191   F0           MOVX    @DPTR,A
   \   000192   85..82       MOV     DPL,?XSP + 0
   \   000195   85..83       MOV     DPH,?XSP + 1
   \   000198   74FF         MOV     A,#-0x1
   \   00019A   F0           MOVX    @DPTR,A
   \   00019B   A3           INC     DPTR
   \   00019C   F0           MOVX    @DPTR,A
   \   00019D   75....       MOV     ?V0 + 2,#GenericApp_ClusterList & 0xff
   \   0001A0   75....       MOV     ?V0 + 3,#(GenericApp_ClusterList >> 8) & 0xff
   \   0001A3                ; Setup parameters for call to function ZDP_MatchDescReq
   \   0001A3   75..00       MOV     ?V0 + 4,#0x0
   \   0001A6   78..         MOV     R0,#?V0 + 4
   \   0001A8   12....       LCALL   ?PUSH_XSTACK_I_ONE
   \   0001AB   78..         MOV     R0,#?V0 + 2
   \   0001AD   12....       LCALL   ?PUSH_XSTACK_I_TWO
   \   0001B0   75..01       MOV     ?V0 + 4,#0x1
   \   0001B3   78..         MOV     R0,#?V0 + 4
   \   0001B5   12....       LCALL   ?PUSH_XSTACK_I_ONE
   \   0001B8   78..         MOV     R0,#?V0 + 2
   \   0001BA   12....       LCALL   ?PUSH_XSTACK_I_TWO
   \   0001BD   75..04       MOV     ?V0 + 2,#0x4
   \   0001C0   75..0F       MOV     ?V0 + 3,#0xf
   \   0001C3   78..         MOV     R0,#?V0 + 2
   \   0001C5   12....       LCALL   ?PUSH_XSTACK_I_TWO
   \   0001C8   7901         MOV     R1,#0x1
   \   0001CA   7CFF         MOV     R4,#-0x1
   \   0001CC   7DFF         MOV     R5,#-0x1
   \   0001CE   7408         MOV     A,#0x8
   \   0001D0   12....       LCALL   ?XSTACK_DISP0_8
   \   0001D3   AA82         MOV     R2,DPL
   \   0001D5   AB83         MOV     R3,DPH
   \   0001D7   12....       LCALL   ??ZDP_MatchDescReq?relay
   \   0001DA   7408         MOV     A,#0x8
   \   0001DC   12....       LCALL   ?DEALLOC_XSTACK8
   \   0001DF   02....       LJMP    ??GenericApp_ProcessEvent_3 & 0xFFFF
   \                     ??GenericApp_ProcessEvent_5:
   \   0001E2   A3           INC     DPTR
   \   0001E3   A3           INC     DPTR
   \   0001E4   A3           INC     DPTR
   \   0001E5   A3           INC     DPTR
   \   0001E6   E0           MOVX    A,@DPTR
   \   0001E7   6401         XRL     A,#0x1
   \   0001E9   7002         JNZ     ??GenericApp_ProcessEvent_14
   \   0001EB   A3           INC     DPTR
   \   0001EC   E0           MOVX    A,@DPTR
   \                     ??GenericApp_ProcessEvent_14:
   \   0001ED   6003         JZ      $+5
   \   0001EF   02....       LJMP    ??GenericApp_ProcessEvent_3 & 0xFFFF
   \   0001F2                ; Setup parameters for call to function HalLcdWriteScreen
   \   0001F2   7C..         MOV     R4,#`?<Constant "rcvd">` & 0xff
   \   0001F4   7D..         MOV     R5,#(`?<Constant "rcvd">` >> 8) & 0xff
   \   0001F6   EE           MOV     A,R6
   \   0001F7   2422         ADD     A,#0x22
   \   0001F9   F582         MOV     DPL,A
   \   0001FB   EF           MOV     A,R7
   \   0001FC   3400         ADDC    A,#0x0
   \   0001FE   F583         MOV     DPH,A
   \   000200   E0           MOVX    A,@DPTR
   \   000201   FA           MOV     R2,A
   \   000202   A3           INC     DPTR
   \   000203   E0           MOVX    A,@DPTR
   \   000204   FB           MOV     R3,A
   \   000205   12....       LCALL   ??HalLcdWriteScreen?relay
   \   000208   02....       LJMP    ??GenericApp_ProcessEvent_3 & 0xFFFF
   \                     ??GenericApp_ProcessEvent_7:
   \   00020B   A3           INC     DPTR
   \   00020C   E0           MOVX    A,@DPTR
   \   00020D   90....       MOV     DPTR,#GenericApp_NwkState
   \   000210   F0           MOVX    @DPTR,A
   \   000211   6409         XRL     A,#0x9
   \   000213   7005         JNZ     ??GenericApp_ProcessEvent_15
   \   000215   D290         SETB    0x90.0
   \   000217   02....       LJMP    ??GenericApp_ProcessEvent_3 & 0xFFFF
   \                     ??GenericApp_ProcessEvent_15:
   \   00021A   E0           MOVX    A,@DPTR
   \   00021B   6407         XRL     A,#0x7
   \   00021D   6003         JZ      $+5
   \   00021F   02....       LJMP    ??GenericApp_ProcessEvent_2 & 0xFFFF
   \   000222   D291         SETB    0x90.1
   \   000224   02....       LJMP    ??GenericApp_ProcessEvent_3 & 0xFFFF
    313              }
    314          
    315              // return unprocessed events
    316              return (events ^ SYS_EVENT_MSG);
   \                     ??GenericApp_ProcessEvent_4:
   \   000227   AA..         MOV     R2,?V0 + 0
   \   000229   E5..         MOV     A,?V0 + 1
   \   00022B   6480         XRL     A,#0x80
   \   00022D   FB           MOV     R3,A
   \   00022E   02....       LJMP    ??GenericApp_ProcessEvent_16 & 0xFFFF
    317            }
    318          
    319            // Send a message out - This event is generated by a timer
    320            //  (setup in GenericApp_Init()).
    321            if ( events & GENERICAPP_SEND_MSG_EVT )
   \                     ??GenericApp_ProcessEvent_0:
   \   000231   EA           MOV     A,R2
   \   000232   A2E0         MOV     C,0xE0 /* A   */.0
   \   000234   4003         JC      $+5
   \   000236   02....       LJMP    ??GenericApp_ProcessEvent_17 & 0xFFFF
    322            {
    323              // Send "the" message
    324              GenericApp_SendTheMessage();
   \   000239   90....       MOV     DPTR,#`?<Constant "Hello World">`
   \   00023C   C082         PUSH    DPL
   \   00023E   7409         MOV     A,#0x9
   \   000240   12....       LCALL   ?XSTACK_DISP0_8
   \   000243   AC82         MOV     R4,DPL
   \   000245   AD83         MOV     R5,DPH
   \   000247   7583..       MOV     DPH,#(`?<Constant "Hello World">` >> 8) & 0xff
   \   00024A   D082         POP     DPL
   \   00024C   740C         MOV     A,#0xc
   \   00024E   12....       LCALL   ?MOVE_LONG8_XDATA_XDATA
   \   000251                ; Setup parameters for call to function AF_DataRequest
   \   000251   75..1E       MOV     ?V0 + 2,#0x1e
   \   000254   78..         MOV     R0,#?V0 + 2
   \   000256   12....       LCALL   ?PUSH_XSTACK_I_ONE
   \   000259   75....       MOV     ?V0 + 2,#GenericApp_TransID & 0xff
   \   00025C   75....       MOV     ?V0 + 3,#(GenericApp_TransID >> 8) & 0xff
   \   00025F   78..         MOV     R0,#?V0 + 2
   \   000261   12....       LCALL   ?PUSH_XSTACK_I_TWO
   \   000264   740C         MOV     A,#0xc
   \   000266   12....       LCALL   ?XSTACK_DISP0_8
   \   000269   8582..       MOV     ?V0 + 2,DPL
   \   00026C   8583..       MOV     ?V0 + 3,DPH
   \   00026F   78..         MOV     R0,#?V0 + 2
   \   000271   12....       LCALL   ?PUSH_XSTACK_I_TWO
   \   000274                ; Setup parameters for call to function osal_strlen
   \   000274   740E         MOV     A,#0xe
   \   000276   12....       LCALL   ?XSTACK_DISP0_8
   \   000279   AA82         MOV     R2,DPL
   \   00027B   AB83         MOV     R3,DPH
   \   00027D   12....       LCALL   ??osal_strlen?relay
   \   000280   EA           MOV     A,R2
   \   000281   2401         ADD     A,#0x1
   \   000283   F5..         MOV     ?V0 + 2,A
   \   000285   E4           CLR     A
   \   000286   3400         ADDC    A,#0x0
   \   000288   F5..         MOV     ?V0 + 3,A
   \   00028A   78..         MOV     R0,#?V0 + 2
   \   00028C   12....       LCALL   ?PUSH_XSTACK_I_TWO
   \   00028F   75..01       MOV     ?V0 + 2,#0x1
   \   000292   75..00       MOV     ?V0 + 3,#0x0
   \   000295   78..         MOV     R0,#?V0 + 2
   \   000297   12....       LCALL   ?PUSH_XSTACK_I_TWO
   \   00029A   7920         MOV     R1,#0x20
   \   00029C   7C..         MOV     R4,#GenericApp_epDesc & 0xff
   \   00029E   7D..         MOV     R5,#(GenericApp_epDesc >> 8) & 0xff
   \   0002A0   7A..         MOV     R2,#GenericApp_DstAddr & 0xff
   \   0002A2   7B..         MOV     R3,#(GenericApp_DstAddr >> 8) & 0xff
   \   0002A4   12....       LCALL   ??AF_DataRequest?relay
   \   0002A7   7409         MOV     A,#0x9
   \   0002A9   12....       LCALL   ?DEALLOC_XSTACK8
    325          
    326              // Setup to send message again
    327              osal_start_timerEx( GenericApp_TaskID,
    328                                  GENERICAPP_SEND_MSG_EVT,
    329                                  GENERICAPP_SEND_MSG_TIMEOUT );
   \   0002AC                ; Setup parameters for call to function osal_start_timerEx
   \   0002AC   7C88         MOV     R4,#-0x78
   \   0002AE   7D13         MOV     R5,#0x13
   \   0002B0   7A01         MOV     R2,#0x1
   \   0002B2   7B00         MOV     R3,#0x0
   \   0002B4   90....       MOV     DPTR,#GenericApp_TaskID
   \   0002B7   E0           MOVX    A,@DPTR
   \   0002B8   F9           MOV     R1,A
   \   0002B9   12....       LCALL   ??osal_start_timerEx?relay
    330          
    331              // return unprocessed events
    332              return (events ^ GENERICAPP_SEND_MSG_EVT);
   \   0002BC   E5..         MOV     A,?V0 + 0
   \   0002BE   6401         XRL     A,#0x1
   \   0002C0   FA           MOV     R2,A
   \   0002C1   AB..         MOV     R3,?V0 + 1
   \   0002C3   8004         SJMP    ??GenericApp_ProcessEvent_16
    333            }
    334          
    335          
    336          #if defined( IAR_ARMCM3_LM )
    337            // Receive a message from the RTOS queue
    338            if ( events & GENERICAPP_RTOS_MSG_EVT )
    339            {
    340              // Process message from RTOS queue
    341              GenericApp_ProcessRtosMessage();
    342          
    343              // return unprocessed events
    344              return (events ^ GENERICAPP_RTOS_MSG_EVT);
    345            }
    346          #endif
    347          
    348            // Discard unknown events
    349            return 0;
   \                     ??GenericApp_ProcessEvent_17:
   \   0002C5   7A00         MOV     R2,#0x0
   \   0002C7   7B00         MOV     R3,#0x0
   \                     ??GenericApp_ProcessEvent_16:
   \   0002C9   7415         MOV     A,#0x15
   \   0002CB   12....       LCALL   ?DEALLOC_XSTACK8
   \   0002CE   7F06         MOV     R7,#0x6
   \   0002D0   02....       LJMP    ?BANKED_LEAVE_XDATA
   \   0002D3                REQUIRE _A_P1
    350          }

   \                                 In  segment BANK_RELAYS, align 1
   \                     ??GenericApp_Init?relay:
   \   000000   12....       LCALL   ?BDISPATCH
   \   000003   ......       DC24    GenericApp_Init

   \                                 In  segment BANK_RELAYS, align 1
   \                     ??GenericApp_ProcessEvent?relay:
   \   000000   12....       LCALL   ?BDISPATCH
   \   000003   ......       DC24    GenericApp_ProcessEvent

   \                                 In  segment XDATA_ROM_C, align 1
   \                     `?<Constant "GenericApp">`:
   \   000000   47656E65     DB "GenericApp"
   \            72696341
   \            707000  

   \                                 In  segment XDATA_ROM_C, align 1
   \                     `?<Constant "rcvd">`:
   \   000000   72637664     DB "rcvd"
   \            00      

   \                                 In  segment XDATA_ROM_C, align 1
   \                     `?<Constant "Hello World">`:
   \   000000   48656C6C     DB "Hello World"
   \            6F20576F
   \            726C6400
    351          
    352          /*********************************************************************
    353           * Event Generation Functions
    354           */
    355          
    356          /*********************************************************************
    357           * @fn      GenericApp_ProcessZDOMsgs()
    358           *
    359           * @brief   Process response messages
    360           *
    361           * @param   none
    362           *
    363           * @return  none
    364           */
    365          static void GenericApp_ProcessZDOMsgs( zdoIncomingMsg_t *inMsg )
    366          {
    367            switch ( inMsg->clusterID )
    368            {
    369              case End_Device_Bind_rsp:
    370                if ( ZDO_ParseBindRsp( inMsg ) == ZSuccess )
    371                {
    372                  // Light LED
    373                  HalLedSet( HAL_LED_4, HAL_LED_MODE_ON );
    374                }
    375          #if defined( BLINK_LEDS )
    376                else
    377                {
    378                  // Flash LED to show failure
    379                  HalLedSet ( HAL_LED_4, HAL_LED_MODE_FLASH );
    380                }
    381          #endif
    382                break;
    383          
    384              case Match_Desc_rsp:
    385                {
    386                  ZDO_ActiveEndpointRsp_t *pRsp = ZDO_ParseEPListRsp( inMsg );
    387                  if ( pRsp )
    388                  {
    389                    if ( pRsp->status == ZSuccess && pRsp->cnt )
    390                    {
    391                      GenericApp_DstAddr.addrMode = (afAddrMode_t)Addr16Bit;
    392                      GenericApp_DstAddr.addr.shortAddr = pRsp->nwkAddr;
    393                      // Take the first endpoint, Can be changed to search through endpoints
    394                      GenericApp_DstAddr.endPoint = pRsp->epList[0];
    395          
    396                      // Light LED
    397                      HalLedSet( HAL_LED_4, HAL_LED_MODE_ON );
    398                    }
    399                    osal_mem_free( pRsp );
    400                  }
    401                }
    402                break;
    403            }
    404          }
    405          
    406          /*********************************************************************
    407           * @fn      GenericApp_HandleKeys
    408           *
    409           * @brief   Handles all key events for this device.
    410           *
    411           * @param   shift - true if in shift/alt.
    412           * @param   keys - bit field for key events. Valid entries:
    413           *                 HAL_KEY_SW_4
    414           *                 HAL_KEY_SW_3
    415           *                 HAL_KEY_SW_2
    416           *                 HAL_KEY_SW_1
    417           *
    418           * @return  none
    419           */
    420          static void GenericApp_HandleKeys( uint8 shift, uint8 keys )
    421          {
    422            zAddrType_t dstAddr;
    423          
    424            // Shift is used to make each button/switch dual purpose.
    425            if ( shift )
    426            {
    427              if ( keys & HAL_KEY_SW_1 )
    428              {
    429              }
    430              if ( keys & HAL_KEY_SW_2 )
    431              {
    432              }
    433              if ( keys & HAL_KEY_SW_3 )
    434              {
    435              }
    436              if ( keys & HAL_KEY_SW_4 )
    437              {
    438              }
    439            }
    440            else
    441            {
    442              if ( keys & HAL_KEY_SW_1 )
    443              {
    444                // Since SW1 isn't used for anything else in this application...
    445          #if defined( SWITCH1_BIND )
    446                // we can use SW1 to simulate SW2 for devices that only have one switch,
    447                keys |= HAL_KEY_SW_2;
    448          #elif defined( SWITCH1_MATCH )
    449                // or use SW1 to simulate SW4 for devices that only have one switch
    450                keys |= HAL_KEY_SW_4;
    451          #endif
    452              }
    453          
    454              if ( keys & HAL_KEY_SW_2 )
    455              {
    456                HalLedSet ( HAL_LED_4, HAL_LED_MODE_OFF );
    457          
    458                // Initiate an End Device Bind Request for the mandatory endpoint
    459                dstAddr.addrMode = Addr16Bit;
    460                dstAddr.addr.shortAddr = 0x0000; // Coordinator
    461                ZDP_EndDeviceBindReq( &dstAddr, NLME_GetShortAddr(),
    462                                      GenericApp_epDesc.endPoint,
    463                                      GENERICAPP_PROFID,
    464                                      GENERICAPP_MAX_CLUSTERS, (cId_t *)GenericApp_ClusterList,
    465                                      GENERICAPP_MAX_CLUSTERS, (cId_t *)GenericApp_ClusterList,
    466                                      FALSE );
    467              }
    468          
    469              if ( keys & HAL_KEY_SW_3 )
    470              {
    471              }
    472          
    473              if ( keys & HAL_KEY_SW_4 )
    474              {
    475                HalLedSet ( HAL_LED_4, HAL_LED_MODE_OFF );
    476                // Initiate a Match Description Request (Service Discovery)
    477                dstAddr.addrMode = AddrBroadcast;
    478                dstAddr.addr.shortAddr = NWK_BROADCAST_SHORTADDR;
    479                ZDP_MatchDescReq( &dstAddr, NWK_BROADCAST_SHORTADDR,
    480                                  GENERICAPP_PROFID,
    481                                  GENERICAPP_MAX_CLUSTERS, (cId_t *)GenericApp_ClusterList,
    482                                  GENERICAPP_MAX_CLUSTERS, (cId_t *)GenericApp_ClusterList,
    483                                  FALSE );
    484              }
    485            }
    486          }
    487          
    488          /*********************************************************************
    489           * LOCAL FUNCTIONS
    490           */
    491          
    492          /*********************************************************************
    493           * @fn      GenericApp_MessageMSGCB
    494           *
    495           * @brief   Data message processor callback.  This function processes
    496           *          any incoming data - probably from other devices.  So, based
    497           *          on cluster ID, perform the intended action.
    498           *
    499           * @param   none
    500           *
    501           * @return  none
    502           */
    503          static void GenericApp_MessageMSGCB( afIncomingMSGPacket_t *pkt )
    504          {
    505            switch ( pkt->clusterId )
    506            {
    507              case GENERICAPP_CLUSTERID:
    508                // "the" message
    509          #if defined( LCD_SUPPORTED )
    510                HalLcdWriteScreen( (char*)pkt->cmd.Data, "rcvd" );
    511          #elif defined( WIN32 )
    512                WPRINTSTR( pkt->cmd.Data );
    513          #endif
    514                break;
    515            }
    516          }
    517          
    518          /*********************************************************************
    519           * @fn      GenericApp_SendTheMessage
    520           *
    521           * @brief   Send "the" message.
    522           *
    523           * @param   none
    524           *
    525           * @return  none
    526           */
    527          static void GenericApp_SendTheMessage( void )
    528          {
    529            char theMessageData[] = "Hello World";
    530          
    531            if ( AF_DataRequest( &GenericApp_DstAddr, &GenericApp_epDesc,
    532                                 GENERICAPP_CLUSTERID,
    533                                 (byte)osal_strlen( theMessageData ) + 1,
    534                                 (byte *)&theMessageData,
    535                                 &GenericApp_TransID,
    536                                 AF_DISCV_ROUTE, AF_DEFAULT_RADIUS ) == afStatus_SUCCESS )
    537            {
    538              // Successfully requested to be sent.
    539            }
    540            else
    541            {
    542              // Error occurred in request to send.
    543            }
    544          }
    545          
    546          #if defined( IAR_ARMCM3_LM )
    547          /*********************************************************************
    548           * @fn      GenericApp_ProcessRtosMessage
    549           *
    550           * @brief   Receive message from RTOS queue, send response back.
    551           *
    552           * @param   none
    553           *
    554           * @return  none
    555           */
    556          static void GenericApp_ProcessRtosMessage( void )
    557          {
    558            osalQueue_t inMsg;
    559          
    560            if ( osal_queue_receive( OsalQueue, &inMsg, 0 ) == pdPASS )
    561            {
    562              uint8 cmndId = inMsg.cmnd;
    563              uint32 counter = osal_build_uint32( inMsg.cbuf, 4 );
    564          
    565              switch ( cmndId )
    566              {
    567                case CMD_INCR:
    568                  counter += 1;  /* Increment the incoming counter */
    569                                 /* Intentionally fall through next case */
    570          
    571                case CMD_ECHO:
    572                {
    573                  userQueue_t outMsg;
    574          
    575                  outMsg.resp = RSP_CODE | cmndId;  /* Response ID */
    576                  osal_buffer_uint32( outMsg.rbuf, counter );    /* Increment counter */
    577                  osal_queue_send( UserQueue1, &outMsg, 0 );  /* Send back to UserTask */
    578                  break;
    579                }
    580          
    581                default:
    582                  break;  /* Ignore unknown command */
    583              }
    584            }
    585          }
    586          #endif
    587          
    588          /*********************************************************************
    589           */

   Maximum stack usage in bytes:

     Function                   ISTACK PSTACK XSTACK
     --------                   ------ ------ ------
     GenericApp_Init                0      0      9
       -> afRegister                0      0     18
       -> RegisterForKeys           0      0     18
       -> HalLcdWriteString         0      0     18
       -> ZDO_RegisterForZDOMsg     0      0     18
       -> ZDO_RegisterForZDOMsg     0      0     18
     GenericApp_ProcessEvent        2      0     44
       -> osal_msg_receive          0      0     70
       -> osal_msg_deallocate       0      0     70
       -> osal_msg_receive          0      0     70
       -> ZDO_ParseEPListRsp        0      0     70
       -> HalLedSet                 0      0     70
       -> osal_mem_free             0      0     70
       -> HalLedSet                 0      0     70
       -> HalLedSet                 0      0     70
       -> HalLedSet                 0      0     70
       -> NLME_GetShortAddr         0      0     70
       -> ZDP_EndDeviceBindReq      0      0     88
       -> HalLedSet                 0      0     70
       -> ZDP_MatchDescReq          0      0     86
       -> HalLcdWriteScreen         0      0     70
       -> osal_strlen               0      0     80
       -> AF_DataRequest            0      0     88
       -> osal_start_timerEx        0      0     70


   Segment part sizes:

     Function/Label                  Bytes
     --------------                  -----
     _A_P1                              1
     GenericApp_ClusterList             2
     GenericApp_SimpleDesc             12
     GenericApp_epDesc                  6
     GenericApp_TaskID                  1
     GenericApp_NwkState                1
     GenericApp_TransID                 1
     GenericApp_DstAddr                12
     GenericApp_Init                  111
     GenericApp_ProcessEvent          723
     ??GenericApp_Init?relay            6
     ??GenericApp_ProcessEvent?relay    6
     ?<Constant "GenericApp">          11
     ?<Constant "rcvd">                 5
     ?<Constant "Hello World">         12

 
 834 bytes in segment BANKED_CODE
  12 bytes in segment BANK_RELAYS
   1 byte  in segment SFR_AN
  42 bytes in segment XDATA_ROM_C
  21 bytes in segment XDATA_Z
 
 846 bytes of CODE  memory
  42 bytes of CONST memory
   0 bytes of DATA  memory (+ 1 byte shared)
  21 bytes of XDATA memory

Errors: none
Warnings: none
